Testing `[1mkeeper_tool_read_window[0m'.
[2mThis run has ID `7KISC5LM'.

[0m  [32m[OK][0m          [36mread-line-window[0m          0   schema integer coordinates surv...
  [32m[OK][0m          [36mread-line-window[0m          1   invalid coordinates do not beco...
  [32m[OK][0m          [36mread-line-window[0m          2   non-object Read arguments are r...
  [33m[SKIP][0m        [36mread-line-window[0m          3   wire limit means lines.
  [33m[SKIP][0m        [36mread-line-window[0m          4   offset window mid file.
  [33m[SKIP][0m        [36mread-line-window[0m          5   tail window reaches EOF.
  [33m[SKIP][0m        [36mread-line-window[0m          6   byte budget cuts at line boundary.
  [33m[SKIP][0m        [36mread-line-window[0m          7   single long line stays partial ...
  [33m[SKIP][0m        [36mread-line-window[0m          8   complete lines survive scan bou...
  [33m[SKIP][0m        [36mread-line-window[0m          9   a live read cannot outrun the e...
  [33m[SKIP][0m        [36mread-line-window[0m         10   read ceiling and snapshot cap a...
  [32m[OK][0m          [36mread-line-window[0m         11   zero limit is rejected.
  [33m[SKIP][0m        [36mread-line-window[0m         12   offset past EOF returns empty.
  [33m[SKIP][0m        [36mread-line-window[0m         13   legacy max_bytes args unchanged.
  [33m[SKIP][0m        [36mread-line-window[0m         14   offset past the old prefix read...
  [32m[OK][0m          [36mread-line-window[0m         15   window offsets follow the body'...
  [33m[SKIP][0m        [36mread-line-window[0m         16   refusals of what the caller nam...

Full test results in `[36m~/me/workspace/yousleepwhen/masc-godfile-refactor-20261008/_build/_tests/keeper_tool_read_window[0m'.
[32mTest Successful[0m in 0.215s. 5 tests run.
