[2026-10-08 21:04:11] [INFO] [Workspace] MASC base: /var/folders/bv/cjrbl01x52s6j80krdfb63400000gp/T/keeper-read-window-a9fce1 (no git root found)
[2026-10-08 21:04:11] [INFO] [Workspace] Ignoring test MASC_BASE_PATH override=/var/folders/bv/cjrbl01x52s6j80krdfb63400000gp/T/keeper-read-window-bf9e64 for requested path /var/folders/bv/cjrbl01x52s6j80krdfb63400000gp/T/keeper-read-window-a9fce1
[2026-10-08 21:04:11] [INFO] [Workspace] Synchronized MASC_BASE_PATH=/var/folders/bv/cjrbl01x52s6j80krdfb63400000gp/T/keeper-read-window-a9fce1 for test executable test_keeper_tool_read_window.exe
[2026-10-08 21:04:11] [INFO] [Keeper] registry: registering keeper name=reader base_path=/var/folders/bv/cjrbl01x52s6j80krdfb63400000gp/T/keeper-read-window-a9fce1 phase=running
[33mASSERT[0m offset=99999999999999999999999999999999999 returned file content instead of rejecting: {"ok":true,"path":"/private/var/folders/bv/cjrbl01x52s6j80krdfb63400000gp/T/keeper-read-window-a9fce1/.masc/playground/docker/reader/repos/masc/sample.ml","bytes":45,"file_bytes":45,"truncated":false,"offset":1,"returned_lines":5,"content":"line-001\nline-002\nline-003\nline-004\nline-005\n"}
[31mFAIL[0m offset=99999999999999999999999999999999999 returned file content instead of rejecting: {"ok":true,"path":"/private/var/folders/bv/cjrbl01x52s6j80krdfb63400000gp/T/keeper-read-window-a9fce1/.masc/playground/docker/reader/repos/masc/sample.ml","bytes":45,"file_bytes":45,"truncated":false,"offset":1,"returned_lines":5,"content":"line-001\nline-002\nline-003\nline-004\nline-005\n"}
Raised at Alcotest_engine__Test.check_err in file "src/alcotest-engine/test.ml", line 173, characters 20-48
Called from Stdlib__List.iter in file "list.ml", line 114, characters 12-15
Called from Stdlib__List.iter in file "list.ml", line 114, characters 12-15
Called from Stdlib__List.iter in file "list.ml", line 114, characters 12-15
Called from Stdlib__Fun.protect in file "fun.ml", line 34, characters 8-15
Re-raised at Stdlib__Fun.protect in file "fun.ml", line 39, characters 6-52
Called from Stdlib__Fun.protect in file "fun.ml", line 34, characters 8-15
Re-raised at Stdlib__Fun.protect in file "fun.ml", line 39, characters 6-52
Called from Eio__core__Switch.run_internal in file "lib_eio/core/switch.ml", line 133, characters 8-12
Re-raised at Eio__core__Switch.maybe_raise_exs in file "lib_eio/core/switch.ml", line 119, characters 21-56
Called from Eio__core__Switch.run_internal in file "lib_eio/core/switch.ml", line 149, characters 4-21
Called from Eio__core__Cancel.with_cc in file "lib_eio/core/cancel.ml", line 118, characters 8-12
Re-raised at Eio__core__Cancel.with_cc in file "lib_eio/core/cancel.ml", line 120, characters 50-58
Called from Eio_posix__Sched.with_op in file "lib_eio_posix/sched.ml", line 318, characters 8-12
Re-raised at Eio_posix__Sched.with_op in file "lib_eio_posix/sched.ml", line 324, characters 4-12
Called from Eio_posix__Sched.run.(fun) in file "lib_eio_posix/sched.ml", line 386, characters 29-47
Called from Eio_unix__Thread_pool.run in file "lib_eio/unix/thread_pool.ml", line 108, characters 8-13
Re-raised at Eio_unix__Thread_pool.run in file "lib_eio/unix/thread_pool.ml", line 113, characters 4-39
Re-raised at Eio_posix__Sched.run.fork.(fun) in file "lib_eio_posix/sched.ml", line 342, characters 12-76
Called from Stdlib__Fun.protect in file "fun.ml", line 34, characters 8-15
Re-raised at Stdlib__Fun.protect in file "fun.ml", line 39, characters 6-52
Called from Eio_posix__Sched.run in file "lib_eio_posix/sched.ml", lines 381-388, characters 4-9
Called from Eio_posix__Sched.with_sched in file "lib_eio_posix/sched.ml", line 258, characters 8-12
Re-raised at Eio_posix__Sched.with_sched in file "lib_eio_posix/sched.ml", line 263, characters 4-39
Called from Alcotest_engine__Core.Make.protect_test.(fun) in file "src/alcotest-engine/core.ml", line 186, characters 17-23
Called from Alcotest_engine__Monad.Identity.catch in file "src/alcotest-engine/monad.ml", line 24, characters 31-35

