
> masc-dashboard@1.0.0 test /Users/dancer/me/workspace/yousleepwhen/masc/.worktrees/fix-pr41124-parent-sync-20261004/dashboard
> vitest run --config vitest.config.ts --no-file-parallelism --maxWorkers=1 src/components/lane-declaration-editor.test.ts -t 'requires a new comparison|blocks save after a comparison'


 RUN  v5.0.2 /Users/dancer/me/workspace/yousleepwhen/masc/.worktrees/fix-pr41124-parent-sync-20261004/dashboard

 ❯ src/components/lane-declaration-editor.test.ts (27 tests | 3 failed | 24 skipped) 75ms
   ❯ Lane declaration editing through the status surface (27)
     × requires a new comparison when an idle draft returns from /workspace-b 38ms
     × requires a new comparison when an idle draft returns from null 17ms
     × blocks save after a comparison until its revision is explicitly adopted 19ms

⎯⎯⎯⎯⎯⎯⎯ Failed Tests 3 ⎯⎯⎯⎯⎯⎯⎯

 FAIL  src/components/lane-declaration-editor.test.ts > Lane declaration editing through the status surface > requires a new comparison when an idle draft returns from /workspace-b
 FAIL  src/components/lane-declaration-editor.test.ts > Lane declaration editing through the status surface > requires a new comparison when an idle draft returns from null
AssertionError: expected <section …(2)>…(3)</section> to be null

- Expected:
null

+ Received:
<section
  aria-label="Current file comparison"
  class="space-y-2"
>
  <p>
    Current file source revision: 
    <code>
      old-comparison
    </code>
  </p>
  <pre
    aria-label="Current file source"
    class="overflow-auto whitespace-pre-wrap break-all"
  >
    # preserve this comment
id = "custom"
run_id = "run"
manifest_path = "../custom/lane.toml"
[binding]
sources = []

  </pre>
  <div
    class="flex flex-wrap gap-2"
  >
    <button
      class="cursor-pointer transition-[background-color,border-color,box-shadow,opacity] duration-150 font-medium focus-visible:ring-2 focus-visible:ring-ring focus-visible:ring-offset-2 py-1.5 px-2.5 text-[14px] font-medium rounded-md border border-solid border-brand bg-brand text-white hover:bg-brand-hover"
      data-action-button="true"
      data-action-button-aria-label-length="0"
      data-action-button-block="false"
      data-action-button-busy="false"
      data-action-button-class-length="0"
      data-action-button-disabled="false"
      data-action-button-has-aria-label="false"
      data-action-button-has-children="true"
      data-action-button-has-click-handler="true"
      data-action-button-has-custom-class="false"
      data-action-button-has-id="false"
      data-action-button-has-test-id="false"
      data-action-button-has-title="false"
      data-action-button-id-length="0"
      data-action-button-pressed-state="unset"
      data-action-button-size="md"
      data-action-button-test-id-length="0"
      data-action-button-title-length="0"
      data-action-button-type="button"
      data-action-button-variant="primary"
      type="button"
    >
      Use current file revision
    </button>
    <button
      class="cursor-pointer transition-[background-color,border-color,box-shadow,opacity] duration-150 font-medium focus-visible:ring-2 focus-visible:ring-ring focus-visible:ring-offset-2 py-1.5 px-2.5 text-[14px] font-medium rounded-md border border-solid border-brand bg-brand text-white hover:bg-brand-hover"
      data-action-button="true"
      data-action-button-aria-label-length="0"
      data-action-button-block="false"
      data-action-button-busy="false"
      data-action-button-class-length="0"
      data-action-button-disabled="false"
      data-action-button-has-aria-label="false"
      data-action-button-has-children="true"
      data-action-button-has-click-handler="true"
      data-action-button-has-custom-class="false"
      data-action-button-has-id="false"
      data-action-button-has-test-id="false"
      data-action-button-has-title="false"
      data-action-button-id-length="0"
      data-action-button-pressed-state="unset"
      data-action-button-size="md"
      data-action-button-test-id-length="0"
      data-action-button-title-length="0"
      data-action-button-type="button"
      data-action-button-variant="primary"
      type="button"
    >
      Replace draft with current file
    </button>
  </div>
</section>

 ❯ src/components/lane-declaration-editor.test.ts:216:64
    214|     act(() => observeWorkspace('/workspace'))
    215|     await waitFor(() => expect(source(screen).value).toBe(draft))
    216|     expect(screen.queryByLabelText('Current file comparison')).toBeNul…
       |                                                                ^
    217|     expect((screen.getByRole('button', { name: 'Save TOML' }) as HTMLB…
    218|     const fresh = { ...document, source_revision: 'new-authority-revis…

⎯⎯⎯⎯⎯⎯⎯⎯⎯⎯⎯⎯⎯⎯⎯⎯⎯⎯⎯⎯⎯⎯⎯⎯[1/3]⎯

 FAIL  src/components/lane-declaration-editor.test.ts > Lane declaration editing through the status surface > blocks save after a comparison until its revision is explicitly adopted
AssertionError: expected false to be true // Object.is equality

- Expected
+ Received

- true
+ false

 ❯ src/components/lane-declaration-editor.test.ts:239:95
    237|     fireEvent.click(screen.getByRole('button', { name: 'Read current f…
    238|     await screen.findByLabelText('Current file comparison')
    239|     expect((screen.getByRole('button', { name: 'Save TOML' }) as HTMLB…
       |                                                                                               ^
    240|     fireEvent.click(screen.getByRole('button', { name: 'Save TOML' }))
    241|     expect(files.saveLaneDeclaration).not.toHaveBeenCalled()

⎯⎯⎯⎯⎯⎯⎯⎯⎯⎯⎯⎯⎯⎯⎯⎯⎯⎯⎯⎯⎯⎯⎯⎯[2/3]⎯


 Test Files  1 failed (1)
      Tests  3 failed | 24 skipped (27)
   Start at  23:45:51
   Duration  1.53s (import 39%, transform 34%, environment 12%, setup 9%, tests 5%)

 ELIFECYCLE  Test failed. See above for more details.
