Testing `[1mtui_decode[0m'.
[2mThis run has ID `F0QN8ENC'.

[0m  [33m[SKIP][0m        [36mplay revoke failure[0m                          0   preserves co...
  [33m[SKIP][0m        [36mdecode_oauth_client_saved[0m                    0   reads scopes...
  [33m[SKIP][0m        [36mdecode_tool_approval_mode_overrides[0m          0   the wire wor...
  [33m[SKIP][0m        [36mdecode_tool_approval_mode_overrides[0m          1   a word the m...
  [33m[SKIP][0m        [36mdecode_verification_evidence[0m                 0   decodes the ...
  [33m[SKIP][0m        [36mdecode_verification_evidence[0m                 1   unavailable ...
  [33m[SKIP][0m        [36mdecode_verification_evidence[0m                 2   reason takes...
  [33m[SKIP][0m        [36mdecode_goal_timeline[0m                         0   carries read...
  [33m[SKIP][0m        [36mdecode_goal_timeline[0m                         1   null decodes...
  [33m[SKIP][0m        [36mdecode_goal_timeline[0m                         2   missing sour...
  [33m[SKIP][0m        [36mdecode_goal_timeline[0m                         3   rejects a th...
  [33m[SKIP][0m        [36mdecode_task_history[0m                          0   decodes live...
  [33m[SKIP][0m        [36mdecode_task_history[0m                          1   rejects a no...
  [33m[SKIP][0m        [36mdecode_runtime_surface[0m                       0   joins projec...
  [33m[SKIP][0m        [36mdecode_runtime_surface[0m                       1   Runtime quot...
  [33m[SKIP][0m        [36mdecode_runtime_surface[0m                       2   rejects an u...
  [33m[SKIP][0m        [36mdecode_runtime_surface[0m                       3   probe status...
  [33m[SKIP][0m        [36mdecode_runtime_surface[0m                       4   probe status...
  [33m[SKIP][0m        [36mdecode_runtime_surface[0m                       5   probe status...
  [33m[SKIP][0m        [36mdecode_runtime_surface[0m                       6   rejects stat...
  [33m[SKIP][0m        [36mdecode_runtime_surface[0m                       7   preserves pr...
  [33m[SKIP][0m        [36mdecode_runtime_surface[0m                       8   accepts an e...
  [33m[SKIP][0m        [36mdecode_runtime_surface[0m                       9   rejects a ma...
  [33m[SKIP][0m        [36mdecode_runtime_surface[0m                      10   rejects a so...
  [33m[SKIP][0m        [36mdecode_runtime_surface[0m                      11   catalog prob...
  [33m[SKIP][0m        [36mdecode_runtime_surface[0m                      12   limits rejec...
  [33m[SKIP][0m        [36mdecode_runtime_surface[0m                      13   keeps the de...
  [33m[SKIP][0m        [36mdecode_runtime_surface[0m                      14   default limi...
  [33m[SKIP][0m        [36mdecode_runtime_surface[0m                      15   default rout...
  [33m[SKIP][0m        [36mdecode_runtime_surface[0m                      16   keeps resolv...
  [33m[SKIP][0m        [36mdecode_runtime_resolved[0m                      0   requires a r...
  [33m[SKIP][0m        [36mdecode_runtime_resolved[0m                      1   reads the fa...
  [33m[SKIP][0m        [36mdecode_runtime_resolved[0m                      2   carries runt...
  [33m[SKIP][0m        [36mdecode_runtime_resolved[0m                      3   carries runt...
  [33m[SKIP][0m        [36mdecode_runtime_resolved[0m                      4   exact slot d...
  [33m[SKIP][0m        [36mdecode_runtime_resolved[0m                      5   exact body d...
  [33m[SKIP][0m        [36mdecode_runtime_resolved[0m                      6   runtime cata...
  [33m[SKIP][0m        [36mdecode_runtime_resolved[0m                      7   a lane says ...
  [33m[SKIP][0m        [36mdecode_keeper_tool_approvals[0m                 0   carries the ...
  [33m[SKIP][0m        [36mdecode_keeper_tool_approvals[0m                 1   rejects a th...
  [33m[SKIP][0m        [36mdecode_keeper_turns[0m                          0   running, idl...
  [33m[SKIP][0m        [36mdecode_keeper_turns[0m                          1   rejects a ru...
  [33m[SKIP][0m        [36mdecode_keeper_turns[0m                          2   reads the pr...
  [33m[SKIP][0m        [36mdecode_keeper_turns[0m                          3   rejects an u...
  [33m[SKIP][0m        [36mdecode_keeper_turns[0m                          4   rejects an u...
  [33m[SKIP][0m        [36mdecode_tools[0m                                 0   reads the li...
  [33m[SKIP][0m        [36mdecode_tools[0m                                 1   keeps the wa...
  [33m[SKIP][0m        [36mdecode_tools[0m                                 2   a tool proje...
  [33m[SKIP][0m        [36mdecode_tools[0m                                 3   absent direc...
  [33m[SKIP][0m        [36mdecode_tools[0m                                 4   no inventory...
  [33m[SKIP][0m        [36mdecode_tools[0m                                 5   effective su...
  [33m[SKIP][0m        [36mdecode_tools[0m                                 6   effective su...
  [33m[SKIP][0m        [36mdecode_tools[0m                                 7   a tool origi...
  [33m[SKIP][0m        [36mdecode_tools[0m                                 8   the unavaila...
  [33m[SKIP][0m        [36mdecode_tools[0m                                 9   effective un...
  [33m[SKIP][0m        [36mdecode_tools[0m                                10   effective su...
  [33m[SKIP][0m        [36mdecode_tools[0m                                11   Skill activa...
  [33m[SKIP][0m        [36mdecode_tools[0m                                12   Skill activa...
  [33m[SKIP][0m        [36mdecode_tools[0m                                13   Skill activa...
  [33m[SKIP][0m        [36mdecode_tools[0m                                14   Skill activa...
  [33m[SKIP][0m        [36mdecode_tools[0m                                15   tool snapsho...
  [33m[SKIP][0m        [36mdecode_tools[0m                                16   Skill activa...
  [33m[SKIP][0m        [36mdecode_connectors[0m                            0   reads the li...
  [33m[SKIP][0m        [36mdecode_connectors[0m                            1   configured i...
  [33m[SKIP][0m        [36mdecode_connectors[0m                            2   poll state i...
  [33m[SKIP][0m        [36mdecode_connectors[0m                            3   unknown runt...
  [33m[SKIP][0m        [36mdecode_connectors[0m                            4   nonpositive ...
  [33m[SKIP][0m        [36mdecode_connectors[0m                            5   absent flags...
  [33m[SKIP][0m        [36mdecode_connectors[0m                            6   contradictor...
  [33m[SKIP][0m        [36mdecode_connectors[0m                            7   connected bu...
  [33m[SKIP][0m        [36mdecode_connectors[0m                            8   malformed bi...
  [33m[SKIP][0m        [36mdecode_connectors[0m                            9   registry ord...
  [33m[SKIP][0m        [36mdecode_connectors[0m                           10   authenticate...
  [33m[SKIP][0m        [36mdecode_repositories[0m                          0   reads the li...
  [33m[SKIP][0m        [36mdecode_repositories[0m                          1   absent auto-...
  [33m[SKIP][0m        [36mdecode_repositories[0m                          2   a failure ke...
  [33m[SKIP][0m        [36mdecode_repositories[0m                          3   active has n...
  [33m[SKIP][0m        [36mdecode_repositories[0m                          4   a word it ca...
  [33m[SKIP][0m        [36mdecode_repositories[0m                          5   a repository...
  [33m[SKIP][0m        [36mdecode_repositories[0m                          6   resolved pat...
  [33m[SKIP][0m        [36mdecode_repositories[0m                          7   repository c...
  [33m[SKIP][0m        [36mdecode_repositories[0m                          8   memory healt...
  [33m[SKIP][0m        [36mdecode_repositories[0m                          9   memory healt...
  [33m[SKIP][0m        [36mdecode_repositories[0m                         10   memory healt...
  [33m[SKIP][0m        [36mdecode_repositories[0m                         11   memory alert...
  [33m[SKIP][0m        [36mdecode_repositories[0m                         12   standalone l...
  [33m[SKIP][0m        [36mdecode_repositories[0m                         13   a lane confi...
  [33m[SKIP][0m        [36mdecode_repositories[0m                         14   every lane d...
  [33m[SKIP][0m        [36mdecode_repositories[0m                         15   standalone l...
  [33m[SKIP][0m        [36mdecode_repositories[0m                         16   merge names ...
  [33m[SKIP][0m        [36mdecode_repositories[0m                         17   merge with e...
  [33m[SKIP][0m        [36mdecode_repositories[0m                         18   memory facts...
  [33m[SKIP][0m        [36mdecode_repositories[0m                         19   memory fact ...
  [33m[SKIP][0m        [36mdecode_repositories[0m                         20   memory fact ...
  [33m[SKIP][0m        [36mdecode_repositories[0m                         21   memory facts...
  [33m[SKIP][0m        [36mdecode_repositories[0m                         22   memory facts...
  [33m[SKIP][0m        [36mdecode_repositories[0m                         23   memory facts...
  [33m[SKIP][0m        [36mdecode_repositories[0m                         24   project chan...
  [33m[SKIP][0m        [36mdecode_keeper_lanes[0m                          0   reads the li...
  [33m[SKIP][0m        [36mdecode_keeper_lanes[0m                          1   requires the...
  [33m[SKIP][0m        [36mdecode_keeper_lanes[0m                          2   a lane witho...
  [33m[SKIP][0m        [36mdecode_keeper_lanes[0m                          3   every known ...
  [33m[SKIP][0m        [36mdecode_standalone_lanes[0m                      0   keeps runnin...
  [33m[SKIP][0m        [36mdecode_standalone_lanes[0m                      1   keeps the ne...
  [33m[SKIP][0m        [36mdecode_standalone_lanes[0m                      2   JEV state is...
  [33m[SKIP][0m        [36mdecode_standalone_lanes[0m                      3   rejects dupl...
  [33m[SKIP][0m        [36mdecode_standalone_lanes[0m                      4   every lane s...
  [33m[SKIP][0m        [36mdecode_clients[0m                               0   reads both s...
  [33m[SKIP][0m        [36mdecode_clients[0m                               1   rejects an u...
  [33m[SKIP][0m        [36mdecode_lane_runs[0m                             0   page filters...
  [33m[SKIP][0m        [36mdecode_lane_runs[0m                             1   lane run pag...
  [33m[SKIP][0m        [36mdecode_lane_runs[0m                             2   running run ...
  [33m[SKIP][0m        [36mdecode_lane_runs[0m                             3   exact failur...
  [33m[SKIP][0m        [36mdecode_lane_runs[0m                             4   status decod...
  [33m[SKIP][0m        [36mdecode_lane_runs[0m                             5   verifier sum...
  [33m[SKIP][0m        [36mdecode_lane_runs[0m                             6   detail carri...
  [33m[SKIP][0m        [36mdecode_lane_runs[0m                             7   Librarian pr...
  [33m[SKIP][0m        [36mdecode_lane_runs[0m                             8   Board answer...
  [33m[SKIP][0m        [36mdecode_lane_runs[0m                             9   Board answer...
  [33m[SKIP][0m        [36mdecode_lane_runs[0m                            10   terminal lan...
  [33m[SKIP][0m        [36mdecode_lane_runs[0m                            11   running lane...
  [33m[SKIP][0m        [36mdecode_lane_runs[0m                            12   running deta...
  [33m[SKIP][0m        [36mdecode_lane_runs[0m                            13   HITL advisor...
  [33m[SKIP][0m        [36mdecode_lane_runs[0m                            14   HITL unknown...
  [33m[SKIP][0m        [36mdecode_lane_runs[0m                            15   HITL persist...
  [33m[SKIP][0m        [36mdecode_lane_runs[0m                            16   HITL persist...
  [33m[SKIP][0m        [36mdecode_lane_runs[0m                            17   verifier det...
  [33m[SKIP][0m        [36mdecode_lane_runs[0m                            18   detail requi...
  [33m[SKIP][0m        [36mdecode_lane_runs[0m                            19   Goal evaluat...
  [33m[SKIP][0m        [36mdecode_lane_runs[0m                            20   lane detail ...
  [33m[SKIP][0m        [36mdecode_lane_runs[0m                            21   lane run det...
  [33m[SKIP][0m        [36mdecode_fusion[0m                                0   historical o...
  [33m[SKIP][0m        [36mdecode_fusion[0m                                1   historical i...
  [33m[SKIP][0m        [36mdecode_fusion[0m                                2   keeps typed ...
  [33m[SKIP][0m        [36mdecode_fusion[0m                                3   decodes RFC-...
  [33m[SKIP][0m        [36mdecode_fusion[0m                                4   keeps live p...
  [33m[SKIP][0m        [36mdecode_fusion[0m                                5   keeps actual...
  [33m[SKIP][0m        [36mdecode_fusion[0m                                6   a judge acto...
  [33m[SKIP][0m        [36mdecode_fusion[0m                                7   keeps each s...
  [33m[SKIP][0m        [36mdecode_fusion[0m                                8   refuses a se...
  [33m[SKIP][0m        [36mdecode_fusion[0m                                9   reads the la...
  [33m[SKIP][0m        [36mdecode_harness[0m                               0   reads the li...
  [33m[SKIP][0m        [36mdecode_harness[0m                               1   reads the wh...
  [33m[SKIP][0m        [36mdecode_harness[0m                               2   without a le...
  [33m[SKIP][0m        [36mdecode_harness[0m                               3   keeps the fa...
  [33m[SKIP][0m        [36mdecode_harness[0m                               4   an empty har...
  [33m[SKIP][0m        [36mdecode_verification[0m                          0   reads the li...
  [33m[SKIP][0m        [36mdecode_verification[0m                          1   the view rou...
  [33m[SKIP][0m        [36mdecode_verification[0m                          2   an unknown v...
  [33m[SKIP][0m        [36mdecode_verification[0m                          3   the page and...
  [33m[SKIP][0m        [36mdecode_verification[0m                          4   an empty que...
  [33m[SKIP][0m        [36mdecode_verification[0m                          5   unresolved i...
  [33m[SKIP][0m        [36mdecode_verification[0m                          6   the awaiting...
  [33m[SKIP][0m        [36mdecode_verification[0m                          7   a stale queu...
  [33m[SKIP][0m        [36mdecode_verification[0m                          8   no evidence ...
  [33m[SKIP][0m        [36mdecode_system_logs[0m                           0   reads the li...
  [33m[SKIP][0m        [36mdecode_system_logs[0m                           1   warn and war...
  [33m[SKIP][0m        [36mdecode_system_logs[0m                           2   category voc...
  [33m[SKIP][0m        [36mdecode_system_logs[0m                           3   level ladder...
  [33m[SKIP][0m        [36mdecode_system_logs[0m                           4   verbose togg...
  [33m[SKIP][0m        [36mdecode_system_logs[0m                           5   an unnamed l...
  [33m[SKIP][0m        [36mdecode_system_logs[0m                           6   null keeper ...
  [33m[SKIP][0m        [36mdecode_system_logs[0m                           7   keeps browse...
  [33m[SKIP][0m        [36mdecode_system_logs[0m                           8   unknown sour...
  [33m[SKIP][0m        [36mdecode_system_logs[0m                           9   message is r...
  [33m[SKIP][0m        [36mdecode_agent[0m                                 0   success.
  [33m[SKIP][0m        [36mdecode_agent[0m                                 1   missing stat...
  [33m[SKIP][0m        [36mdecode_task[0m                                  0   missing prio...
  [33m[SKIP][0m        [36mdecode_task[0m                                  1   active proje...
  [33m[SKIP][0m        [36mdecode_task[0m                                  2   active proje...
  [33m[SKIP][0m        [36mdecode_keeper[0m                                0   projects cur...
  [33m[SKIP][0m        [36mdecode_keeper[0m                                1   formats last...
  [33m[SKIP][0m        [36mdecode_keeper[0m                                2   zero last tu...
  [33m[SKIP][0m        [36mdecode_keeper[0m                                3   rejects reti...
  [33m[SKIP][0m        [36mdecode_keeper[0m                                4   preserves do...
  [33m[SKIP][0m        [36mdecode_keeper[0m                                5   rejects miss...
  [33m[SKIP][0m        [36mdecode_planning[0m                              0   current cont...
  [33m[SKIP][0m        [36mdecode_planning[0m                              1   Goal store e...
  [33m[SKIP][0m        [36mdecode_planning[0m                              2   Goal source ...
  [33m[SKIP][0m        [36mdecode_planning[0m                              3   Goal store e...
  [33m[SKIP][0m        [36mdecode_planning[0m                              4   Goal link so...
  [33m[SKIP][0m        [36mdecode_planning[0m                              5   rejects runn...
  [33m[SKIP][0m        [36mdecode_planning[0m                              6   planning sna...
  [33m[SKIP][0m        [36mdecode_planning[0m                              7   planning sna...
  [33m[SKIP][0m        [36mdecode_planning[0m                              8   goal carries...
  [33m[SKIP][0m        [36mdecode_planning[0m                              9   unreadable i...
  [33m[SKIP][0m        [36mdecode_planning[0m                             10   carries the ...
  [33m[SKIP][0m        [36mdecode_planning[0m                             11   refuses a go...
  [33m[SKIP][0m        [36mdecode_planning[0m                             12   keeps the la...
  [33m[SKIP][0m        [36mdecode_planning[0m                             13   keeps the se...
  [33m[SKIP][0m        [36mdecode_planning[0m                             14   tolerates mi...
  [33m[SKIP][0m        [36mdecode_fleet_safety[0m                          0   carries both...
  [33m[SKIP][0m        [36mdecode_fleet_safety[0m                          1   the fleet gr...
  [33m[SKIP][0m        [36mdecode_fleet_safety[0m                          2   fleet safety...
  [33m[SKIP][0m        [36mdecode_fleet_safety[0m                          3   every field ...
  [33m[SKIP][0m        [36mdecode_fleet_safety[0m                          4   the snapshot...
  [33m[SKIP][0m        [36mdecode_fleet_safety[0m                          5   the placehol...
  [33m[SKIP][0m        [36mdecode_fleet_safety[0m                          6   an unknown b...
  [33m[SKIP][0m        [36mdecode_fleet_safety[0m                          7   a full fleet...
  [33m[SKIP][0m        [36mdecode_fleet_safety[0m                          8   a body witho...
  [33m[SKIP][0m        [36mterminal_text[0m                                0   escapes cont...
  [33m[SKIP][0m        [36mterminal_text[0m                                1   preserves pr...
  [33m[SKIP][0m        [36mterminal_text[0m                                2   escapes malf...
  [33m[SKIP][0m        [36mterminal_text[0m                                3   returns ASCI...
  [33m[SKIP][0m        [36mterminal_text[0m                                4   escapes invi...
  [33m[SKIP][0m        [36mterminal_text[0m                                5   keeps the jo...
  [33m[SKIP][0m        [36mterminal_text[0m                                6   keeps the ta...
  [33m[SKIP][0m        [36mterminal_text[0m                                7   escapes ever...
  [33m[SKIP][0m        [36mterminal_text[0m                                8   is idempoten...
  [33m[SKIP][0m        [36mterminal_text[0m                                9   preview mark...
  [33m[SKIP][0m        [36mterminal_text[0m                               10   sanitizes ti...
  [33m[SKIP][0m        [36mkeeper_calls[0m                                 0   decodes exac...
  [33m[SKIP][0m        [36mkeeper_calls[0m                                 1   rejects part...
  [33m[SKIP][0m        [36mkeeper_calls[0m                                 2   keeps the re...
  [33m[SKIP][0m        [36mkeeper_calls[0m                                 3   an unknown h...
  [33m[SKIP][0m        [36mkeeper_calls[0m                                 4   rejects rows...
  [33m[SKIP][0m        [36mkeeper_calls[0m                                 5   requires the...
  [33m[SKIP][0m        [36mkeeper_calls[0m                                 6   success fall...
  [33m[SKIP][0m        [36mkeeper_calls[0m                                 7   carries what...
  [33m[SKIP][0m        [36mparse_log_entry[0m                              0   current turn...
  [33m[SKIP][0m        [36mparse_log_entry[0m                              1   all current ...
  [33m[SKIP][0m        [36mparse_log_entry[0m                              2   current hear...
  [33m[SKIP][0m        [36mparse_log_entry[0m                              3   a turn price...
  [33m[SKIP][0m        [36mparse_log_entry[0m                              4   a cost witho...
  [33m[SKIP][0m        [36mparse_log_entry[0m                              5   a row with s...
  [33m[SKIP][0m        [36mparse_log_entry[0m                              6   retired and ...
  [33m[SKIP][0m        [36mcontext_observation[0m                          0   observed and...
  [33m[SKIP][0m        [36mcontext_observation[0m                          1   closed unava...
  [33m[SKIP][0m        [36mcontext_observation[0m                          2   hybrid and p...
  [33m[SKIP][0m        [36mparse_keeper_chat_response[0m                   0   sse delta.
  [33m[SKIP][0m        [36mparse_keeper_chat_response[0m                   1   keeper SSE f...
  [33m[SKIP][0m        [36mparse_keeper_chat_response[0m                   2   AG-UI SSE.
  [33m[SKIP][0m        [36mparse_keeper_chat_response[0m                   3   AG-UI error.
  [33m[SKIP][0m        [36mparse_keeper_chat_response[0m                   4   AG-UI empty ...
  [33m[SKIP][0m        [36mparse_keeper_chat_response[0m                   5   body json.
  [33m[SKIP][0m        [36mparse_keeper_chat_response[0m                   6   json error.
  [33m[SKIP][0m        [36mstructured_http_response[0m                     0   body rejects...
  [33m[SKIP][0m        [36mstructured_http_response[0m                     1   body allows ...
  [33m[SKIP][0m        [36mstructured_http_response[0m                     2   HTTP fallbac...
  [33m[SKIP][0m        [36mstructured_http_response[0m                     3   bounded body...
  [33m[SKIP][0m        [36mstructured_http_response[0m                     4   long json se...
  [33m[SKIP][0m        [36mstructured_http_response[0m                     5   tool envelop...
  [33m[SKIP][0m        [36mstructured_http_response[0m                     6   tool envelop...
  [33m[SKIP][0m        [36mstructured_http_response[0m                     7   tool envelop...
  [33m[SKIP][0m        [36mstructured_http_response[0m                     8   tool envelop...
  [32m[OK][0m          [36msgr_mouse[0m                                    0   wheel up cla...
  [32m[OK][0m          [36msgr_mouse[0m                                    1   wheel down c...
  [32m[OK][0m          [36msgr_mouse[0m                                    2   clicks, rele...
  [32m[OK][0m          [36msgr_mouse[0m                                    3   wheel report...
  [32m[OK][0m          [36msgr_mouse[0m                                    4   wheel report...
  [32m[OK][0m          [36msgr_mouse[0m                                    5   left press r...
  [32m[OK][0m          [36msgr_mouse[0m                                    6   left press i...
  [32m[OK][0m          [36mx10_mouse[0m                                    0   the wheel ca...
  [32m[OK][0m          [36mx10_mouse[0m                                    1   left press a...
  [32m[OK][0m          [36mx10_mouse[0m                                    2   other presse...
  [32m[OK][0m          [36mx10_mouse[0m                                    3   motion and t...
  [32m[OK][0m          [36mx10_mouse[0m                                    4   a position b...
  [32m[OK][0m          [36mx10_mouse[0m                                    5   agrees with ...
  [33m[SKIP][0m        [36mprompts[0m                                      0   reads the li...
  [33m[SKIP][0m        [36mprompts[0m                                      1   decode_prese...
  [33m[SKIP][0m        [36mprompts[0m                                      2   decode_prese...
  [33m[SKIP][0m        [36mprompts[0m                                      3   a preset ref...
  [33m[SKIP][0m        [36mprompts[0m                                      4   decode_prese...
  [33m[SKIP][0m        [36mprompts[0m                                      5   a 200 carryi...
  [33m[SKIP][0m        [36mprompts[0m                                      6   a JSON refus...
  [33m[SKIP][0m        [36mprompts[0m                                      7   reads separa...
  [33m[SKIP][0m        [36mprompts[0m                                      8   reads the he...
  [33m[SKIP][0m        [36mprompts[0m                                      9   reads an ove...
  [33m[SKIP][0m        [36mprompts[0m                                     10   an absent he...
  [33m[SKIP][0m        [36mprompts[0m                                     11   hides assemb...
  [33m[SKIP][0m        [36mprompts[0m                                     12   rejects an u...
  [33m[SKIP][0m        [36mprompts[0m                                     13   rejects an u...
  [33m[SKIP][0m        [36mprompts[0m                                     14   rejects a ro...
  [33m[SKIP][0m        [36mprompts[0m                                     15   survives a s...
  [33m[SKIP][0m        [36mprompts[0m                                     16   rejects a ro...
  [33m[SKIP][0m        [36mprompts[0m                                     17   rejects a pa...
  [33m[SKIP][0m        [36mprompts[0m                                     18   latest Libra...
  [33m[SKIP][0m        [36mprompts[0m                                     19   latest Libra...
  [33m[SKIP][0m        [36mprompts[0m                                     20   Librarian pa...
  [33m[SKIP][0m        [36mprompts[0m                                     21   Librarian pa...
  [33m[SKIP][0m        [36mserver_identity[0m                              0   reads a heal...
  [33m[SKIP][0m        [36mserver_identity[0m                              1   survives a b...
  [33m[SKIP][0m        [36mserver_identity[0m                              2   takes an int...
  [33m[SKIP][0m        [36mserver_identity[0m                              3   reads the wo...
  [33m[SKIP][0m        [36mserver_identity[0m                              4   reads the st...
  [33m[SKIP][0m        [36mserver_identity[0m                              5   reads teleme...
  [33m[SKIP][0m        [36mbounded_parent_depth[0m                         0   stops on cycle.
  [33m[SKIP][0m        [36mruntime_params[0m                               0   reads curren...
  [33m[SKIP][0m        [36mruntime_params[0m                               1   takes an emp...
  [33m[SKIP][0m        [36mruntime_params[0m                               2   rejects a ro...
  [33m[SKIP][0m        [36mruntime_params[0m                               3   reads a clos...
  [33m[SKIP][0m        [36mruntime_params[0m                               4   orders rows ...
  [33m[SKIP][0m        [36mruntime_params[0m                               5   attaches the...
  [33m[SKIP][0m        [36mruntime_params[0m                               6   leaves an un...
  [33m[SKIP][0m        [36mkeeper_gate_settings[0m                         0   reads both l...
  [33m[SKIP][0m        [36mkeeper_gate_settings[0m                         1   takes an emp...
  [33m[SKIP][0m        [36mkeeper_gate_settings[0m                         2   rejects a ro...
  [33m[SKIP][0m        [36mkeeper_gate_settings[0m                         3   refuses an u...
  [33m[SKIP][0m        [36mkeeper_gate_settings[0m                         4   keeps an unk...
  [33m[SKIP][0m        [36mkeeper_secret_projection[0m                     0   reads names,...
  [33m[SKIP][0m        [36mkeeper_secret_projection[0m                     1   skips a Keep...
  [33m[SKIP][0m        [36mkeeper_secret_projection[0m                     2   keeps an unk...
  [33m[SKIP][0m        [36mkeeper_secret_projection[0m                     3   rejects a wr...
  [33m[SKIP][0m        [36mgate_snapshot[0m                                0   an identity ...
  [33m[SKIP][0m        [36mgate_snapshot[0m                                1   standing rul...
  [33m[SKIP][0m        [36mgate_snapshot[0m                                2   rows disting...
  [33m[SKIP][0m        [36mgate_snapshot[0m                                3   blocked reas...
  [33m[SKIP][0m        [36mgate_snapshot[0m                                4   gate human_r...
  [33m[SKIP][0m        [36mgate_snapshot[0m                                5   an execute r...
  [33m[SKIP][0m        [36mgate_snapshot[0m                                6   an execute r...
  [33m[SKIP][0m        [36mgate_snapshot[0m                                7   an execute r...
  [33m[SKIP][0m        [36mgate_snapshot[0m                                8   another oper...
  [33m[SKIP][0m        [36mgate_snapshot[0m                                9   an execute r...
  [33m[SKIP][0m        [36mgate_snapshot[0m                               10   an unknown e...
  [33m[SKIP][0m        [36mgate_snapshot[0m                               11   an execute d...
  [33m[SKIP][0m        [36mgate_snapshot[0m                               12   a connector ...
  [33m[SKIP][0m        [36mgate_snapshot[0m                               13   a command th...
  [33m[SKIP][0m        [36mgate_snapshot[0m                               14   another oper...
  [33m[SKIP][0m        [36mgate_snapshot[0m                               15   a null queue...
  [33m[SKIP][0m        [36mgate_snapshot[0m                               16   an unknown l...
  [33m[SKIP][0m        [36mgate_snapshot[0m                               17   an unreadabl...
  [33m[SKIP][0m        [36mgate_snapshot[0m                               18   a ready queu...
  [33m[SKIP][0m        [36mgate_snapshot[0m                               19   a row missin...
  [33m[SKIP][0m        [36mskills_catalog[0m                               0   retained usa...
  [33m[SKIP][0m        [36mskills_catalog[0m                               1   errors carry...
  [33m[SKIP][0m        [36mskills_catalog[0m                               2   reads usage ...
  [33m[SKIP][0m        [36mskills_catalog[0m                               3   reads the di...
  [33m[SKIP][0m        [36mskills_catalog[0m                               4   keeps the pr...
  [33m[SKIP][0m        [36mskills_catalog[0m                               5   rejects a no...
  [33m[SKIP][0m        [36mskills_catalog[0m                               6   keeps invali...
  [33m[SKIP][0m        [36mskills_catalog[0m                               7   keeps which ...
  [33m[SKIP][0m        [36mskills_catalog[0m                               8   keeps empty ...
  [33m[SKIP][0m        [36mskills_catalog[0m                               9   closes schem...
  [33m[SKIP][0m        [36mskills_catalog[0m                              10   reads every ...
  [33m[SKIP][0m        [36mgit_blame[0m                                    0   reads the ro...
  [33m[SKIP][0m        [36mgit_blame[0m                                    1   refuses the ...
  [33m[SKIP][0m        [36mgit_blame[0m                                    2   names the ru...
  [33m[SKIP][0m        [36mskill_evidence[0m                               0   reads exact ...
  [33m[SKIP][0m        [36mskill_evidence[0m                               1   accepts decl...
  [33m[SKIP][0m        [36mskill_evidence[0m                               2   rejects v1 a...
  [33m[SKIP][0m        [36mskill_evidence[0m                               3   requires obs...
  [33m[SKIP][0m        [36mskill_evidence[0m                               4   requires eve...
  [33m[SKIP][0m        [36mskill_evidence[0m                               5   reads typed ...
  [33m[SKIP][0m        [36mskill_evidence[0m                               6   rejects open...
  [33m[SKIP][0m        [36mskill_evidence[0m                               7   timestamp ti...
  [33m[SKIP][0m        [36mdecode_timestamp_display[0m                     0   renders a nu...
  [33m[SKIP][0m        [36mdecode_timestamp_display[0m                     1   keeps a pres...
  [33m[SKIP][0m        [36mschedule runner hold[0m                         0   reads a held...
  [33m[SKIP][0m        [36mschedule runner hold[0m                         1   reads not he...
  [33m[SKIP][0m        [36mschedule runner hold[0m                         2   reads a fenc...
  [33m[SKIP][0m        [36mschedule runner hold[0m                         3   refuses a ti...
  [33m[SKIP][0m        [36mschedule runner hold[0m                         4   reads the li...
  [33m[SKIP][0m        [36mschedule runner hold[0m                         5   reads as of ...
  [33m[SKIP][0m        [36mkeeper usage cache[0m                           0   compute and ...
  [33m[SKIP][0m        [36mkeeper usage cache[0m                           1   Keeper usage...
  [33m[SKIP][0m        [36mkeeper usage cache[0m                           2   Keeper usage...
  [33m[SKIP][0m        [36mplay invites[0m                                 0   preserves pa...
  [33m[SKIP][0m        [36mplay invites[0m                                 1   a refusal sa...
  [33m[SKIP][0m        [36mfile change[0m                                  0   reads an ins...
  [33m[SKIP][0m        [36mfile change[0m                                  1   reads a mate...

Full test results in `[36m~/me/workspace/yousleepwhen/masc-godfile-refactor-20261008/_build/_tests/tui_decode[0m'.
[32mTest Successful[0m in 0.007s. 13 tests run.
