Testing `browser observation composition'.
This run has ID `IX2EBYA2'.

> [FAIL]        production observer          0   receipt failure prevents com...
  [FAIL]        production observer          1   schema rejection still requi...
  [FAIL]        production observer          2   success preserves inline pay...
  [FAIL]        production observer          3   schema rejection preserves o...

┌──────────────────────────────────────────────────────────────────────────────┐
│ [FAIL]        production observer          0   receipt failure prevents ...  │
└──────────────────────────────────────────────────────────────────────────────┘
[2026-10-05 05:27:34] [INFO] [Workspace] MASC base: /var/folders/bv/cjrbl01x52s6j80krdfb63400000gp/T/browser-composition-observation-f70437 (no git root found)
[2026-10-05 05:27:34] [INFO] [Workspace] Ignoring test MASC_BASE_PATH override=/Users/dancer/me for requested path /var/folders/bv/cjrbl01x52s6j80krdfb63400000gp/T/browser-composition-observation-f70437
[2026-10-05 05:27:34] [INFO] [Workspace] Synchronized MASC_BASE_PATH=/var/folders/bv/cjrbl01x52s6j80krdfb63400000gp/T/browser-composition-observation-f70437 for test executable test_browser_observation_composition.exe
ASSERT producer read succeeds before schema validation
ASSERT executor actually applies declared output schema
ASSERT read never dispatched
FAIL read never dispatched
Raised at Alcotest_engine__Test.check_err in file "src/alcotest-engine/test.ml", line 173, characters 20-48
Called from Dune__exe__Test_browser_observation_composition.test_composition_retains_observa in file "test/test_browser_observation_composition.ml", line 81, characters 72-100
Called from Eio_posix__Sched.with_op in file "lib_eio_posix/sched.ml", line 318, characters 8-12
Re-raised at Eio_posix__Sched.with_op in file "lib_eio_posix/sched.ml", line 324, characters 4-12
Called from Eio_posix__Sched.run.(fun) in file "lib_eio_posix/sched.ml", line 386, characters 29-47
Called from Eio_unix__Thread_pool.run in file "lib_eio/unix/thread_pool.ml", line 108, characters 8-13
Re-raised at Eio_unix__Thread_pool.run in file "lib_eio/unix/thread_pool.ml", line 113, characters 4-39
Re-raised at Eio_posix__Sched.run.fork.(fun) in file "lib_eio_posix/sched.ml", line 342, characters 12-76
Called from Stdlib__Fun.protect in file "fun.ml", line 34, characters 8-15
Re-raised at Stdlib__Fun.protect in file "fun.ml", line 39, characters 6-52
Called from Eio_posix__Sched.run in file "lib_eio_posix/sched.ml", lines 381-388, characters 4-9
Called from Eio_posix__Sched.with_sched in file "lib_eio_posix/sched.ml", line 258, characters 8-12
Re-raised at Eio_posix__Sched.with_sched in file "lib_eio_posix/sched.ml", line 263, characters 4-39
Called from Stdlib__Fun.protect in file "fun.ml", line 34, characters 8-15
Re-raised at Stdlib__Fun.protect in file "fun.ml", line 39, characters 6-52
Called from Alcotest_engine__Core.Make.protect_test.(fun) in file "src/alcotest-engine/core.ml", line 186, characters 17-23
Called from Alcotest_engine__Monad.Identity.catch in file "src/alcotest-engine/monad.ml", line 24, characters 31-35

Logs saved to `~/me/workspace/yousleepwhen/masc/.worktrees/fix-pr41185-browser-admission-20261005/_build/_tests/browser observation composition/production observer.000.output'.
 ──────────────────────────────────────────────────────────────────────────────

Full test results in `~/me/workspace/yousleepwhen/masc/.worktrees/fix-pr41185-browser-admission-20261005/_build/_tests/browser observation composition'.
4 failures! in 0.012s. 4 tests run.
