
> masc-dashboard@1.0.0 test /Users/dancer/me/workspace/yousleepwhen/masc/.worktrees/fix-pr41160-runtime-draft-races-20261004/dashboard
> vitest run --config vitest.config.ts --no-file-parallelism --maxWorkers=1 src/components/settings-surface.test.ts -t 'restarts all current Settings'


 RUN  v5.0.2 /Users/dancer/me/workspace/yousleepwhen/masc/.worktrees/fix-pr41160-runtime-draft-races-20261004/dashboard

 ❯ src/components/settings-surface.test.ts (59 tests | 1 failed | 58 skipped) 26ms
   ❯ SettingsSurface (48)
     × restarts all current Settings readings after authority changes during a post-commit refresh 25ms

⎯⎯⎯⎯⎯⎯⎯ Failed Tests 1 ⎯⎯⎯⎯⎯⎯⎯

 FAIL  src/components/settings-surface.test.ts > SettingsSurface > restarts all current Settings readings after authority changes during a post-commit refresh
TypeError: announceRuntimeTomlCommitted is not a function
 ❯ src/components/settings-surface.test.ts:2000:29
    1998|       apiMock.fetchRuntimeProviders.mockReturnValueOnce(oldProviders.p…
    1999|       apiMock.fetchRuntimeTomlConfig.mockReturnValueOnce(oldSource.pro…
    2000|       await act(async () => announceRuntimeTomlCommitted(executionWork…
       |                             ^
    2001|       await waitFor(() => expect(apiMock.fetchRuntimeResolved).toHaveB…
    2002|       const fresh = makeRuntimeResolved({ default_runtime: { ...makeRu…
 ❯ Module.u node_modules/.pnpm/preact@10.29.1/node_modules/preact/test-utils/src/index.js:76:5
 ❯ src/components/settings-surface.test.ts:2000:13

⎯⎯⎯⎯⎯⎯⎯⎯⎯⎯⎯⎯⎯⎯⎯⎯⎯⎯⎯⎯⎯⎯⎯⎯[1/1]⎯


 Test Files  1 failed (1)
      Tests  1 failed | 58 skipped (59)
   Start at  02:55:42
   Duration  1.80s (transform 49%, import 34%, environment 8%, setup 7%, tests 2%)

 ELIFECYCLE  Test failed. See above for more details.
