Testing `keeper_librarian_absorb_gate'.
This run has ID `J19BALZD'.

  [OK]          statements          0   the cut matches the golden.
  [OK]          judgment            0   every statement conveyed absorbs as a...
  [OK]          judgment            1   a statement not conveyed keeps its me...
  [OK]          judgment            2   the boundary is inclusive.
  [OK]          judgment            3   the model not answering preserves the...
  [OK]          judgment            4   an absorption the pass cannot place s...
  [OK]          judgment            5   an absorption into a restated memory ...
  [OK]          judgment            6   statements are asked in bounded reque...
  [OK]          judgment            7   a noul outside the unit interval keep...
  [OK]          judgment            8   a statement too large to judge keeps ...
  [OK]          judgment            9   an oversized memory stays current whe...
  [OK]          judgment           10   a claim over the state bound keeps al...
  [OK]          judgment           11   a rejection completed before a later ...
  [OK]          judgment           12   a conveyed verdict survives a later f...
  [OK]          judgment           13   failure retains unjudged from unvisit...
  [OK]          judgment           14   one run uses one endpoint and model s...
  [OK]          judgment           15   a run records the destination passed ...
  [OK]          judgment           16   cancelled next request retains its co...
  [OK]          judgment           17   skipped run publishes its completed o...
  [OK]          judgment           18   an excluded keeper is applied as answ...
  [OK]          judgment           19   a gate declared on without a lane kee...
  [OK]          judgment           20   a gate declared off applies as answer...
  [OK]          judgment           21   transport diagnostics retain cause wi...
  [OK]          judgment           22   failure bodies omit configured creden...
  [OK]          judgment           23   invalid responses retain all typed an...
  [OK]          judgment           24   a rejection in an answered request su...
  [OK]          judgment           25   partly conveyed source stays current ...
  [OK]          judgment           26   a missing seventeenth statement keeps...
  [OK]          judgment           27   selection gate and store preserve the...
  [OK]          judgment           28   payment failure cannot multiply curre...
  [OK]          reverse             0   a claim its sources convey is not app...
  [OK]          reverse             1   a claim with a new statement is applied.
  [OK]          reverse             2   a claim the judge cannot answer for i...
  [OK]          reverse             3   a gate without a lane applies every c...
  [OK]          reverse             4   a claim with an absorption applied is...
  [OK]          reverse             5   a claim that continues a dropped memo...
  [OK]          reverse             6   a restated memory is not asked back.
  [OK]          reverse             7   the reverse question names the memories.
  [OK]          reverse             8   a reverse tie keeps the claim.
  [OK]          reverse             9   a claim without a statement is not ju...
  [OK]          reverse            10   a statement only the second state con...
  [OK]          reverse            11   a statement no state conveys applies ...
  [OK]          reverse            12   a memory over the state bound is left...
  [OK]          reverse            13   a statement never asked is told apart...
  [OK]          reverse            14   the runtime does not save a copy.

Full test results in `~/me/workspace/yousleepwhen/masc/.worktrees/fix-pr41162-exact-activity-contracts-20261004/test/_build/_tests/keeper_librarian_absorb_gate'.
Test Successful in 0.204s. 45 tests run.
