Testing `Hitl_summary_worker'.
This run has ID `Q2ZMAPBB'.

  [OK]          domain                         0   typed judgments.
  [OK]          domain                         1   invalid judgment fails loud.
  [OK]          domain                         2   exact context bundle.
  [OK]          domain                         3   host context identifies re...
  [OK]          domain                         4   host context reads reposit...
  [OK]          domain                         5   host context reports missi...
  [OK]          domain                         6   the judge is not shown the...
  [OK]          domain                         7   the judge sees what the bo...
  [OK]          domain                         8   a turn without reasoning r...
  [OK]          domain                         9   a context of another shape...
  [OK]          domain                        10   the newest reasoning can b...
  [OK]          domain                        11   the budget keeps the newes...
  [OK]          domain                        12   missing context is reporte...
  [OK]          domain                        13   missing context does not c...
  [OK]          domain                        14   closed nonhierarchical sch...
  [OK]          domain                        15   JSON-syntax request is pro...
  [SKIP]        domain                        16   HITL flow takes a freed pe...
  [SKIP]        domain                        17   prompt is registry-owned.
  [SKIP]        production exact flow          0   order completion and replay.
  [SKIP]        production exact flow          1   pre-dispatch failure advan...
  [SKIP]        production exact flow          2   Keeper preference reorders...
  [SKIP]        production exact flow          3   JSON-syntax candidate admi...
  [SKIP]        production exact flow          4   between-candidate cancella...
  [SKIP]        production exact flow          5   visible bind blocks dispatch.
  [SKIP]        production exact flow          6   visible advance blocks suc...
  [SKIP]        production exact flow          7   visible completion blocks ...
  [SKIP]        production exact flow          8   completion identity confli...
  [SKIP]        production exact flow          9   flow execution failure qua...
  [SKIP]        production exact flow         10   manual resolution race is ...
  [SKIP]        production exact flow         11   post-dispatch cancellation...
  [SKIP]        production exact flow         12   spawn preserves cancellati...
  [SKIP]        production exact flow         13   pre-bind cancellation with...
  [SKIP]        production exact flow         14   bound cancellation cleanup...
  [SKIP]        production exact flow         15   pre-worker start failure p...
  [SKIP]        production exact flow         16   worker start survives Keep...
  [SKIP]        production exact flow         17   visible uncertainty withho...
  [SKIP]        production exact flow         18   same-owner workers run in ...
  [SKIP]        production exact flow         19   Require_human head does no...
  [SKIP]        production exact flow         20   orphaned start reservation...
  [SKIP]        cli_lane_slots                 0   cli bind rejection after r...
  [SKIP]        cli_lane_slots                 1   a cli slot answers after c...
  [SKIP]        cli_lane_slots                 2   CLI-only Host Gate complet...
  [SKIP]        cli_lane_slots                 3   an invalid provider respon...
  [SKIP]        cli_lane_slots                 4   the cli walk advances past...
  [SKIP]        cli_lane_slots                 5   quota ordering preserves d...
  [SKIP]        cli_lane_slots                 6   cli exhaustion quarantines...
  [SKIP]        flow_outcome_labels            0   every outcome keeps its me...
  [SKIP]        flow_outcome_labels            1   no two outcomes share a la...
  [SKIP]        run_registry_outcome           0   an observed summary earns ...
  [SKIP]        run_registry_outcome           1   a missing summary earns Fa...
  [SKIP]        run_registry_outcome           2   a missing summary reports ...
  [SKIP]        run_registry_outcome           3   a resolved source ends wit...
  [SKIP]        run_registry_outcome           4   source resolution preserve...

Full test results in `~/me/workspace/yousleepwhen/masc-godfile-refactor-20261008/_build/_tests/Hitl_summary_worker'.
Test Successful in 0.120s. 16 tests run.
