Testing `Lane Add-on worker'.
This run has ID `90BGJQQY'.

  [OK]          lifecycle          0   sampling manifest reply minimum.
  [OK]          lifecycle          1   sampling broker reply minimum.
  [OK]          lifecycle          2   sampling publication rejects canonical...
  [OK]          lifecycle          3   sampling publication rejects recovery ...
  [OK]          lifecycle          4   sampling publication rejects root syml...
  [OK]          lifecycle          5   sampling publication requires readable...
  [OK]          lifecycle          6   sampling fallback rejects external sym...
  [OK]          lifecycle          7   sampling fallback rejects external har...
  [OK]          lifecycle          8   sampling reads preserve canonical fail...
  [OK]          lifecycle          9   sampling retention error uses encoded ...
  [OK]          lifecycle         10   sampling blob failure keeps request ev...
  [OK]          lifecycle         11   sampling recovery reports unreadable t...
  [OK]          lifecycle         12   sampling receipt requires durable jour...
  [OK]          lifecycle         13   receipt projection reads shared outcom...
  [OK]          lifecycle         14   sampling terminal recovery and host re...
  [OK]          lifecycle         15   sampling reply bound and ancestor dura...
  [OK]          lifecycle         16   sampling refuses nonfinite retained ev...
  [OK]          lifecycle         17   sampling recovery reports unreadable p...
  [OK]          lifecycle         18   pending sampling recovery syncs reopen...
  [OK]          lifecycle         19   sampling recovery rejects replaced roo...
  [OK]          lifecycle         20   sampling recovery streams bounded reco...
  [OK]          lifecycle         21   known sampling outcomes survive cancel...
  [OK]          lifecycle         22   declared sampling requires the exact h...
  [OK]          lifecycle         23   image preview is read only and preserv...
  [OK]          lifecycle         24   world action and binary artifact ingress.
  [OK]          lifecycle         25   structured observation and exact removal.
  [OK]          lifecycle         26   blocked observation preserves other ow...
  [OK]          lifecycle         27   blocked initialization can detach.
  [OK]          lifecycle         28   resource refusal and bounded response.
  [OK]          lifecycle         29   cleanup failure remains retryable.
  [OK]          lifecycle         30   restart cleanup verifies exact owner.
  [OK]          lifecycle         31   restart recovers without a create rece...
  [OK]          lifecycle         32   deterministic name cannot authorize fo...
  [OK]          lifecycle         33   absence requires a successful Docker q...
  [OK]          lifecycle         34   recovery bounds an unresponsive Docker...
  [OK]          lifecycle         35   lost create response preserves unrelat...
  [OK]          lifecycle         36   created identity precedes blocked insp...

Full test results in `~/me/workspace/yousleepwhen/masc/.worktrees/fix-pr41197-nonempty-refusal-20261005/_build/default/test/_build/_tests/Lane Add-on worker'.
Test Successful in 7.015s. 37 tests run.
