
> masc-dashboard@1.0.0 test /Users/dancer/me/workspace/yousleepwhen/masc/.worktrees/fix-pr41191-parent-sync-20261005/dashboard
> vitest run --config vitest.config.ts --no-file-parallelism --maxWorkers=1 src/components/settings-surface.test.ts


 RUN  v5.0.2 /Users/dancer/me/workspace/yousleepwhen/masc/.worktrees/fix-pr41191-parent-sync-20261005/dashboard

AggregateError: 
    at internalConnectMultiple (node:net:1193:18)
    at afterConnectMultiple (node:net:1783:7) {
  code: 'ECONNREFUSED',
  [errors]: [
    Error: connect ECONNREFUSED ::1:3000
        at createConnectionError (node:net:1746:14)
        at afterConnectMultiple (node:net:1776:16) {
      errno: -61,
      code: 'ECONNREFUSED',
      syscall: 'connect',
      address: '::1',
      port: 3000
    },
    Error: connect ECONNREFUSED 127.0.0.1:3000
        at createConnectionError (node:net:1746:14)
        at afterConnectMultiple (node:net:1776:16) {
      errno: -61,
      code: 'ECONNREFUSED',
      syscall: 'connect',
      address: '127.0.0.1',
      port: 3000
    }
  ]
}
AggregateError: 
    at internalConnectMultiple (node:net:1193:18)
    at afterConnectMultiple (node:net:1783:7) {
  code: 'ECONNREFUSED',
  [errors]: [
    Error: connect ECONNREFUSED ::1:3000
        at createConnectionError (node:net:1746:14)
        at afterConnectMultiple (node:net:1776:16) {
      errno: -61,
      code: 'ECONNREFUSED',
      syscall: 'connect',
      address: '::1',
      port: 3000
    },
    Error: connect ECONNREFUSED 127.0.0.1:3000
        at createConnectionError (node:net:1746:14)
        at afterConnectMultiple (node:net:1776:16) {
      errno: -61,
      code: 'ECONNREFUSED',
      syscall: 'connect',
      address: '127.0.0.1',
      port: 3000
    }
  ]
}
 ❯ src/components/settings-surface.test.ts (63 tests | 3 failed) 422ms
   ❯ SettingsSurface (52)
     × refreshes mounted Settings from a verified Browser receipt before follow-up: unmount=false failure=false 18ms
     × refreshes mounted Settings from a verified Browser receipt before follow-up: unmount=true failure=false 19ms
     × refreshes mounted Settings from a verified Browser receipt before follow-up: unmount=true failure=true 13ms

⎯⎯⎯⎯⎯⎯⎯ Failed Tests 3 ⎯⎯⎯⎯⎯⎯⎯

 FAIL  src/components/settings-surface.test.ts > SettingsSurface > refreshes mounted Settings from a verified Browser receipt before follow-up: unmount=false failure=false
 FAIL  src/components/settings-surface.test.ts > SettingsSurface > refreshes mounted Settings from a verified Browser receipt before follow-up: unmount=true failure=false
 FAIL  src/components/settings-surface.test.ts > SettingsSurface > refreshes mounted Settings from a verified Browser receipt before follow-up: unmount=true failure=true
AssertionError: expected 'followup' to be 'saving' // Object.is equality

Expected: "saving"
Received: "followup"

 ❯ src/components/settings-surface.test.ts:2186:42
    2184|       expect(apiMock.fetchRuntimeDefaults.mock.calls.length).toBeGreat…
    2185|       expect(apiMock.fetchRuntimeProviders.mock.calls.length).toBeGrea…
    2186|       expect(session.state.peek().phase).toBe('saving')
       |                                          ^
    2187|       expect(resume).not.toHaveBeenCalled()
    2188|       expect(coreApi.post).not.toHaveBeenCalled()

⎯⎯⎯⎯⎯⎯⎯⎯⎯⎯⎯⎯⎯⎯⎯⎯⎯⎯⎯⎯⎯⎯⎯⎯[1/3]⎯


 Test Files  1 failed (1)
      Tests  3 failed | 60 passed (63)
   Start at  05:18:33
   Duration  2.63s (transform 41%, import 26%, tests 17%, environment 9%, setup 7%)

 ELIFECYCLE  Test failed. See above for more details.
