[gate-inheritance] base_ref=origin/main
[gate-inheritance] head_ref=HEAD
[gate-inheritance] base ci.yml scripts:
      scripts/anti-fake-audit.sh
    scripts/audit-dashboard-prompt-keys.sh
    scripts/audit-hardcoding-truth.sh
    scripts/audit-keeper-tool-boundary-matrix.sh
    scripts/audit-route-tool-catalog.sh
    scripts/audit-shell-ir-consumption.sh
    scripts/base-policy-audit.sh
    scripts/check-agent-core-boundary.sh
    scripts/check-boundary-guard-mli-pairs.sh
    scripts/check-boundary-guard.sh
    scripts/check-checkpoint-installation-legacy-purge.sh
    scripts/check-dashboard-nav-event-parity.sh
    scripts/check-doc-truth.sh
    scripts/check-eio-conventions.sh
    scripts/check-execute-async-surface.sh
    scripts/check-feature-flag-consistency.sh
    scripts/check-hitl-exact-flow-boundary.sh
    scripts/check-keeper-event-queue-projection-boundary.sh
    scripts/check-keeper-runtime-setting-registry.sh
    scripts/check-pr-hygiene.sh
    scripts/check-pr-sync.sh
    scripts/check-release-train-guard.sh
    scripts/check-runtime-deployment-preflight.sh
    scripts/check-sandbox-dune-version.sh
    scripts/check-spec-truth.sh
    scripts/check-ssot.sh
    scripts/check-toml-syntax.sh
    scripts/ci-run-test-suite.sh
    scripts/ci-run-tests.sh
    scripts/dashboard-drift-check.sh
    scripts/gen-grpc-descriptors.sh
    scripts/gen-sse-types.sh
    scripts/hardening-ratchet.sh
    scripts/health_snapshot.sh
    scripts/keeper-cwd-leak-gate.sh
    scripts/lib_dep_delta_ci.sh
    scripts/model-prose-ratchet.sh
    scripts/ocaml-boundary-ratchet.sh
    scripts/ocaml-structure-ratchet.sh
    scripts/quickstart-smoke.sh
    scripts/release-evidence.sh
    scripts/report-base-health.sh
    scripts/silent-failure-ratchet.sh
    scripts/stringly-boundary-ratchet.sh
    scripts/tla-bug-model-ratchet.sh
    scripts/turn-path-provider-agnostic-gate.sh
    scripts/validate-prompt-paths.sh
[gate-inheritance] head ci.yml scripts:
      scripts/anti-fake-audit.sh
    scripts/audit-ci-test-targets.sh
    scripts/audit-dashboard-prompt-keys.sh
    scripts/audit-hardcoding-truth.sh
    scripts/audit-keeper-tool-boundary-matrix.sh
    scripts/audit-route-tool-catalog.sh
    scripts/audit-shell-ir-consumption.sh
    scripts/base-policy-audit.sh
    scripts/check-agent-core-boundary.sh
    scripts/check-boundary-guard-mli-pairs.sh
    scripts/check-boundary-guard.sh
    scripts/check-checkpoint-installation-legacy-purge.sh
    scripts/check-dashboard-nav-event-parity.sh
    scripts/check-doc-truth.sh
    scripts/check-eio-conventions.sh
    scripts/check-execute-async-surface.sh
    scripts/check-feature-flag-consistency.sh
    scripts/check-hitl-exact-flow-boundary.sh
    scripts/check-keeper-event-queue-projection-boundary.sh
    scripts/check-keeper-runtime-setting-registry.sh
    scripts/check-pr-hygiene.sh
    scripts/check-pr-sync.sh
    scripts/check-release-train-guard.sh
    scripts/check-runtime-deployment-preflight.sh
    scripts/check-sandbox-dune-version.sh
    scripts/check-spec-truth.sh
    scripts/check-ssot.sh
    scripts/check-toml-syntax.sh
    scripts/ci-run-focused-tests.sh
    scripts/ci-run-tests.sh
    scripts/dashboard-drift-check.sh
    scripts/gen-grpc-descriptors.sh
    scripts/gen-sse-types.sh
    scripts/hardening-ratchet.sh
    scripts/health_snapshot.sh
    scripts/keeper-cwd-leak-gate.sh
    scripts/lib_dep_delta_ci.sh
    scripts/model-prose-ratchet.sh
    scripts/ocaml-boundary-ratchet.sh
    scripts/ocaml-structure-ratchet.sh
    scripts/quickstart-smoke.sh
    scripts/release-evidence.sh
    scripts/report-base-health.sh
    scripts/silent-failure-ratchet.sh
    scripts/stringly-boundary-ratchet.sh
    scripts/turn-path-provider-agnostic-gate.sh
    scripts/validate-prompt-paths.sh
::error title=gate-inheritance::PR branch ci.yml is missing required gate script 'scripts/ci-run-test-suite.sh' that base origin/main runs. This branch forked before that gate was introduced; rebase onto origin/main so the full-inspection gate runs before merge.
::error title=gate-inheritance::PR branch ci.yml is missing required gate script 'scripts/tla-bug-model-ratchet.sh' that base origin/main runs. This branch forked before that gate was introduced; rebase onto origin/main so the full-inspection gate runs before merge.
[gate-inheritance] FAIL - head ci.yml omits base-required gate script(s); rebase required
EXPECTED_FAIL_EXIT_CODE=1
