Testing `keeper_board_attention_partition'.
This run has ID `X6MZNDX7'.

  [OK]          durable singleton exact FSM          0   roots are determinis...
  [OK]          durable singleton exact FSM          1   exact claim never re...
  [OK]          durable singleton exact FSM          2   reconstructed candid...
  [OK]          durable singleton exact FSM          3   still-pending candid...
  [OK]          durable singleton exact FSM          4   generation advances ...
  [OK]          durable singleton exact FSM          5   binding owns complet...
  [OK]          durable singleton exact FSM          6   CLI-only completion ...
  [OK]          durable singleton exact FSM          7   existing judgment co...
  [OK]          durable singleton exact FSM          8   before advance recor...
  [OK]          durable singleton exact FSM          9   predispatch rejectio...
  [OK]          durable singleton exact FSM         10   runtime transitions ...
  [OK]          durable singleton exact FSM         11   Ready confirmations ...
  [OK]          durable singleton exact FSM         12   Ready confirmations ...
  [OK]          durable singleton exact FSM         13   restart releases onl...
  [OK]          durable singleton exact FSM         14   provider-neutral blo...
  [OK]          durable singleton exact FSM         15   strict current schem...
  [OK]          durable singleton exact FSM         16   torn tail recovery p...
  [OK]          durable singleton exact FSM         17   invalid or mismatche...
  [OK]          durable singleton exact FSM         18   abandon records a gi...
  [OK]          durable singleton exact FSM         19   still-pending candid...
  [OK]          durable singleton exact FSM         20   a judged candidate k...

Full test results in `~/me/workspace/yousleepwhen/masc-godfile-refactor-20261008/_build/_tests/keeper_board_attention_partition'.
Test Successful in 0.246s. 21 tests run.
