
> masc-dashboard@1.0.0 test /Users/dancer/me/workspace/yousleepwhen/masc/.worktrees/fix-pr41172-write-boundaries-20261005/dashboard
> vitest run --config vitest.config.ts --no-file-parallelism --maxWorkers=1 src/components/exact-lane-activity-panel.test.ts


 RUN  v5.0.2 /Users/dancer/me/workspace/yousleepwhen/masc/.worktrees/fix-pr41172-write-boundaries-20261005/dashboard

 ❯ src/components/exact-lane-activity-panel.test.ts (42 tests | 3 failed) 937ms
   ❯ Exact activity operator flow (33)
     × retains a known conflict at another file until explicit discard 10ms
     × keeps invalidation after a late preview failure without dispatching a save 3ms
     × does not adopt a conflict response superseded by another source generation 51ms

⎯⎯⎯⎯⎯⎯⎯ Failed Tests 3 ⎯⎯⎯⎯⎯⎯⎯

 FAIL  src/components/exact-lane-activity-panel.test.ts > Exact activity operator flow > retains a known conflict at another file until explicit discard
AssertionError: expected true to be false // Object.is equality

- Expected
+ Received

- false
+ true

 ❯ src/components/exact-lane-activity-panel.test.ts:82:43
     80|     const reads = api.fetchRuntimeTomlConfig.mock.calls.length
     81|     expect(await session.save(authority)).toBe(false)
     82|     expect(session.state.value.uncertain).toBe(false)
       |                                           ^
     83|     expect(session.state.value.current).toEqual(current)
     84|     expect(session.state.value.draft).toBe(previous)

⎯⎯⎯⎯⎯⎯⎯⎯⎯⎯⎯⎯⎯⎯⎯⎯⎯⎯⎯⎯⎯⎯⎯⎯[1/3]⎯

 FAIL  src/components/exact-lane-activity-panel.test.ts > Exact activity operator flow > keeps invalidation after a late preview failure without dispatching a save
AssertionError: expected { …(3) } to be null

- Expected:
null

+ Received:
{
  "source_path": "/workspace/runtime.toml",
  "source_revision": "2000a59f940a65b987b51444534690264f09956c65f48b7435ebd163d9d13d3c",
  "source_text": "# notes stay
[runtime.exact_output_lanes.librarian_exact]
slots = [\"first\", \"second\"]
cli_slots = [\"client\"]
enabled = true # preserve this comment

[providers.extra]
value = \"keep\"
",
}

 ❯ src/components/exact-lane-activity-panel.test.ts:105:41
    103|     expect(session.state.value.current).toBeNull()
    104|     pending.resolve(); expect(await saving).toBe(false)
    105|     expect(session.state.value.current).toBeNull()
       |                                         ^
    106|     expect(session.state.value.uncertain).toBe(false)
    107|     expect(session.ready(authority)).toBe(false)

⎯⎯⎯⎯⎯⎯⎯⎯⎯⎯⎯⎯⎯⎯⎯⎯⎯⎯⎯⎯⎯⎯⎯⎯[2/3]⎯

 FAIL  src/components/exact-lane-activity-panel.test.ts > Exact activity operator flow > does not adopt a conflict response superseded by another source generation
AssertionError: expected true to be false // Object.is equality

- Expected
+ Received

- false
+ true

 ❯ src/components/exact-lane-activity-panel.test.ts:121:43
    119|     announceRuntimeTomlWritten()
    120|     pending.resolve(); expect(await saving).toBe(false)
    121|     expect(session.state.value.uncertain).toBe(false)
       |                                           ^
    122|     expect(session.state.value.current).toBeNull()
    123|     expect(session.ready(authority)).toBe(false)

⎯⎯⎯⎯⎯⎯⎯⎯⎯⎯⎯⎯⎯⎯⎯⎯⎯⎯⎯⎯⎯⎯⎯⎯[3/3]⎯


 Test Files  1 failed (1)
      Tests  3 failed | 39 passed (42)
   Start at  05:02:45
   Duration  3.09s (tests 32%, import 28%, transform 24%, environment 9%, setup 8%)

 ELIFECYCLE  Test failed. See above for more details.
