Testing `tui_decode'.
This run has ID `YV4NGSD5'.

  [OK]          play revoke failure                          0   preserves co...
  [OK]          decode_oauth_client_saved                    0   reads scopes...
  [OK]          decode_tool_approval_mode_overrides          0   the wire wor...
  [OK]          decode_tool_approval_mode_overrides          1   a word the m...
  [OK]          decode_verification_evidence                 0   decodes the ...
  [OK]          decode_verification_evidence                 1   unavailable ...
  [OK]          decode_verification_evidence                 2   reason takes...
  [OK]          decode_goal_timeline                         0   carries read...
  [OK]          decode_goal_timeline                         1   null decodes...
  [OK]          decode_goal_timeline                         2   missing sour...
  [OK]          decode_goal_timeline                         3   rejects a th...
  [OK]          decode_task_history                          0   decodes live...
  [OK]          decode_task_history                          1   rejects a no...
  [OK]          decode_runtime_surface                       0   joins projec...
  [OK]          decode_runtime_surface                       1   Runtime quot...
  [OK]          decode_runtime_surface                       2   rejects an u...
  [OK]          decode_runtime_surface                       3   probe status...
  [OK]          decode_runtime_surface                       4   probe status...
  [OK]          decode_runtime_surface                       5   probe status...
  [OK]          decode_runtime_surface                       6   rejects stat...
  [OK]          decode_runtime_surface                       7   preserves pr...
  [OK]          decode_runtime_surface                       8   accepts an e...
  [OK]          decode_runtime_surface                       9   rejects a ma...
  [OK]          decode_runtime_surface                      10   rejects a so...
  [OK]          decode_runtime_surface                      11   catalog prob...
  [OK]          decode_runtime_surface                      12   limits rejec...
  [OK]          decode_runtime_surface                      13   keeps the de...
  [OK]          decode_runtime_surface                      14   default limi...
  [OK]          decode_runtime_surface                      15   keeps resolv...
  [OK]          decode_runtime_resolved                      0   requires a r...
  [OK]          decode_runtime_resolved                      1   carries runt...
  [OK]          decode_runtime_resolved                      2   carries runt...
  [OK]          decode_runtime_resolved                      3   exact slot d...
  [OK]          decode_runtime_resolved                      4   runtime cata...
  [OK]          decode_runtime_resolved                      5   a lane says ...
  [OK]          decode_keeper_tool_approvals                 0   carries the ...
  [OK]          decode_keeper_tool_approvals                 1   rejects a th...
  [OK]          decode_keeper_turns                          0   running, idl...
  [OK]          decode_keeper_turns                          1   rejects a ru...
  [OK]          decode_keeper_turns                          2   reads the pr...
  [OK]          decode_keeper_turns                          3   rejects an u...
  [OK]          decode_keeper_turns                          4   rejects an u...
  [OK]          decode_tools                                 0   reads the li...
  [OK]          decode_tools                                 1   keeps the wa...
  [OK]          decode_tools                                 2   a tool proje...
  [OK]          decode_tools                                 3   absent direc...
  [OK]          decode_tools                                 4   no inventory...
  [OK]          decode_tools                                 5   effective su...
  [OK]          decode_tools                                 6   effective su...
  [OK]          decode_tools                                 7   a tool origi...
  [OK]          decode_tools                                 8   the unavaila...
  [OK]          decode_tools                                 9   effective un...
  [OK]          decode_tools                                10   effective su...
  [OK]          decode_tools                                11   Skill activa...
  [OK]          decode_tools                                12   Skill activa...
  [OK]          decode_tools                                13   Skill activa...
  [OK]          decode_tools                                14   Skill activa...
  [OK]          decode_tools                                15   tool snapsho...
  [OK]          decode_tools                                16   Skill activa...
  [OK]          decode_connectors                            0   reads the li...
  [OK]          decode_connectors                            1   configured i...
  [OK]          decode_connectors                            2   poll state i...
  [OK]          decode_connectors                            3   unknown runt...
  [OK]          decode_connectors                            4   nonpositive ...
  [OK]          decode_connectors                            5   absent flags...
  [OK]          decode_connectors                            6   contradictor...
  [OK]          decode_connectors                            7   connected bu...
  [OK]          decode_connectors                            8   malformed bi...
  [OK]          decode_connectors                            9   registry ord...
  [OK]          decode_connectors                           10   authenticate...
  [OK]          decode_repositories                          0   reads the li...
  [OK]          decode_repositories                          1   absent auto-...
  [OK]          decode_repositories                          2   a failure ke...
  [OK]          decode_repositories                          3   active has n...
  [OK]          decode_repositories                          4   a word it ca...
  [OK]          decode_repositories                          5   a repository...
  [OK]          decode_repositories                          6   resolved pat...
  [OK]          decode_repositories                          7   repository c...
  [OK]          decode_repositories                          8   memory healt...
  [OK]          decode_repositories                          9   memory healt...
  [OK]          decode_repositories                         10   memory healt...
  [OK]          decode_repositories                         11   memory alert...
  [OK]          decode_repositories                         12   standalone l...
  [OK]          decode_repositories                         13   a lane confi...
  [OK]          decode_repositories                         14   every lane d...
  [OK]          decode_repositories                         15   standalone l...
  [OK]          decode_repositories                         16   merge names ...
  [OK]          decode_repositories                         17   merge with e...
  [OK]          decode_repositories                         18   memory facts...
  [OK]          decode_repositories                         19   memory fact ...
  [OK]          decode_repositories                         20   memory fact ...
  [OK]          decode_repositories                         21   memory facts...
  [OK]          decode_repositories                         22   memory facts...
  [OK]          decode_repositories                         23   memory facts...
  [OK]          decode_repositories                         24   project chan...
  [OK]          decode_keeper_lanes                          0   reads the li...
  [OK]          decode_keeper_lanes                          1   requires the...
  [OK]          decode_keeper_lanes                          2   a lane witho...
  [OK]          decode_keeper_lanes                          3   every known ...
  [OK]          decode_standalone_lanes                      0   keeps runnin...
  [OK]          decode_standalone_lanes                      1   keeps the ne...
  [OK]          decode_standalone_lanes                      2   JEV state is...
  [OK]          decode_standalone_lanes                      3   rejects dupl...
  [OK]          decode_standalone_lanes                      4   every lane s...
  [OK]          decode_clients                               0   reads both s...
  [OK]          decode_clients                               1   rejects an u...
  [OK]          decode_lane_runs                             0   page filters...
  [OK]          decode_lane_runs                             1   lane run pag...
  [OK]          decode_lane_runs                             2   running run ...
  [OK]          decode_lane_runs                             3   exact failur...
  [OK]          decode_lane_runs                             4   status decod...
  [OK]          decode_lane_runs                             5   verifier sum...
  [OK]          decode_lane_runs                             6   detail carri...
  [OK]          decode_lane_runs                             7   Librarian pr...
  [OK]          decode_lane_runs                             8   Board answer...
  [OK]          decode_lane_runs                             9   Board answer...
  [OK]          decode_lane_runs                            10   terminal lan...
  [OK]          decode_lane_runs                            11   running lane...
  [OK]          decode_lane_runs                            12   running deta...
  [OK]          decode_lane_runs                            13   HITL advisor...
  [OK]          decode_lane_runs                            14   HITL unknown...
  [OK]          decode_lane_runs                            15   HITL persist...
  [OK]          decode_lane_runs                            16   HITL persist...
  [OK]          decode_lane_runs                            17   verifier det...
  [OK]          decode_lane_runs                            18   detail requi...
  [OK]          decode_lane_runs                            19   Goal evaluat...
  [OK]          decode_lane_runs                            20   lane detail ...
  [OK]          decode_lane_runs                            21   lane run det...
  [OK]          decode_fusion                                0   historical o...
  [OK]          decode_fusion                                1   historical i...
  [OK]          decode_fusion                                2   keeps typed ...
  [OK]          decode_fusion                                3   decodes RFC-...
  [OK]          decode_fusion                                4   keeps live p...
  [OK]          decode_fusion                                5   keeps actual...
  [OK]          decode_fusion                                6   a judge acto...
  [OK]          decode_fusion                                7   keeps each s...
  [OK]          decode_fusion                                8   refuses a se...
  [OK]          decode_fusion                                9   reads the la...
  [OK]          decode_harness                               0   reads the li...
  [OK]          decode_harness                               1   reads the wh...
  [OK]          decode_harness                               2   without a le...
  [OK]          decode_harness                               3   keeps the fa...
  [OK]          decode_harness                               4   an empty har...
  [OK]          decode_verification                          0   reads the li...
  [OK]          decode_verification                          1   the view rou...
  [OK]          decode_verification                          2   an unknown v...
  [OK]          decode_verification                          3   the page and...
  [OK]          decode_verification                          4   an empty que...
  [OK]          decode_verification                          5   unresolved i...
  [OK]          decode_verification                          6   the awaiting...
  [OK]          decode_verification                          7   a stale queu...
  [OK]          decode_verification                          8   no evidence ...
  [OK]          decode_system_logs                           0   reads the li...
  [OK]          decode_system_logs                           1   warn and war...
  [OK]          decode_system_logs                           2   category voc...
  [OK]          decode_system_logs                           3   level ladder...
  [OK]          decode_system_logs                           4   verbose togg...
  [OK]          decode_system_logs                           5   an unnamed l...
  [OK]          decode_system_logs                           6   null keeper ...
  [OK]          decode_system_logs                           7   keeps browse...
  [OK]          decode_system_logs                           8   unknown sour...
  [OK]          decode_system_logs                           9   message is r...
  [OK]          decode_agent                                 0   success.
  [OK]          decode_agent                                 1   missing stat...
  [OK]          decode_task                                  0   missing prio...
  [OK]          decode_task                                  1   active proje...
  [OK]          decode_task                                  2   active proje...
  [OK]          decode_keeper                                0   projects cur...
  [OK]          decode_keeper                                1   formats last...
  [OK]          decode_keeper                                2   zero last tu...
  [OK]          decode_keeper                                3   rejects reti...
  [OK]          decode_keeper                                4   preserves do...
  [OK]          decode_keeper                                5   rejects miss...
  [OK]          decode_planning                              0   current cont...
  [OK]          decode_planning                              1   Goal store e...
  [OK]          decode_planning                              2   Goal source ...
  [OK]          decode_planning                              3   Goal store e...
  [OK]          decode_planning                              4   Goal link so...
  [OK]          decode_planning                              5   rejects runn...
  [OK]          decode_planning                              6   planning sna...
  [OK]          decode_planning                              7   planning sna...
  [OK]          decode_planning                              8   goal carries...
  [OK]          decode_planning                              9   unreadable i...
  [OK]          decode_planning                             10   carries the ...
  [OK]          decode_planning                             11   refuses a go...
  [OK]          decode_planning                             12   keeps the la...
  [OK]          decode_planning                             13   keeps the se...
  [OK]          decode_planning                             14   tolerates mi...
  [OK]          decode_fleet_safety                          0   carries both...
  [OK]          decode_fleet_safety                          1   the fleet gr...
  [OK]          decode_fleet_safety                          2   fleet safety...
  [OK]          decode_fleet_safety                          3   every field ...
  [OK]          decode_fleet_safety                          4   the snapshot...
  [OK]          decode_fleet_safety                          5   the placehol...
  [OK]          decode_fleet_safety                          6   an unknown b...
  [OK]          decode_fleet_safety                          7   a full fleet...
  [OK]          decode_fleet_safety                          8   a body witho...
  [OK]          terminal_text                                0   escapes cont...
  [OK]          terminal_text                                1   preserves pr...
  [OK]          terminal_text                                2   escapes malf...
  [OK]          terminal_text                                3   returns ASCI...
  [OK]          terminal_text                                4   escapes invi...
  [OK]          terminal_text                                5   keeps the jo...
  [OK]          terminal_text                                6   keeps the ta...
  [OK]          terminal_text                                7   escapes ever...
  [OK]          terminal_text                                8   is idempoten...
  [OK]          terminal_text                                9   preview mark...
  [OK]          terminal_text                               10   sanitizes ti...
  [OK]          keeper_calls                                 0   decodes exac...
  [OK]          keeper_calls                                 1   rejects part...
  [OK]          keeper_calls                                 2   keeps the re...
  [OK]          keeper_calls                                 3   an unknown h...
  [OK]          keeper_calls                                 4   rejects rows...
  [OK]          keeper_calls                                 5   requires the...
  [OK]          keeper_calls                                 6   success fall...
  [OK]          keeper_calls                                 7   carries what...
  [OK]          parse_log_entry                              0   current turn...
  [OK]          parse_log_entry                              1   all current ...
  [OK]          parse_log_entry                              2   current hear...
  [OK]          parse_log_entry                              3   a turn price...
  [OK]          parse_log_entry                              4   a cost witho...
  [OK]          parse_log_entry                              5   a row with s...
  [OK]          parse_log_entry                              6   retired and ...
  [OK]          context_observation                          0   observed and...
  [OK]          context_observation                          1   closed unava...
  [OK]          context_observation                          2   hybrid and p...
  [OK]          parse_keeper_chat_response                   0   sse delta.
  [OK]          parse_keeper_chat_response                   1   keeper SSE f...
  [OK]          parse_keeper_chat_response                   2   AG-UI SSE.
  [OK]          parse_keeper_chat_response                   3   AG-UI error.
  [OK]          parse_keeper_chat_response                   4   AG-UI empty ...
  [OK]          parse_keeper_chat_response                   5   body json.
  [OK]          parse_keeper_chat_response                   6   json error.
  [OK]          structured_http_response                     0   body rejects...
  [OK]          structured_http_response                     1   body allows ...
  [OK]          structured_http_response                     2   HTTP fallbac...
  [OK]          structured_http_response                     3   bounded body...
  [OK]          structured_http_response                     4   long json se...
  [OK]          structured_http_response                     5   tool envelop...
  [OK]          structured_http_response                     6   tool envelop...
  [OK]          structured_http_response                     7   tool envelop...
  [OK]          structured_http_response                     8   tool envelop...
  [OK]          sgr_mouse                                    0   wheel up cla...
  [OK]          sgr_mouse                                    1   wheel down c...
  [OK]          sgr_mouse                                    2   clicks, rele...
  [OK]          sgr_mouse                                    3   wheel report...
  [OK]          sgr_mouse                                    4   wheel report...
  [OK]          sgr_mouse                                    5   left press r...
  [OK]          sgr_mouse                                    6   left press i...
  [OK]          x10_mouse                                    0   the wheel ca...
  [OK]          x10_mouse                                    1   left press a...
  [OK]          x10_mouse                                    2   other presse...
  [OK]          x10_mouse                                    3   motion and t...
  [OK]          x10_mouse                                    4   a position b...
  [OK]          x10_mouse                                    5   agrees with ...
  [OK]          prompts                                      0   reads the li...
  [OK]          prompts                                      1   decode_prese...
  [OK]          prompts                                      2   decode_prese...
  [OK]          prompts                                      3   a preset ref...
  [OK]          prompts                                      4   a 200 carryi...
  [OK]          prompts                                      5   a JSON refus...
  [OK]          prompts                                      6   reads separa...
  [OK]          prompts                                      7   reads the he...
  [OK]          prompts                                      8   reads an ove...
  [OK]          prompts                                      9   an absent he...
  [OK]          prompts                                     10   hides assemb...
  [OK]          prompts                                     11   rejects an u...
  [OK]          prompts                                     12   rejects an u...
  [OK]          prompts                                     13   rejects a ro...
  [OK]          prompts                                     14   survives a s...
  [OK]          prompts                                     15   rejects a ro...
  [OK]          prompts                                     16   rejects a pa...
  [OK]          prompts                                     17   latest Libra...
  [OK]          prompts                                     18   latest Libra...
  [OK]          prompts                                     19   Librarian pa...
  [OK]          prompts                                     20   Librarian pa...
  [OK]          server_identity                              0   reads a heal...
  [OK]          server_identity                              1   survives a b...
  [OK]          server_identity                              2   takes an int...
  [OK]          server_identity                              3   reads the wo...
  [OK]          server_identity                              4   reads the st...
  [OK]          server_identity                              5   reads teleme...
  [OK]          bounded_parent_depth                         0   stops on cycle.
  [OK]          runtime_params                               0   reads curren...
  [OK]          runtime_params                               1   takes an emp...
  [OK]          runtime_params                               2   rejects a ro...
  [OK]          runtime_params                               3   reads a clos...
  [OK]          runtime_params                               4   orders rows ...
  [OK]          runtime_params                               5   attaches the...
  [OK]          runtime_params                               6   leaves an un...
  [OK]          keeper_gate_settings                         0   reads both l...
  [OK]          keeper_gate_settings                         1   takes an emp...
  [OK]          keeper_gate_settings                         2   rejects a ro...
  [OK]          keeper_gate_settings                         3   refuses an u...
  [OK]          keeper_secret_projection                     0   reads names,...
  [OK]          keeper_secret_projection                     1   skips a Keep...
  [OK]          keeper_secret_projection                     2   keeps an unk...
  [OK]          keeper_secret_projection                     3   rejects a wr...
  [OK]          gate_snapshot                                0   an identity ...
  [OK]          gate_snapshot                                1   standing rul...
  [OK]          gate_snapshot                                2   rows disting...
  [OK]          gate_snapshot                                3   blocked reas...
  [OK]          gate_snapshot                                4   an execute r...
  [OK]          gate_snapshot                                5   an execute r...
  [OK]          gate_snapshot                                6   an execute r...
  [OK]          gate_snapshot                                7   another oper...
  [OK]          gate_snapshot                                8   an execute r...
  [OK]          gate_snapshot                                9   an unknown e...
  [OK]          gate_snapshot                               10   an execute d...
  [OK]          gate_snapshot                               11   a connector ...
  [OK]          gate_snapshot                               12   a command th...
  [OK]          gate_snapshot                               13   another oper...
  [OK]          gate_snapshot                               14   a null queue...
  [OK]          gate_snapshot                               15   an unreadabl...
  [OK]          gate_snapshot                               16   a ready queu...
  [OK]          gate_snapshot                               17   a row missin...
  [OK]          skills_catalog                               0   retained usa...
  [OK]          skills_catalog                               1   errors carry...
  [OK]          skills_catalog                               2   reads usage ...
  [OK]          skills_catalog                               3   reads the di...
  [OK]          skills_catalog                               4   keeps the pr...
  [OK]          skills_catalog                               5   rejects a no...
  [OK]          skills_catalog                               6   keeps invali...
  [OK]          skills_catalog                               7   keeps which ...
  [OK]          skills_catalog                               8   keeps empty ...
  [OK]          skills_catalog                               9   closes schem...
  [OK]          skills_catalog                              10   reads every ...
  [OK]          git_blame                                    0   reads the ro...
  [OK]          git_blame                                    1   refuses the ...
  [OK]          git_blame                                    2   names the ru...
  [OK]          skill_evidence                               0   reads exact ...
  [OK]          skill_evidence                               1   accepts decl...
  [OK]          skill_evidence                               2   rejects v1 a...
  [OK]          skill_evidence                               3   requires obs...
  [OK]          skill_evidence                               4   requires eve...
  [OK]          skill_evidence                               5   reads typed ...
  [OK]          skill_evidence                               6   rejects open...
  [OK]          skill_evidence                               7   timestamp ti...
  [OK]          decode_timestamp_display                     0   renders a nu...
  [OK]          decode_timestamp_display                     1   keeps a pres...
  [OK]          schedule runner hold                         0   reads a held...
  [OK]          schedule runner hold                         1   reads not he...
  [OK]          schedule runner hold                         2   reads a fenc...
  [OK]          schedule runner hold                         3   refuses a ti...
  [OK]          schedule runner hold                         4   reads the li...
  [OK]          schedule runner hold                         5   reads as of ...
  [OK]          keeper usage cache                           0   compute and ...
  [OK]          play invites                                 0   preserves pa...
  [OK]          play invites                                 1   a refusal sa...
  [OK]          file change                                  0   reads an ins...
  [OK]          file change                                  1   reads a mate...

Full test results in `~/me/workspace/yousleepwhen/masc/.worktrees/native40759-reconcile-20261005/_build/_tests/tui_decode'.
Test Successful in 0.031s. 351 tests run.
