Testing `tui_render_memory'.
This run has ID `4WQ0WAWG'.

  [OK]          age_label                   0   age_label_formatting.
  [OK]          row_lines                   0   fact_row.
  [OK]          row_lines                   1   fleet_fact_row.
  [OK]          row_lines                   2   source_fact_row.
  [OK]          row_lines                   3   invalidation_row.
  [OK]          row_lines                   4   rows_and_header_share_one_grid.
  [OK]          row_lines                   5   detail_names_the_use_record.
  [OK]          row_lines                   6   a fact nobody read says so once.
  [OK]          detail_lines                0   detail_lines_bounded.
  [OK]          detail_lines                1   narrow detail preserves exact...
  [OK]          detail_lines                2   detail_lines_source_and_inval...
  [OK]          detail_lines                3   the detail keeps the claim's ...
  [OK]          detail_lines                4   every detail block starts its...
  [OK]          render_body                 0   memory_body_budget.
  [OK]          render_body                 1   header rows come out of the b...
  [OK]          render_body                 2   rejected Keeper rows remain i...
  [OK]          render_body                 3   the keeper block breaks the L...
  [OK]          render_body                 4   memory_body_with_keepers.
  [OK]          render_body                 5   the filter bar names the quer...
  [OK]          render_body                 6   the fact filter bar names the...
  [OK]          render_body                 7   the librarian line says when ...
  [OK]          render_body                 8   the default block folds the l...
  [OK]          render_body                 9   memory recovery does not inhe...
  [OK]          render_body                10   the row classifier keeps unre...
  [OK]          render_body                11   the librarian line names a st...
  [OK]          render_body                12   the fleet header fits the fra...
  [OK]          render_body                13   the header keeps each count w...
  [OK]          render_body                14   a wider frame spends fewer ro...
  [OK]          render_body                15   the librarian line speaks the...
  [OK]          render_body                16   memory_body_sorting.
  [OK]          render_body                17   memory_overflow_selection.
  [OK]          render_body                18   memory_body_cursor_clamping.
  [OK]          render_body                19   memory_facts_body.
  [OK]          render_body                20   Category rail keeps counts, c...
  [OK]          render_body                21   Category rail wrapped range e...
  [OK]          render_body                22   category rail bounds oversize...
  [OK]          render_body                23   a failed facts read does not ...
  [OK]          render_body                24   a failed facts refresh keeps ...
  [OK]          render_body                25   facts selection follows the r...
  [OK]          render_body                26   event sidecar read errors are...
  [OK]          render_body                27   an empty memory page uses the...
  [OK]          one place per fact          0   search count and cursor share...
  [OK]          one place per fact          1   the title and the row each sa...
  [OK]          one place per fact          2   a read in flight says so and ...
  [OK]          one place per fact          3   the clock and the badge keep ...
  [OK]          one place per fact          4   the facts title keeps the kee...
  [OK]          one place per fact          5   the breakdown and the sort si...
  [OK]          one place per fact          6   the breakdown counts the rows...
  [OK]          one place per fact          7   the category row is the share...
  [OK]          one place per fact          8   the narrowest body spends its...
  [OK]          one place per fact          9   every badge this cell draws i...
  [OK]          one place per fact         10   the row badge says what the s...
  [OK]          one place per fact         11   only the alarm category is dr...
  [OK]          one place per fact         12   the pane's own two words surv...

Full test results in `~/me/workspace/yousleepwhen/masc/.worktrees/native40759-reconcile-20261005/_build/_tests/tui_render_memory'.
Test Successful in 0.025s. 54 tests run.
