Testing `keeper_unified_verification_surface'.
This run has ID `ERT3BAK9'.

  [OK]          verification_surface          0   answered Ask survives later...
  [OK]          verification_surface          1   autonomous wake speaker nam...
  [OK]          verification_surface          2   affordance: no keeper is of...
  [OK]          verification_surface          3   affordance: Board activity ...
  [OK]          verification_surface          4   affordance: no Board activi...
  [OK]          verification_surface          5   prompt: all Board authors s...
  [OK]          verification_surface          6   prompt: board reaction even...
  [OK]          verification_surface          7   prompt: board vote event re...
  [OK]          verification_surface          8   prompt: observation tool na...
  [OK]          verification_surface          9   affordance: task claim requ...
  [OK]          verification_surface         10   affordance: task claim pres...
  [OK]          verification_surface         11   trigger: absolute and match...
  [OK]          verification_surface         12   trigger: unclaimable backlo...
  [OK]          verification_surface         13   trigger: no keeper wakes on...
  [OK]          verification_surface         14   trigger: scheduled automati...
  [OK]          verification_surface         15   prompt: scheduled automatio...
  [OK]          verification_surface         16   prompt: schedule rows escap...
  [OK]          verification_surface         17   prompt: absent wake title i...
  [OK]          verification_surface         18   prompt: scheduled wake is n...
  [OK]          verification_surface         19   prompt: scheduled wake pres...
  [OK]          verification_surface         20   prompt: scheduled wake rend...
  [OK]          verification_surface         21   prompt: repeated schedule o...
  [OK]          verification_surface         22   prompt: untitled wake keeps...
  [OK]          verification_surface         23   prompt: completion authorit...
  [OK]          verification_surface         24   prompt: approved outcome ap...
  [OK]          verification_surface         25   prompt: task cancellation h...
  [OK]          verification_surface         26   prompt: task cancellation w...
  [OK]          verification_surface         27   prompt: completion authorit...
  [OK]          verification_surface         28   prompt: own recent board po...
  [OK]          verification_surface         29   prompt: own recent board po...
  [OK]          verification_surface         30   prompt: Board Activity unde...
  [OK]          verification_surface         31   prompt: Board Activity rend...
  [OK]          verification_surface         32   prompt: a comment on your o...
  [OK]          verification_surface         33   prompt: a reply after your ...
  [OK]          verification_surface         34   prompt: Board and own-post ...
  [OK]          verification_surface         35   prompt: no own recent board...
  [OK]          verification_surface         36   world-state frame states th...
  [OK]          verification_surface         37   prompt: complete approval a...
  [OK]          verification_surface         38   prompt: approval authority ...
  [OK]          verification_surface         39   prompt: incomplete approval...
  [OK]          verification_surface         40   workspace ledger is a fresh...
  [OK]          verification_surface         41   invariant: world-state fram...
  [OK]          verification_surface         42   invariant: autonomous conti...

Full test results in `~/me/workspace/yousleepwhen/masc-godfile-refactor-20261008/_build/_tests/keeper_unified_verification_surface'.
Test Successful in 0.049s. 43 tests run.
