Testing `keeper_unified_verification_surface'.
This run has ID `2JT7M23M'.

  [OK]          verification_surface          0   answered Ask survives later...
  [OK]          verification_surface          1   autonomous wake speaker nam...
  [OK]          verification_surface          2   affordance: no keeper is of...
  [OK]          verification_surface          3   affordance: Board activity ...
  [OK]          verification_surface          4   affordance: no Board activi...
> [FAIL]        verification_surface          5   prompt: all Board authors s...
  [OK]          verification_surface          6   prompt: board reaction even...
  [OK]          verification_surface          7   prompt: board vote event re...
  [OK]          verification_surface          8   prompt: observation tool na...
  [OK]          verification_surface          9   affordance: task claim requ...
  [OK]          verification_surface         10   affordance: task claim pres...
  [OK]          verification_surface         11   trigger: absolute and match...
  [OK]          verification_surface         12   trigger: unclaimable backlo...
  [OK]          verification_surface         13   trigger: no keeper wakes on...
  [OK]          verification_surface         14   trigger: scheduled automati...
  [FAIL]        verification_surface         15   prompt: scheduled automatio...
  [OK]          verification_surface         16   prompt: schedule rows escap...
  [OK]          verification_surface         17   prompt: absent wake title i...
  [FAIL]        verification_surface         18   prompt: scheduled wake is n...
  [OK]          verification_surface         19   prompt: scheduled wake pres...
  [FAIL]        verification_surface         20   prompt: scheduled wake rend...
  [FAIL]        verification_surface         21   prompt: repeated schedule o...
  [FAIL]        verification_surface         22   prompt: untitled wake keeps...
  [FAIL]        verification_surface         23   prompt: completion authorit...
  [FAIL]        verification_surface         24   prompt: approved outcome ap...
  [FAIL]        verification_surface         25   prompt: task cancellation h...
  [OK]          verification_surface         26   prompt: task cancellation w...
  [OK]          verification_surface         27   prompt: completion authorit...
  [FAIL]        verification_surface         28   prompt: own recent board po...
  [OK]          verification_surface         29   prompt: own recent board po...
  [FAIL]        verification_surface         30   prompt: Board Activity unde...
  [FAIL]        verification_surface         31   prompt: Board Activity rend...
  [OK]          verification_surface         32   prompt: a comment on your o...
  [OK]          verification_surface         33   prompt: a reply after your ...
  [OK]          verification_surface         34   prompt: Board and own-post ...
  [OK]          verification_surface         35   prompt: no own recent board...
  [FAIL]        verification_surface         36   world-state frame states th...
  [FAIL]        verification_surface         37   prompt: complete approval a...
  [FAIL]        verification_surface         38   prompt: approval authority ...
  [FAIL]        verification_surface         39   prompt: incomplete approval...
  [FAIL]        verification_surface         40   workspace ledger is a fresh...
  [FAIL]        verification_surface         41   invariant: world-state fram...
  [OK]          verification_surface         42   invariant: autonomous conti...

┌──────────────────────────────────────────────────────────────────────────────┐
│ [FAIL]        verification_surface          5   prompt: all Board author...  │
└──────────────────────────────────────────────────────────────────────────────┘
ASSERT automation event uses neutral boundary
File "test/test_keeper_unified_verification_surface.ml", line 246, character 2:
FAIL automation event uses neutral boundary

   Expected: `true'
   Received: `false'

Raised at Alcotest_engine__Test.check in file "src/alcotest-engine/test.ml", lines 216-226, characters 4-19
Called from Dune__exe__Test_keeper_unified_verification_surface.test_board_authors_share_one in file "test/test_keeper_unified_verification_surface.ml", lines 246-247, characters 2-44
Called from Alcotest_engine__Core.Make.protect_test.(fun) in file "src/alcotest-engine/core.ml", line 186, characters 17-23
Called from Alcotest_engine__Monad.Identity.catch in file "src/alcotest-engine/monad.ml", line 24, characters 31-35

Logs saved to `~/me/workspace/yousleepwhen/masc-godfile-refactor-20261008/_build/_tests/keeper_unified_verification_surface/verification_surface.005.output'.
 ──────────────────────────────────────────────────────────────────────────────

Full test results in `~/me/workspace/yousleepwhen/masc-godfile-refactor-20261008/_build/_tests/keeper_unified_verification_surface'.
18 failures! in 0.048s. 43 tests run.
