Testing `Lane Add-on worker'.
This run has ID `ITRW63L3'.

  [OK]          lifecycle          0   startup recovery rejects outcome symli...
  [OK]          lifecycle          1   startup recovery rejects request symli...
  [OK]          lifecycle          2   startup recovery promotes terminal bef...
  [OK]          lifecycle          3   startup recovery contains deep corrupt...
  [OK]          lifecycle          4   bounded sampling root loop returns error.
  [OK]          lifecycle          5   cold read preserves optional marked co...
  [OK]          lifecycle          6   request namespace progress survives ou...
> [FAIL]        lifecycle          7   outcome namespace progress survives re...
  [OK]          lifecycle          8   pending discovery resumes after namesp...
  [OK]          lifecycle          9   pending recovery sees two Stores and c...
  [OK]          lifecycle         10   pending recovery handles crash and fai...
  [OK]          lifecycle         11   pending recovery preserves other names...
  [OK]          lifecycle         12   pending discovery separates record and...
  [OK]          lifecycle         13   canonical missing under external paren...
  [OK]          lifecycle         14   canonical directory under external par...
  [OK]          lifecycle         15   canonical missing under external paren...
  [OK]          lifecycle         16   canonical directory under external par...
  [OK]          lifecycle         17   relative store root blob roundtrip.
  [OK]          lifecycle         18   relative store root sequence roundtrip.
  [OK]          lifecycle         19   sampling publication rejects canonical...
  [OK]          lifecycle         20   sampling publication rejects recovery ...
  [OK]          lifecycle         21   sampling publication rejects root syml...
  [OK]          lifecycle         22   sampling publication requires readable...
  [OK]          lifecycle         23   sampling fallback rejects external sym...
  [OK]          lifecycle         24   sampling fallback rejects external har...
  [OK]          lifecycle         25   sampling reads preserve canonical fail...
  [OK]          lifecycle         26   sampling retention error uses encoded ...
  [OK]          lifecycle         27   sampling blob failure keeps request ev...
  [OK]          lifecycle         28   sampling recovery reports unreadable t...
  [OK]          lifecycle         29   sampling receipt requires durable jour...
  [OK]          lifecycle         30   receipt projection reads shared outcom...
  [OK]          lifecycle         31   sampling terminal recovery and host re...
  [OK]          lifecycle         32   sampling reply bound and ancestor dura...
  [OK]          lifecycle         33   sampling bounds actual wire frames.
  [OK]          lifecycle         34   sampling refuses nonfinite retained ev...
  [OK]          lifecycle         35   sampling recovery reports unreadable p...
  [OK]          lifecycle         36   pending sampling recovery syncs reopen...
  [OK]          lifecycle         37   sampling recovery rejects replaced roo...
  [OK]          lifecycle         38   sampling recovery streams bounded reco...
  [OK]          lifecycle         39   known sampling outcomes survive cancel...
  [OK]          lifecycle         40   declared sampling requires the exact h...
  [OK]          lifecycle         41   image preview is read only and preserv...
  [OK]          lifecycle         42   world action and binary artifact ingress.
  [OK]          lifecycle         43   structured observation and exact removal.
  [OK]          lifecycle         44   blocked observation preserves other ow...
  [OK]          lifecycle         45   blocked initialization can detach.
  [OK]          lifecycle         46   resource refusal and bounded response.
  [OK]          lifecycle         47   cleanup failure remains retryable.
  [OK]          lifecycle         48   restart cleanup verifies exact owner.
  [OK]          lifecycle         49   restart recovers without a create rece...
  [OK]          lifecycle         50   deterministic name cannot authorize fo...
  [OK]          lifecycle         51   absence requires a successful Docker q...
  [OK]          lifecycle         52   recovery bounds an unresponsive Docker...
  [FAIL]        lifecycle         53   lost create response preserves unrelat...
  [OK]          lifecycle         54   created identity precedes blocked insp...

┌──────────────────────────────────────────────────────────────────────────────┐
│ [FAIL]        lifecycle          7   outcome namespace progress survives...  │
└──────────────────────────────────────────────────────────────────────────────┘
ASSERT one namespace failure stays explicit
ASSERT incomplete namespace discovery remains pending
ASSERT healthy namespace result becomes durable
ASSERT healthy request marker is fully retired
File "test/test_lane_addon_worker.ml", line 2044, character 2:
FAIL healthy request marker is fully retired

   Expected: `false'
   Received: `true'

Raised at Alcotest_engine__Test.check in file "src/alcotest-engine/test.ml", lines 216-226, characters 4-19
Called from Dune__exe__Test_lane_addon_worker.test_sampling_discovery_keeps_namespace_progre in file "test/test_lane_addon_worker.ml", lines 2044-2045, characters 2-71
Called from Stdlib__Fun.protect in file "fun.ml", line 34, characters 8-15
Re-raised at Stdlib__Fun.protect in file "fun.ml", line 39, characters 6-52
Called from Eio__core__Switch.run_internal in file "lib_eio/core/switch.ml", line 133, characters 8-12
Re-raised at Eio__core__Switch.maybe_raise_exs in file "lib_eio/core/switch.ml", line 119, characters 21-56
Called from Eio__core__Switch.run_internal in file "lib_eio/core/switch.ml", line 149, characters 4-21
Called from Eio__core__Cancel.with_cc in file "lib_eio/core/cancel.ml", line 118, characters 8-12
Re-raised at Eio__core__Cancel.with_cc in file "lib_eio/core/cancel.ml", line 120, characters 50-58
Called from Eio__core__Fiber.any_gen.(fun).wrap in file "lib_eio/core/fiber.ml", line 113, characters 16-20
Re-raised at Eio__core__Fiber.any_gen in file "lib_eio/core/fiber.ml", line 155, characters 25-60
Called from Eio_posix__Sched.with_op in file "lib_eio_posix/sched.ml", line 318, characters 8-12
Re-raised at Eio_posix__Sched.with_op in file "lib_eio_posix/sched.ml", line 324, characters 4-12
Called from Eio_posix__Sched.run.(fun) in file "lib_eio_posix/sched.ml", line 386, characters 29-47
Called from Eio_unix__Thread_pool.run in file "lib_eio/unix/thread_pool.ml", line 108, characters 8-13
Re-raised at Eio_unix__Thread_pool.run in file "lib_eio/unix/thread_pool.ml", line 113, characters 4-39
Re-raised at Eio_posix__Sched.run.fork.(fun) in file "lib_eio_posix/sched.ml", line 342, characters 12-76
Called from Stdlib__Fun.protect in file "fun.ml", line 34, characters 8-15
Re-raised at Stdlib__Fun.protect in file "fun.ml", line 39, characters 6-52
Called from Eio_posix__Sched.run in file "lib_eio_posix/sched.ml", lines 381-388, characters 4-9
Called from Eio_posix__Sched.with_sched in file "lib_eio_posix/sched.ml", line 258, characters 8-12
Re-raised at Eio_posix__Sched.with_sched in file "lib_eio_posix/sched.ml", line 263, characters 4-39
Called from Stdlib__Fun.protect in file "fun.ml", line 34, characters 8-15
Re-raised at Stdlib__Fun.protect in file "fun.ml", line 39, characters 6-52
Called from Alcotest_engine__Core.Make.protect_test.(fun) in file "src/alcotest-engine/core.ml", line 186, characters 17-23
Called from Alcotest_engine__Monad.Identity.catch in file "src/alcotest-engine/monad.ml", line 24, characters 31-35

Logs saved to `~/me/workspace/yousleepwhen/masc/.worktrees/fix-pr41033-recovery-boundaries-20261005/test/_build/_tests/Lane Add-on worker/lifecycle.007.output'.
 ──────────────────────────────────────────────────────────────────────────────

Full test results in `~/me/workspace/yousleepwhen/masc/.worktrees/fix-pr41033-recovery-boundaries-20261005/test/_build/_tests/Lane Add-on worker'.
2 failures! in 10.223s. 55 tests run.
