Testing `Lane Add-on worker'.
This run has ID `HQV0KFU0'.

  [SKIP]        lifecycle          0   startup recovery rejects outcome symli...
  [SKIP]        lifecycle          1   startup recovery rejects request symli...
  [SKIP]        lifecycle          2   startup recovery promotes terminal bef...
  [OK]          lifecycle          3   startup recovery contains deep corrupt...
  [SKIP]        lifecycle          4   bounded sampling root loop returns error.
  [SKIP]        lifecycle          5   cold read preserves optional marked co...
  [SKIP]        lifecycle          6   request namespace progress survives ou...
  [SKIP]        lifecycle          7   outcome namespace progress survives re...
  [SKIP]        lifecycle          8   pending discovery resumes after namesp...
  [SKIP]        lifecycle          9   pending recovery sees two Stores and c...
  [SKIP]        lifecycle         10   pending recovery handles crash and fai...
  [SKIP]        lifecycle         11   pending recovery preserves other names...
  [SKIP]        lifecycle         12   pending discovery separates record and...
  [SKIP]        lifecycle         13   canonical missing under external paren...
  [SKIP]        lifecycle         14   canonical directory under external par...
  [SKIP]        lifecycle         15   canonical missing under external paren...
  [SKIP]        lifecycle         16   canonical directory under external par...
  [SKIP]        lifecycle         17   relative store root blob roundtrip.
  [SKIP]        lifecycle         18   relative store root sequence roundtrip.
  [SKIP]        lifecycle         19   sampling publication rejects canonical...
  [SKIP]        lifecycle         20   sampling publication rejects recovery ...
  [SKIP]        lifecycle         21   sampling publication rejects root syml...
  [SKIP]        lifecycle         22   sampling publication requires readable...
  [SKIP]        lifecycle         23   sampling fallback rejects external sym...
  [SKIP]        lifecycle         24   sampling fallback rejects external har...
  [SKIP]        lifecycle         25   sampling reads preserve canonical fail...
  [SKIP]        lifecycle         26   sampling retention error uses encoded ...
  [SKIP]        lifecycle         27   sampling blob failure keeps request ev...
  [SKIP]        lifecycle         28   sampling recovery reports unreadable t...
  [SKIP]        lifecycle         29   sampling receipt requires durable jour...
  [SKIP]        lifecycle         30   receipt projection reads shared outcom...
  [SKIP]        lifecycle         31   sampling terminal recovery and host re...
  [SKIP]        lifecycle         32   sampling reply bound and ancestor dura...
  [SKIP]        lifecycle         33   sampling bounds actual wire frames.
  [SKIP]        lifecycle         34   sampling refuses nonfinite retained ev...
  [SKIP]        lifecycle         35   sampling recovery reports unreadable p...
  [SKIP]        lifecycle         36   pending sampling recovery syncs reopen...
  [SKIP]        lifecycle         37   sampling recovery rejects replaced roo...
  [SKIP]        lifecycle         38   sampling recovery streams bounded reco...
  [SKIP]        lifecycle         39   known sampling outcomes survive cancel...
  [SKIP]        lifecycle         40   declared sampling requires the exact h...
  [SKIP]        lifecycle         41   image preview is read only and preserv...
  [SKIP]        lifecycle         42   world action and binary artifact ingress.
  [SKIP]        lifecycle         43   structured observation and exact removal.
  [SKIP]        lifecycle         44   blocked observation preserves other ow...
  [SKIP]        lifecycle         45   blocked initialization can detach.
  [SKIP]        lifecycle         46   resource refusal and bounded response.
  [SKIP]        lifecycle         47   cleanup failure remains retryable.
  [SKIP]        lifecycle         48   restart cleanup verifies exact owner.
  [SKIP]        lifecycle         49   restart recovers without a create rece...
  [SKIP]        lifecycle         50   deterministic name cannot authorize fo...
  [SKIP]        lifecycle         51   absence requires a successful Docker q...
  [SKIP]        lifecycle         52   recovery bounds an unresponsive Docker...
  [SKIP]        lifecycle         53   lost create response preserves unrelat...
  [SKIP]        lifecycle         54   created identity precedes blocked insp...

Full test results in `~/me/workspace/yousleepwhen/masc/.worktrees/fix-pr41033-recovery-boundaries-20261005/test/_build/_tests/Lane Add-on worker'.
Test Successful in 0.015s. 1 test run.
