Testing `Lane Add-on worker'.
This run has ID `BUH67YLY'.

  [OK]          lifecycle          0   startup recovery rejects outcome symli...
  [OK]          lifecycle          1   startup recovery rejects request symli...
  [OK]          lifecycle          2   startup recovery promotes terminal bef...
  [OK]          lifecycle          3   startup recovery contains deep corrupt...
  [OK]          lifecycle          4   bounded sampling root loop returns error.
  [OK]          lifecycle          5   cold read preserves optional marked co...
  [OK]          lifecycle          6   request namespace progress survives ou...
  [OK]          lifecycle          7   outcome namespace progress survives re...
  [OK]          lifecycle          8   pending discovery resumes after namesp...
  [OK]          lifecycle          9   pending recovery sees two Stores and c...
  [OK]          lifecycle         10   pending recovery handles crash and fai...
  [OK]          lifecycle         11   pending recovery preserves other names...
  [OK]          lifecycle         12   pending discovery separates record and...
  [OK]          lifecycle         13   canonical missing under external paren...
  [OK]          lifecycle         14   canonical directory under external par...
  [OK]          lifecycle         15   canonical missing under external paren...
  [OK]          lifecycle         16   canonical directory under external par...
  [OK]          lifecycle         17   relative store root blob roundtrip.
  [OK]          lifecycle         18   relative store root sequence roundtrip.
  [OK]          lifecycle         19   sampling publication rejects canonical...
  [OK]          lifecycle         20   sampling publication rejects recovery ...
  [OK]          lifecycle         21   sampling publication rejects root syml...
  [OK]          lifecycle         22   sampling publication requires readable...
  [OK]          lifecycle         23   sampling fallback rejects external sym...
  [OK]          lifecycle         24   sampling fallback rejects external har...
  [OK]          lifecycle         25   sampling reads preserve canonical fail...
  [OK]          lifecycle         26   sampling retention error uses encoded ...
  [OK]          lifecycle         27   sampling blob failure keeps request ev...
  [OK]          lifecycle         28   sampling recovery reports unreadable t...
  [OK]          lifecycle         29   sampling receipt requires durable jour...
  [OK]          lifecycle         30   receipt projection reads shared outcom...
  [OK]          lifecycle         31   sampling terminal recovery and host re...
  [OK]          lifecycle         32   sampling reply bound and ancestor dura...
  [OK]          lifecycle         33   sampling bounds actual wire frames.
  [OK]          lifecycle         34   sampling refuses nonfinite retained ev...
  [OK]          lifecycle         35   sampling recovery reports unreadable p...
  [OK]          lifecycle         36   pending sampling recovery syncs reopen...
  [OK]          lifecycle         37   sampling recovery rejects replaced roo...
  [OK]          lifecycle         38   sampling recovery streams bounded reco...
  [OK]          lifecycle         39   known sampling outcomes survive cancel...
  [OK]          lifecycle         40   declared sampling requires the exact h...
  [OK]          lifecycle         41   image preview is read only and preserv...
  [OK]          lifecycle         42   world action and binary artifact ingress.
  [OK]          lifecycle         43   structured observation and exact removal.
  [OK]          lifecycle         44   blocked observation preserves other ow...
  [OK]          lifecycle         45   blocked initialization can detach.
  [OK]          lifecycle         46   resource refusal and bounded response.
  [OK]          lifecycle         47   cleanup failure remains retryable.
  [OK]          lifecycle         48   restart cleanup verifies exact owner.
  [OK]          lifecycle         49   restart recovers without a create rece...
  [OK]          lifecycle         50   deterministic name cannot authorize fo...
  [OK]          lifecycle         51   absence requires a successful Docker q...
  [OK]          lifecycle         52   recovery bounds an unresponsive Docker...
  [OK]          lifecycle         53   lost create response preserves unrelat...
  [OK]          lifecycle         54   created identity precedes blocked insp...

Full test results in `~/me/workspace/yousleepwhen/masc/.worktrees/fix-pr41033-recovery-boundaries-20261005/test/_build/_tests/Lane Add-on worker'.
Test Successful in 8.940s. 55 tests run.
