
> masc-dashboard@1.0.0 test /Users/dancer/me/workspace/yousleepwhen/masc/.worktrees/fix-pr41191-parent-sync-20261005/dashboard
> vitest run --config vitest.config.ts --no-file-parallelism --maxWorkers=1 src/components/browser-lane-activity-panel.test.ts


 RUN  v5.0.2 /Users/dancer/me/workspace/yousleepwhen/masc/.worktrees/fix-pr41191-parent-sync-20261005/dashboard

 ❯ src/components/browser-lane-activity-panel.test.ts (45 tests | 3 failed) 588ms
   ❯ Browser activity operator flow (22)
     × retains a known conflict at another file until explicit discard 9ms
     × keeps invalidation after a late preview failure without dispatching a save 3ms
     × does not adopt a conflict response superseded by another source generation 52ms

⎯⎯⎯⎯⎯⎯⎯ Failed Tests 3 ⎯⎯⎯⎯⎯⎯⎯

 FAIL  src/components/browser-lane-activity-panel.test.ts > Browser activity operator flow > retains a known conflict at another file until explicit discard
AssertionError: expected true to be false // Object.is equality

- Expected
+ Received

- false
+ true

 ❯ src/components/browser-lane-activity-panel.test.ts:81:43
     79|     const reads = api.fetchRuntimeTomlConfig.mock.calls.length
     80|     expect(await session.save(authority)).toBe(false)
     81|     expect(session.state.value.uncertain).toBe(false)
       |                                           ^
     82|     expect(session.state.value.current).toEqual(current)
     83|     expect(session.state.value.draft).toBe(previous)

⎯⎯⎯⎯⎯⎯⎯⎯⎯⎯⎯⎯⎯⎯⎯⎯⎯⎯⎯⎯⎯⎯⎯⎯[1/3]⎯

 FAIL  src/components/browser-lane-activity-panel.test.ts > Browser activity operator flow > keeps invalidation after a late preview failure without dispatching a save
AssertionError: expected { …(3) } to be null

- Expected:
null

+ Received:
{
  "source_path": "/workspace/runtime.toml",
  "source_revision": "914e9fa0511bc2ad4f0d55206086183e031ec09d6572dfe104cbaf7577a79618",
  "source_text": "# notes stay
[browser.automation]
geckodriver = \"/tools/geckodriver\"
binary = \"/tools/firefox\"
enabled = true # preserve this comment

[browser.stagehand]
enabled = false

[providers.extra]
value = \"keep\"
",
}

 ❯ src/components/browser-lane-activity-panel.test.ts:104:41
    102|     expect(session.state.value.current).toBeNull()
    103|     pending.resolve(); expect(await saving).toBe(false)
    104|     expect(session.state.value.current).toBeNull()
       |                                         ^
    105|     expect(session.state.value.uncertain).toBe(false)
    106|     expect(session.ready(authority)).toBe(false)

⎯⎯⎯⎯⎯⎯⎯⎯⎯⎯⎯⎯⎯⎯⎯⎯⎯⎯⎯⎯⎯⎯⎯⎯[2/3]⎯

 FAIL  src/components/browser-lane-activity-panel.test.ts > Browser activity operator flow > does not adopt a conflict response superseded by another source generation
AssertionError: expected true to be false // Object.is equality

- Expected
+ Received

- false
+ true

 ❯ src/components/browser-lane-activity-panel.test.ts:120:43
    118|     announceRuntimeTomlWritten()
    119|     pending.resolve(); expect(await saving).toBe(false)
    120|     expect(session.state.value.uncertain).toBe(false)
       |                                           ^
    121|     expect(session.state.value.current).toBeNull()
    122|     expect(session.ready(authority)).toBe(false)

⎯⎯⎯⎯⎯⎯⎯⎯⎯⎯⎯⎯⎯⎯⎯⎯⎯⎯⎯⎯⎯⎯⎯⎯[3/3]⎯


 Test Files  1 failed (1)
      Tests  3 failed | 42 passed (45)
   Start at  05:02:46
   Duration  2.55s (import 32%, transform 26%, tests 24%, environment 10%, setup 8%)

 ELIFECYCLE  Test failed. See above for more details.
