Testing `Browser activity draft and save'.
This run has ID `I7JFIYN0'.

  [OK]          operator flow          0   Live guidance respects client-owne...
  [OK]          operator flow          1   explicit save preserves paths, oth...
  [OK]          operator flow          2   conflict reapplies activity only.
  [OK]          operator flow          3   fresh read retains and discard res...
  [OK]          operator flow          4   clean draft follows external activ...
  [OK]          operator flow          5   clean draft preserves latest unrel...
  [OK]          operator flow          6   durable draft follows next file wh...
  [OK]          operator flow          7   uncertain drafts need explicit rea...
  [OK]          operator flow          8   clean draft keeps changed-path bou...
  [OK]          operator flow          9   backend flags and flat automation ...
  [OK]          operator flow         10   flat paths retain operator comments.
  [OK]          operator flow         11   unavailable and malformed input.
  [OK]          operator flow         12   workspace roundtrip ignores old ca...
  [OK]          operator flow         13   unconfirmed write and preview refu...
  [OK]          operator flow         14   changed file path needs discard.
  [OK]          operator flow         15   quoted and multiline table shapes.
  [OK]          operator flow         16   stored setting does not hide appli...

Full test results in `~/me/workspace/yousleepwhen/masc/.worktrees/fix-pr41187-raw-save-docs-20261005/_build/_tests/Browser activity draft and save'.
Test Successful in 0.008s. 17 tests run.
