Testing `keeper skill activation ledger'.
This run has ID `PMBGQHVU'.

  [OK]          session ledger          0   empty, durable record, idempotent...
  [OK]          session ledger          1   exact identities and revisions re...
  [OK]          session ledger          2   same Skill keeps distinct invocat...
  [OK]          session ledger          3   session origins survive durable r...
  [OK]          session ledger          4   delivery and later action share o...
  [OK]          session ledger          5   demoted result is not delivery.
  [OK]          session ledger          6   official client handoff is typed.
  [OK]          session ledger          7   cross-turn ToolResult replay is i...
  [OK]          session ledger          8   conflicting delivery is durable e...
  [OK]          session ledger          9   action before delivery is durable...
  [OK]          session ledger         10   scoped summaries preserve exact r...
  [OK]          session ledger         11   corrupt payload is typed.
  [OK]          session ledger         12   copied ledger is bound to its trace.
  [OK]          session ledger         13   duplicate exact key is rejected.
  [OK]          session ledger         14   same trace copied across workspac...
  [OK]          session ledger         15   official Unicode Skill name is ac...
  [OK]          session ledger         16   duplicate JSON field is rejected.
  [OK]          session ledger         17   activation constructors enforce t...
  [OK]          session ledger         18   Task id sets are nonempty and uni...
  [OK]          session ledger         19   record rejects another trace.
  [OK]          session ledger         20   revision binds workspace and trace.
  [OK]          session ledger         21   projection decoder reuses all led...
> [FAIL]        session ledger         22   shared Python revision fixture.
  [OK]          session ledger         23   receipt projection binds the full...
  [OK]          session ledger         24   store error string keeps decode d...
  [OK]          session ledger         25   the held ledger is the one the fi...
  [OK]          session ledger         26   each mutation appends one row.
  [OK]          session ledger         27   a torn last row is cut on the fir...
  [OK]          session ledger         28   an event for an unrecorded activa...
  [OK]          session ledger         29   an unterminated first row is refu...
  [OK]          session ledger         30   rows another writer appends are r...
  [OK]          session ledger         31   a replaced store is replayed from...
  [OK]          session ledger         32   a torn tail after a warm read is ...
  [OK]          session ledger         33   the replay holds rows to the writ...
  [OK]          session ledger         34   a row the replay could not read i...

┌──────────────────────────────────────────────────────────────────────────────┐
│ [FAIL]        session ledger         22   shared Python revision fixture.    │
└──────────────────────────────────────────────────────────────────────────────┘
[exception] Sys_error("fixtures/skill-ledger-revision.json: No such file or directory")
            Raised by primitive operation at Stdlib.open_in_gen in file "stdlib.ml", line 405, characters 28-54
            Called from Stdlib.open_in in file "stdlib.ml" (inlined), line 410, characters 2-45
            Called from Yojson__Safe.from_file in file "lib/read.mll", line 901, characters 13-25
            Called from Dune__exe__Test_keeper_skill_activation_ledger.test_shared_python_revision_fixtu in file "test/test_keeper_skill_activation_ledger.ml", line 1276, characters 13-72
            Called from Alcotest_engine__Core.Make.protect_test.(fun) in file "src/alcotest-engine/core.ml", line 186, characters 17-23
            Called from Alcotest_engine__Monad.Identity.catch in file "src/alcotest-engine/monad.ml", line 24, characters 31-35
            
Logs saved to `~/me/workspace/yousleepwhen/masc-godfile-refactor-20261008/_build/_tests/keeper skill activation ledger/session ledger.022.output'.
 ──────────────────────────────────────────────────────────────────────────────

Full test results in `~/me/workspace/yousleepwhen/masc-godfile-refactor-20261008/_build/_tests/keeper skill activation ledger'.
1 failure! in 0.142s. 35 tests run.
