Testing `fs_compat publication reconciliation'.
This run has ID `UU0P77YK'.

  [OK]          recovery evidence preservation          0   prepared absent b...
  [OK]          recovery evidence preservation          1   bound stage is pr...
  [OK]          recovery evidence preservation          2   allowed root iden...
  [OK]          recovery evidence preservation          3   remaining forensi...
  [OK]          recovery evidence preservation          4   historical prepar...
  [OK]          recovery evidence preservation          5   corrupt and inval...
  [OK]          recovery evidence preservation          6   transition failur...
  [OK]          recovery evidence preservation          7   missing area pres...
  [OK]          recovery evidence preservation          8   counterpart area ...
  [OK]          recovery evidence preservation          9   unexpected lane e...
  [OK]          recovery evidence preservation         10   wrong area permis...
  [OK]          recovery evidence preservation         11   existing registry...
  [OK]          recovery evidence preservation         12   existing lane per...
  [OK]          recovery evidence preservation         13   structured report...
  [SKIP]        incremental recovery inventory          0   exact demand reco...
  [SKIP]        incremental recovery inventory          1   discovery does no...
  [SKIP]        incremental recovery inventory          2   discovery suspens...
  [SKIP]        incremental recovery inventory          3   suspended owner d...
  [SKIP]        incremental recovery inventory          4   discovery failure...
  [SKIP]        incremental recovery inventory          5   non-current inven...
  [SKIP]        incremental recovery inventory          6   non-current recon...
  [SKIP]        incremental recovery inventory          7   reconciliation cr...
  [SKIP]        incremental recovery inventory          8   discovery termina...
  [SKIP]        incremental recovery inventory          9   inspection progre...
  [SKIP]        incremental recovery inventory         10   reconciliation te...
  [SKIP]        incremental recovery inventory         11   inventory generat...
  [SKIP]        incremental recovery inventory         12   reconciliation ge...
  [SKIP]        incremental recovery inventory         13   inspection winner...
  [SKIP]        incremental recovery inventory         14   health aggregate ...
  [SKIP]        incremental recovery inventory         15   retryable lane st...
  [SKIP]        incremental recovery inventory         16   single borrow dra...

Full test results in `~/me/workspace/yousleepwhen/masc-godfile-refactor-20261008/_build/_tests/fs_compat publication reconciliation'.
Test Successful in 0.239s. 14 tests run.
