Testing `keeper hitl replay delivery'.
This run has ID `QBBJ8H2S'.

  [OK]          post-tool boundary preemption          0   deliverable resolu...
  [OK]          post-tool boundary preemption          1   undeliverable reso...
  [OK]          post-tool boundary preemption          2   queue without a re...
  [OK]          post-tool boundary preemption          3   pending connector ...
  [OK]          post-tool boundary preemption          4   no connector atten...
  [OK]          post-tool boundary preemption          5   connector attentio...
  [OK]          post-tool boundary preemption          6   yield request trac...
  [OK]          turn-start projection                  0   projects the ready...
  [OK]          turn-start projection                  1   skips a resolution...
  [OK]          turn-start projection                  2   projects nothing f...
  [OK]          absent durable record                  0   store answers abou...
  [OK]          absent durable record                  1   a resolution witho...
  [OK]          absent durable record                  2   a resolution witho...
  [OK]          settled continuation                   0   a failed continuat...
  [OK]          settled continuation                   1   a settled resoluti...
  [OK]          retired recipient                      0   settles the delive...

Full test results in `~/me/workspace/yousleepwhen/masc-godfile-refactor-20261008/_build/_tests/keeper hitl replay delivery'.
Test Successful in 1.095s. 16 tests run.
