Testing `Process_eio coverage'.
This run has ID `EKC3PISV'.

> [FAIL]        fallback cwd                      0   each execution path use...
  [FAIL]        fallback cwd                      1   unavailable directory r...
  [SKIP]        fallback                          0   retry-on-bind-eaddrinuse.
  [SKIP]        fallback                          1   retry-on-cancelled-bind...
  [SKIP]        fallback                          2   argv-fallback-preserves...
  [SKIP]        fallback                          3   argv-with-status-fallba...
  [SKIP]        fallback                          4   spawn-guard-wraps-foreg...
  [SKIP]        fallback                          5   argv-with-stdin-fallbac...
  [SKIP]        fallback                          6   argv-fallback-surfaces-...
  [SKIP]        fallback                          7   argv-with-status-fallba...
  [SKIP]        fallback                          8   argv-with-status-split-...
  [SKIP]        fallback                          9   argv-with-status-split-...
  [SKIP]        fallback                         10   argv-with-status-split-...
  [SKIP]        fallback                         11   argv-with-status-split-...
  [SKIP]        fallback                         12   argv-with-status-split-...
  [SKIP]        fallback                         13   argv-with-status-split-...
  [SKIP]        fallback                         14   argv-with-status-split-...
  [SKIP]        fallback                         15   argv-with-status-fallba...
  [SKIP]        fallback                         16   fallback-normal-exit-cl...
  [SKIP]        fallback                         17   fallback-timeout-cleans...
  [SKIP]        fallback                         18   fallback-owner-preserve...
  [SKIP]        fallback                         19   fallback-owner-exceptio...
  [SKIP]        fallback                         20   argv-with-status-fallba...
  [SKIP]        fallback                         21   timeout-log-keeps-subse...
  [SKIP]        fallback                         22   timeout-returns-the-par...
  [SKIP]        fallback                         23   timeout-without-output-...
  [SKIP]        fallback                         24   init-exposes-complete-r...
  [SKIP]        cancellation-propagation          0   run_argv-propagates-can...
  [SKIP]        cancellation-propagation          1   run_argv_with_status-pr...
  [SKIP]        cancellation-propagation          2   run_argv_with_stdin-pro...
  [SKIP]        cancellation-propagation          3   run_argv_with_stdin_and...
  [SKIP]        cancellation-propagation          4   run_argv_with_status-cw...
  [SKIP]        cancellation-propagation          5   run_argv_with_status-in...
  [SKIP]        cancellation-propagation          6   run_argv_with_status_sp...
  [SKIP]        cancellation-propagation          7   run_argv_pipeline_with_...
  [SKIP]        cancellation-propagation          8   run_argv_with_status_sp...
  [SKIP]        cancellation-propagation          9   run_argv_with_stdin_and...
  [SKIP]        cancellation-propagation         10   run_argv_with_status_sp...
  [SKIP]        cancellation-propagation         11   run_argv_with_status_sp...
  [SKIP]        cancellation-propagation         12   run_argv_with_status_sp...
  [SKIP]        cancellation-propagation         13   run_argv_with_status_sp...
  [SKIP]        cancellation-propagation         14   run_argv_with_status-re...
  [SKIP]        cancellation-propagation         15   run_argv_pipeline-timeo...
  [SKIP]        cancellation-propagation         16   reset_for_testing-clear...
  [SKIP]        cancellation-propagation         17   capture-bounds-oversize...
  [SKIP]        cancellation-propagation         18   capture-leaves-small-st...
  [SKIP]        cancellation-propagation         19   exit-reason-classifies-...
  [SKIP]        cancellation-propagation         20   run_argv_with_stdin_hel...
  [SKIP]        cancellation-propagation         21   run_argv_with_stdin_hel...
  [SKIP]        cancellation-grace                0   cancel-file-redirects-p...
  [SKIP]        cancellation-grace                1   cancel-early-pipe-eof-p...
  [SKIP]        cancellation-grace                2   cancel-waits-for-the-ch...
  [SKIP]        cancellation-grace                3   cancel-grace-is-bounded...
  [SKIP]        timeout-grace                     0   run_argv_with_status_sp...
  [SKIP]        timeout-grace                     1   run_argv_with_stdin_and...
  [SKIP]        timeout-grace                     2   parent-cancel-during-th...

┌──────────────────────────────────────────────────────────────────────────────┐
│ [FAIL]        fallback cwd                      0   each execution path ...  │
└──────────────────────────────────────────────────────────────────────────────┘
ASSERT status exits successfully
ASSERT status stderr
ASSERT status cwd/output
File "test/test_process_eio_coverage.ml", line 648, character 2:
FAIL status cwd/output

   Expected: `"/Users/dancer/me/workspace/yousleepwhen/masc-godfile-refactor-20261008/process-cwd-e68c2f/first directory"'

   Received: `"/Users/dancer/me/workspace/yousleepwhen/masc-godfile-refactor-20261008"'

Raised at Alcotest_engine__Test.check in file "src/alcotest-engine/test.ml", lines 216-226, characters 4-19
Called from Dune__exe__Test_process_eio_coverage.test_fallback_cwd_applies_to_each_execution in file "test/test_process_eio_coverage.ml", lines 648-649, characters 2-79
Called from Stdlib__Fun.protect in file "fun.ml", line 34, characters 8-15
Re-raised at Stdlib__Fun.protect in file "fun.ml", line 39, characters 6-52
Called from Alcotest_engine__Core.Make.protect_test.(fun) in file "src/alcotest-engine/core.ml", line 186, characters 17-23
Called from Alcotest_engine__Monad.Identity.catch in file "src/alcotest-engine/monad.ml", line 24, characters 31-35

Logs saved to `~/me/workspace/yousleepwhen/masc-godfile-refactor-20261008/_build/_tests/Process_eio coverage/fallback cwd.000.output'.
 ──────────────────────────────────────────────────────────────────────────────

Full test results in `~/me/workspace/yousleepwhen/masc-godfile-refactor-20261008/_build/_tests/Process_eio coverage'.
2 failures! in 0.066s. 2 tests run.
