Testing `[1mkeeper_mention_scope[0m'.
[2mThis run has ID `TLDVXGZK'.

[0m  [32m[OK][0m          [36mboundary_mention_match[0m                0   plain.
  [32m[OK][0m          [36mboundary_mention_match[0m                1   alicex_not_matched.
  [32m[OK][0m          [36mboundary_mention_match[0m                2   email_not_matched.
  [32m[OK][0m          [36mboundary_mention_match[0m                3   case_insensitive.
  [32m[OK][0m          [36mboundary_mention_match[0m                4   trailing_punct.
  [32m[OK][0m          [36mboundary_mention_match[0m                5   no_mention.
  [32m[OK][0m          [36mboundary_mention_match[0m                6   empty_targets.
  [32m[OK][0m          [36mpending_mentions_of_messages[0m          0   unanswered_pending.
  [32m[OK][0m          [36mpending_mentions_of_messages[0m          1   answered_cleared.
  [32m[OK][0m          [36mpending_mentions_of_messages[0m          2   rementioned_pending.
  [32m[OK][0m          [36mpending_mentions_of_messages[0m          3   assistant_self_igno...
  [32m[OK][0m          [36mpending_mentions_of_messages[0m          4   empty_carrier_row_n...
  [32m[OK][0m          [36mpending_scope_of_messages[0m             0   owner_unmentioned_i...
  [32m[OK][0m          [36mpending_scope_of_messages[0m             1   owner_mention_not_s...
  [32m[OK][0m          [36mpending_scope_of_messages[0m             2   external_unmentione...
  [32m[OK][0m          [36mpending_scope_of_messages[0m             3   answered_owner_clea...
  [32m[OK][0m          [36mcausal_acknowledgement[0m                0   skewed_clock_cannot...
  [32m[OK][0m          [36mcausal_acknowledgement[0m                1   ts_fuzz_invariant.
  [32m[OK][0m          [36mcausal_acknowledgement[0m                2   tool_lines_do_not_c...
  [32m[OK][0m          [36mcausal_acknowledgement[0m                3   transport_failure_d...
  [32m[OK][0m          [36mcausal_acknowledgement[0m                4   voice_audio_self_ou...
  [32m[OK][0m          [36mcausal_acknowledgement[0m                5   unrelated_assistant...
  [32m[OK][0m          [36mcausal_acknowledgement[0m                6   ack_clears_only_inj...
  [32m[OK][0m          [36mcausal_acknowledgement[0m                7   all_rows_source_ord...
  [32m[OK][0m          [36mfleet_messages[0m                        0   projected_broadcast...
  [32m[OK][0m          [36mfleet_messages[0m                        1   addressed_row_not_f...
  [32m[OK][0m          [36mfleet_messages[0m                        2   owner_row_not_fleet.
  [32m[OK][0m          [36mfleet_messages[0m                        3   keeper_direct_row_s...
  [32m[OK][0m          [36mfleet_messages[0m                        4   keeper_broadcast_ro...
  [32m[OK][0m          [36mfleet_messages[0m                        5   connector_row_not_f...
  [32m[OK][0m          [36mfleet_messages[0m                        6   own_assistant_not_f...
  [32m[OK][0m          [36mfleet_messages[0m                        7   zero_limit_disables.
  [32m[OK][0m          [36mfleet_messages[0m                        8   limit_keeps_newest_...
  [32m[OK][0m          [36mfleet_messages[0m                        9   rows_partition_acro...

Full test results in `[36m~/me/workspace/yousleepwhen/masc-godfile-refactor-20261008/_build/_tests/keeper_mention_scope[0m'.
[32mTest Successful[0m in 0.004s. 34 tests run.
