Testing `[1mkeeper owner[0m'.
[2mThis run has ID `Z6EY9AES'.

[0m  [33m[SKIP][0m        [36mreducer[0m          0   direct waiter ignores continuations and ...
  [33m[SKIP][0m        [36mreducer[0m          1   direct waiter is released on owner closure.
  [33m[SKIP][0m        [36mreducer[0m          2   additive usage and pause are exact.
  [33m[SKIP][0m        [36mreducer[0m          3   profile update preserves runtime state.
  [33m[SKIP][0m        [36mpayload[0m          0   connector route is exact and strict.
  [33m[SKIP][0m        [36mactor[0m            0   concurrent commands are exact.
  [33m[SKIP][0m        [36mactor[0m            1   mailbox backpressures without drop.
  [33m[SKIP][0m        [36mactor[0m            2   a cancelled caller stays until its comma...
  [33m[SKIP][0m        [36mactor[0m            3   a command the mailbox took as the owner ...
  [33m[SKIP][0m        [36mactor[0m            4   a command the full mailbox never took is...
  [33m[SKIP][0m        [36mactor[0m            5   store failure fences mutations.
  [33m[SKIP][0m        [36mactor[0m            6   visible publication is not durable success.
  [33m[SKIP][0m        [36mactor[0m            7   identity and delete guards.
  [33m[SKIP][0m        [36mactor[0m            8   shutdown releases full mailbox requests.
  [33m[SKIP][0m        [36mactor[0m            9   stopping rejects new commands.
  [33m[SKIP][0m        [36mactor[0m           10   stopping cancels and joins active child.
  [33m[SKIP][0m        [36mactor[0m           11   stopping cancels and joins autonomous ch...
  [33m[SKIP][0m        [36mactor[0m           12   chat lane holder blocks autonomous admis...
  [33m[SKIP][0m        [36mactor[0m           13   pending chat survives repeated autonomou...
  [33m[SKIP][0m        [36mactor[0m           14   turn slot release signals availability.
  [33m[SKIP][0m        [36mactor[0m           15   uncontested turn end signals nothing.
  [33m[SKIP][0m        [36mactor[0m           16   operation lifecycle is durable and proje...
  [33m[SKIP][0m        [36mactor[0m           17   health observer tracks Owner projection ...
  [33m[SKIP][0m        [36mactor[0m           18   health observer failure is isolated.
  [33m[SKIP][0m        [36mactor[0m           19   operation executor claims latest input a...
  [33m[SKIP][0m        [36mactor[0m           20   operation executor exception is terminal...
  [33m[SKIP][0m        [36mactor[0m           21   operator interrupt settles as typed cancel.
  [33m[SKIP][0m        [36mactor[0m           22   stale exact interrupt cannot cancel repl...
  [33m[SKIP][0m        [36mactor[0m           23   chat stop cancels the turn and the queue...
  [33m[SKIP][0m        [36mactor[0m           24   stale chat stop cannot cancel a successor.
  [33m[SKIP][0m        [36mactor[0m           25   chat stop during the settle has nothing ...
  [33m[SKIP][0m        [36mactor[0m           26   background maintenance yields to queued ...
  [33m[SKIP][0m        [36mactor[0m           27   chat stop leaves a maintenance run alone.
  [33m[SKIP][0m        [36mactor[0m           28   chat stop after a failed settle names no...
  [33m[SKIP][0m        [36mactor[0m           29   second stop during teardown still signals.
  [33m[SKIP][0m        [36mactor[0m           30   observed Esc cancels request-owned stall...
  [33m[SKIP][0m        [36mactor[0m           31   interactive Enter consumes input after c...
  [33m[SKIP][0m        [36mactor[0m           32   interactive admission honors stop and re...
  [33m[SKIP][0m        [36mactor[0m           33   Esc before interactive POST retains paus...
  [33m[SKIP][0m        [36mactor[0m           34   pending admission stop cannot pause anot...
  [33m[SKIP][0m        [36mactor[0m           35   is_operator_interrupt unwraps every shape.
  [33m[SKIP][0m        [36mactor[0m           36   combined-shape operator interrupt settle...
  [33m[SKIP][0m        [36mactor[0m           37   paused owner preserves queue until resume.
  [33m[SKIP][0m        [36mactor[0m           38   pause rechecks pending claim admission.
  [33m[SKIP][0m        [36mactor[0m           39   startup interrupts Running without requeue.
  [32m[OK][0m          [36mactor[0m           40   native restart and stale callback preser...
  [32m[OK][0m          [36mactor[0m           41   registry start leaves a failure row for ...
  [32m[OK][0m          [36mactor[0m           42   registry start ends every batch member j...
  [33m[SKIP][0m        [36mactor[0m           43   startup Queued waits for runner readiness.
  [33m[SKIP][0m        [36mactor[0m           44   Gate waiting releases Owner without repe...
  [33m[SKIP][0m        [36mactor[0m           45   compatible direct messages share an exec...
  [33m[SKIP][0m        [36mactor[0m           46   interactive Enter keeps FIFO until expli...
  [33m[SKIP][0m        [36mactor[0m           47   Esc resolves batch member before wire bi...
  [33m[SKIP][0m        [36mactor[0m           48   interactive Enter resolves batch member ...
  [33m[SKIP][0m        [36mactor[0m           49   cooling retry publishes readiness on wake.
  [33m[SKIP][0m        [36mactor[0m           50   an interrupt ends a turn waiting on its ...
  [33m[SKIP][0m        [36mactor[0m           51   a cancelled caller leaves a stop that wa...
  [33m[SKIP][0m        [36mactor[0m           52   retry read failure recovers past deadlin...
  [33m[SKIP][0m        [36mactor[0m           53   retry deadline crossing automatically wa...
  [33m[SKIP][0m        [36mactor[0m           54   runtime-deferred child drains the same o...
  [33m[SKIP][0m        [36mactor[0m           55   operation store failure is retried at th...
  [33m[SKIP][0m        [36mactor[0m           56   a read under a failed reopen keeps the c...
  [33m[SKIP][0m        [36mactor[0m           57   autonomous operator interrupt is a typed...
  [33m[SKIP][0m        [36mactor[0m           58   idle wake recovers storage and answers q...
  [33m[SKIP][0m        [36mactor[0m           59   recovery keeps integrity failures fenced.
  [33m[SKIP][0m        [36mactor[0m           60   recovery never replays active or uncerta...
  [33m[SKIP][0m        [36mactor[0m           61   availability recovers under an autonomou...
  [33m[SKIP][0m        [36mactor[0m           62   autonomous admission defers to a queued ...
  [33m[SKIP][0m        [36mactor[0m           63   Keeper owners do not cross-block.
  [33m[SKIP][0m        [36mactor[0m           64   Owner linearizes autonomous and chat chi...
  [33m[SKIP][0m        [36mactor[0m           65   unready chat queue does not block autono...
  [33m[SKIP][0m        [36mactor[0m           66   Owner shutdown linearizes and awaits child.
  [33m[SKIP][0m        [36mactor[0m           67   Owner shutdown restore and transition ar...
  [33m[SKIP][0m        [36mactor[0m           68   distinct Owner autonomous children do no...
  [33m[SKIP][0m        [36mactor[0m           69   root inventory loads and extends exactly...
  [33m[SKIP][0m        [36mactor[0m           70   same-process recreate reopens purged ope...
  [33m[SKIP][0m        [36mactor[0m           71   agent delegate submits owner operation w...
  [32m[OK][0m          [36mactor[0m           72   completed delegate returns full owned ex...
  [33m[SKIP][0m        [36mactor[0m           73   peer artifacts reach the recipient Owner...
  [33m[SKIP][0m        [36mactor[0m           74   connector submit is owner-idempotent.
  [33m[SKIP][0m        [36mactor[0m           75   root inventory isolates invalid owner sn...
  [33m[SKIP][0m        [36mactor[0m           76   root inventory reads an undecodable meta...
  [33m[SKIP][0m        [36mactor[0m           77   registry reads owner Atomic projection.
  [33m[SKIP][0m        [36mactor[0m           78   lifecycle reservation gates owner commands.
  [33m[SKIP][0m        [36mactor[0m           79   create authorizes before owner installat...

Full test results in `[36m~/me/workspace/yousleepwhen/masc-godfile-refactor-20261008/_build/_tests/keeper owner[0m'.
[32mTest Successful[0m in 1.083s. 4 tests run.
