Testing `[1mtui_keeper_chat_history[0m'.
[2mThis run has ID `8Q5S1ATD'.

[0m  [32m[OK][0m          [36mrows[0m                                                  0   rol...
  [32m[OK][0m          [36mrows[0m                                                  1   a f...
  [32m[OK][0m          [36mrows[0m                                                  2   a f...
  [32m[OK][0m          [36mrows[0m                                                  3   a g...
  [32m[OK][0m          [36mrows[0m                                                  4   a g...
  [32m[OK][0m          [36mrows[0m                                                  5   a l...
  [32m[OK][0m          [36mrows[0m                                                  6   an ...
  [32m[OK][0m          [36mrows[0m                                                  7   a l...
  [32m[OK][0m          [36mrows[0m                                                  8   a f...
  [32m[OK][0m          [36mrows[0m                                                  9   run...
  [32m[OK][0m          [36mrows[0m                                                 10   std...
  [32m[OK][0m          [36mrows[0m                                                 11   an ...
  [32m[OK][0m          [36mrows[0m                                                 12   an ...
  [32m[OK][0m          [36mrows[0m                                                 13   an ...
  [32m[OK][0m          [36mrows[0m                                                 14   a r...
  [32m[OK][0m          [36mrows[0m                                                 15   loc...
  [32m[OK][0m          [36mrows[0m                                                 16   tex...
  [32m[OK][0m          [36mrows[0m                                                 17   a c...
  [32m[OK][0m          [36mrows[0m                                                 18   a c...
  [32m[OK][0m          [36mrows[0m                                                 19   a f...
  [32m[OK][0m          [36mrows[0m                                                 20   unr...
  [32m[OK][0m          [36mrows[0m                                                 21   row...
  [32m[OK][0m          [36mrows[0m                                                 22   nat...
  [32m[OK][0m          [36mrows[0m                                                 23   row...
  [32m[OK][0m          [36mrows[0m                                                 24   dif...
  [32m[OK][0m          [36mrows[0m                                                 25   aut...
  [32m[OK][0m          [36mrows[0m                                                 26   an ...
  [32m[OK][0m          [36mrows[0m                                                 27   an ...
  [32m[OK][0m          [36mrows[0m                                                 28   a s...
  [32m[OK][0m          [36mrows[0m                                                 29   a w...
  [32m[OK][0m          [36mrows[0m                                                 30   a d...
  [32m[OK][0m          [36mrows[0m                                                 31   an ...
  [32m[OK][0m          [36mrows[0m                                                 32   an ...
  [32m[OK][0m          [36mrows[0m                                                 33   con...
  [32m[OK][0m          [36mrows[0m                                                 34   his...
  [32m[OK][0m          [36mrows[0m                                                 35   spe...
  [32m[OK][0m          [36mrows[0m                                                 36   the...
  [32m[OK][0m          [36mrows[0m                                                 37   an ...
  [32m[OK][0m          [36mrows[0m                                                 38   exa...
  [32m[OK][0m          [36mrows[0m                                                 39   ser...
  [32m[OK][0m          [36mrows[0m                                                 40   mis...
  [32m[OK][0m          [36mrows[0m                                                 41   Ski...
  [32m[OK][0m          [36mrows[0m                                                 42   a t...
  [32m[OK][0m          [36mrows[0m                                                 43   an ...
  [32m[OK][0m          [36mrows[0m                                                 44   pro...
  [32m[OK][0m          [36mrows[0m                                                 45   a t...
  [32m[OK][0m          [36mrows[0m                                                 46   ste...
  [32m[OK][0m          [36mrows[0m                                                 47   a b...
  [32m[OK][0m          [36mrows[0m                                                 48   a d...
  [32m[OK][0m          [36mrows[0m                                                 49   a n...
  [32m[OK][0m          [36mpaging[0m                                                0   a p...
  [32m[OK][0m          [36mpaging[0m                                                1   the...
  [32m[OK][0m          [36mpaging[0m                                                2   a m...
  [32m[OK][0m          [36mpaging[0m                                                3   too...
  [32m[OK][0m          [36mpaging[0m                                                4   a n...
  [32m[OK][0m          [36mpaging[0m                                                5   a p...
  [32m[OK][0m          [36mtolerance[0m                                             0   one...
  [32m[OK][0m          [36mtolerance[0m                                             1   a n...
  [32m[OK][0m          [36mtolerance[0m                                             2   a c...
  [32m[OK][0m          [36mtolerance[0m                                             3   a b...
  [32m[OK][0m          [36mtolerance[0m                                             4   a c...
  [32m[OK][0m          [36mtolerance[0m                                             5   a c...
  [32m[OK][0m          [36mtolerance[0m                                             6   a r...
  [32m[OK][0m          [36mtolerance[0m                                             7   a m...
  [32m[OK][0m          [36mtolerance[0m                                             8   a s...
  [32m[OK][0m          [36mtolerance[0m                                             9   a l...
  [32m[OK][0m          [36mtolerance[0m                                            10   a r...
  [32m[OK][0m          [36mtolerance[0m                                            11   a r...
  [32m[OK][0m          [36mtolerance[0m                                            12   a m...
  [32m[OK][0m          [36mmemory journal[0m                                        0   com...
  [32m[OK][0m          [36mmemory journal[0m                                        1   fai...
  [32m[OK][0m          [36mmemory journal[0m                                        2   cat...
  [32m[OK][0m          [36mmemory journal[0m                                        3   pro...
  [32m[OK][0m          [36mmemory journal[0m                                        4   fai...
  [32m[OK][0m          [36mmemory journal[0m                                        5   unr...
  [32m[OK][0m          [36mdefined but never registered until task-1768[0m          0   sto...

Full test results in `[36m~/me/workspace/yousleepwhen/masc-godfile-refactor-20261008/_build/_tests/tui_keeper_chat_history[0m'.
[32mTest Successful[0m in 0.036s. 76 tests run.
