
> masc-dashboard@1.0.0 test /Users/dancer/me/workspace/yousleepwhen/masc-godfile-refactor-20261008/dashboard
> vitest run --config vitest.config.ts --no-file-parallelism --maxWorkers=1 src/components/chat/primitives.test.ts -t 'renders reconciled failure work'


 RUN  v5.0.2 /Users/dancer/me/workspace/yousleepwhen/masc-godfile-refactor-20261008/dashboard

 ❯ src/components/chat/primitives.test.ts (173 tests | 3 failed | 170 skipped) 131ms
   ❯ ChatTranscript (50)
     × renders reconciled failure work without quoting its diagnostic (none tool turn) 79ms
     × renders reconciled failure work without quoting its diagnostic (same tool turn) 39ms
     × renders reconciled failure work without quoting its diagnostic (different tool turn) 12ms

⎯⎯⎯⎯⎯⎯⎯ Failed Tests 3 ⎯⎯⎯⎯⎯⎯⎯

 FAIL  src/components/chat/primitives.test.ts > ChatTranscript > renders reconciled failure work without quoting its diagnostic (none tool turn)
 FAIL  src/components/chat/primitives.test.ts > ChatTranscript > renders reconciled failure work without quoting its diagnostic (same tool turn)
 FAIL  src/components/chat/primitives.test.ts > ChatTranscript > renders reconciled failure work without quoting its diagnostic (different tool turn)
AssertionError: expected null not to be null
 ❯ src/components/chat/primitives.test.ts:943:24
    941|     expect(failure.querySelector('[data-chat-failure-card]')).not.toBe…
    942|     const bundle = failure.closest('[data-chat-turn-bundle]')!;
    943|     expect(bundle).not.toBeNull();
       |                        ^
    944|     const toggle = bundle.querySelector('.chat-block-trace-hd')!;
    945|     if (toggle.getAttribute('aria-expanded') !== 'true') fireEvent.cli…

⎯⎯⎯⎯⎯⎯⎯⎯⎯⎯⎯⎯⎯⎯⎯⎯⎯⎯⎯⎯⎯⎯⎯⎯[1/3]⎯


 Test Files  1 failed (1)
      Tests  3 failed | 170 skipped (173)
   Start at  20:26:07
   Duration  5.48s (environment 32%, transform 31%, import 22%, setup 12%, tests 3%)

 ELIFECYCLE  Test failed. See above for more details.
