Testing `Process_eio coverage'.
This run has ID `FAYPPHA1'.

  [OK]          capture owner                     0   pipeline preserves stre...
  [SKIP]        fallback cwd                      0   each execution path use...
  [SKIP]        fallback cwd                      1   unavailable directory r...
  [SKIP]        fallback cwd                      2   bind fallback keeps ini...
  [SKIP]        fallback                          0   retry-on-bind-eaddrinuse.
  [SKIP]        fallback                          1   retry-on-cancelled-bind...
  [SKIP]        fallback                          2   argv-fallback-preserves...
  [SKIP]        fallback                          3   argv-with-status-fallba...
  [SKIP]        fallback                          4   spawn-guard-wraps-foreg...
  [SKIP]        fallback                          5   argv-with-stdin-fallbac...
  [SKIP]        fallback                          6   argv-fallback-surfaces-...
  [SKIP]        fallback                          7   argv-with-status-fallba...
  [SKIP]        fallback                          8   argv-with-status-split-...
  [SKIP]        fallback                          9   argv-with-status-split-...
  [SKIP]        fallback                         10   argv-with-status-split-...
  [SKIP]        fallback                         11   argv-with-status-split-...
  [SKIP]        fallback                         12   argv-with-status-split-...
  [SKIP]        fallback                         13   argv-with-status-split-...
  [SKIP]        fallback                         14   argv-with-status-split-...
  [SKIP]        fallback                         15   argv-with-status-fallba...
  [SKIP]        fallback                         16   fallback-normal-exit-cl...
  [SKIP]        fallback                         17   fallback-timeout-cleans...
  [SKIP]        fallback                         18   fallback-owner-preserve...
  [SKIP]        fallback                         19   fallback-owner-exceptio...
  [SKIP]        fallback                         20   argv-with-status-fallba...
  [SKIP]        fallback                         21   timeout-log-keeps-subse...
  [SKIP]        fallback                         22   timeout-returns-the-par...
  [SKIP]        fallback                         23   timeout-without-output-...
  [SKIP]        fallback                         24   init-exposes-complete-r...
  [SKIP]        cancellation-propagation          0   run_argv-propagates-can...
  [SKIP]        cancellation-propagation          1   run_argv_with_status-pr...
  [SKIP]        cancellation-propagation          2   run_argv_with_stdin-pro...
  [SKIP]        cancellation-propagation          3   run_argv_with_stdin_and...
  [SKIP]        cancellation-propagation          4   run_argv_with_status-cw...
  [SKIP]        cancellation-propagation          5   run_argv_with_status-in...
  [SKIP]        cancellation-propagation          6   run_argv_with_status_sp...
  [SKIP]        cancellation-propagation          7   run_argv_pipeline_with_...
  [SKIP]        cancellation-propagation          8   run_argv_with_status_sp...
  [SKIP]        cancellation-propagation          9   run_argv_with_stdin_and...
  [SKIP]        cancellation-propagation         10   run_argv_with_status_sp...
  [SKIP]        cancellation-propagation         11   run_argv_with_status_sp...
  [SKIP]        cancellation-propagation         12   run_argv_with_status_sp...
  [SKIP]        cancellation-propagation         13   run_argv_with_status_sp...
  [SKIP]        cancellation-propagation         14   run_argv_with_status-re...
  [SKIP]        cancellation-propagation         15   run_argv_pipeline-timeo...
  [SKIP]        cancellation-propagation         16   reset_for_testing-clear...
  [SKIP]        cancellation-propagation         17   capture-bounds-oversize...
  [SKIP]        cancellation-propagation         18   capture-leaves-small-st...
  [SKIP]        cancellation-propagation         19   exit-reason-classifies-...
  [SKIP]        cancellation-propagation         20   run_argv_with_stdin_hel...
  [SKIP]        cancellation-propagation         21   run_argv_with_stdin_hel...
  [SKIP]        cancellation-grace                0   cancel-file-redirects-p...
  [SKIP]        cancellation-grace                1   cancel-early-pipe-eof-p...
  [SKIP]        cancellation-grace                2   cancel-waits-for-the-ch...
  [SKIP]        cancellation-grace                3   cancel-grace-is-bounded...
  [SKIP]        timeout-grace                     0   run_argv_with_status_sp...
  [SKIP]        timeout-grace                     1   run_argv_with_stdin_and...
  [SKIP]        timeout-grace                     2   parent-cancel-during-th...

Full test results in `~/me/workspace/yousleepwhen/masc-godfile-refactor-20261008/_build/_tests/Process_eio coverage'.
Test Successful in 0.032s. 1 test run.
