Testing `Lane Add-on worker'.
This run has ID `7XUU9JSO'.

  [OK]          lifecycle          0   bounded sampling root loop returns error.
  [OK]          lifecycle          1   cold read preserves optional marked co...
  [OK]          lifecycle          2   request namespace progress survives ou...
  [OK]          lifecycle          3   outcome namespace progress survives re...
  [OK]          lifecycle          4   pending discovery resumes after namesp...
  [OK]          lifecycle          5   pending recovery sees two Stores and c...
  [OK]          lifecycle          6   pending recovery handles crash and fai...
  [OK]          lifecycle          7   pending recovery preserves other names...
  [OK]          lifecycle          8   pending discovery separates record and...
  [OK]          lifecycle          9   canonical missing under external paren...
  [OK]          lifecycle         10   canonical directory under external par...
  [OK]          lifecycle         11   canonical missing under external paren...
  [OK]          lifecycle         12   canonical directory under external par...
  [OK]          lifecycle         13   relative store root blob roundtrip.
  [OK]          lifecycle         14   relative store root sequence roundtrip.
  [OK]          lifecycle         15   sampling publication rejects canonical...
  [OK]          lifecycle         16   sampling publication rejects recovery ...
  [OK]          lifecycle         17   sampling publication rejects root syml...
  [OK]          lifecycle         18   sampling publication requires readable...
  [OK]          lifecycle         19   sampling fallback rejects external sym...
  [OK]          lifecycle         20   sampling fallback rejects external har...
  [OK]          lifecycle         21   sampling reads preserve canonical fail...
  [OK]          lifecycle         22   sampling retention error uses encoded ...
  [OK]          lifecycle         23   sampling blob failure keeps request ev...
  [OK]          lifecycle         24   sampling recovery reports unreadable t...
  [OK]          lifecycle         25   sampling receipt requires durable jour...
> [FAIL]        lifecycle         26   receipt projection reads shared outcom...
  [OK]          lifecycle         27   sampling terminal recovery and host re...
  [OK]          lifecycle         28   sampling reply bound and ancestor dura...
  [OK]          lifecycle         29   sampling bounds actual wire frames.
  [OK]          lifecycle         30   sampling refuses nonfinite retained ev...
  [OK]          lifecycle         31   sampling recovery reports unreadable p...
  [OK]          lifecycle         32   pending sampling recovery syncs reopen...
  [OK]          lifecycle         33   sampling recovery rejects replaced roo...
  [OK]          lifecycle         34   sampling recovery streams bounded reco...
  [OK]          lifecycle         35   known sampling outcomes survive cancel...
  [OK]          lifecycle         36   declared sampling requires the exact h...
  [OK]          lifecycle         37   image preview is read only and preserv...
  [OK]          lifecycle         38   world action and binary artifact ingress.
  [OK]          lifecycle         39   structured observation and exact removal.
  [OK]          lifecycle         40   blocked observation preserves other ow...
  [OK]          lifecycle         41   blocked initialization can detach.
  [OK]          lifecycle         42   resource refusal and bounded response.
  [OK]          lifecycle         43   cleanup failure remains retryable.
  [OK]          lifecycle         44   restart cleanup verifies exact owner.
  [OK]          lifecycle         45   restart recovers without a create rece...
  [OK]          lifecycle         46   deterministic name cannot authorize fo...
  [OK]          lifecycle         47   absence requires a successful Docker q...
  [OK]          lifecycle         48   recovery bounds an unresponsive Docker...
  [OK]          lifecycle         49   lost create response preserves unrelat...
  [OK]          lifecycle         50   created identity precedes blocked insp...

┌──────────────────────────────────────────────────────────────────────────────┐
│ [FAIL]        lifecycle         26   receipt projection reads shared out...  │
└──────────────────────────────────────────────────────────────────────────────┘
ASSERT request and row share one terminal read within the 4 MiB envelope
ASSERT projection preserves the complete 3 MiB answer
ASSERT cold journal supplies the large outcome within the same envelope
ASSERT repeated cold read does not reread an inline journal body
ASSERT sampling receipts exceed aggregate read envelope
FAIL sampling receipts exceed aggregate read envelope
Raised at Alcotest_engine__Test.check_err in file "src/alcotest-engine/test.ml", line 173, characters 20-48
Called from Dune__exe__Test_lane_addon_worker.test_receipt_projection_reads_shared_outcome_o in file "test/test_lane_addon_worker.ml", lines 1291-1292, characters 20-97
Called from Eio__core__Switch.run_internal in file "lib_eio/core/switch.ml", line 133, characters 8-12
Re-raised at Eio__core__Switch.maybe_raise_exs in file "lib_eio/core/switch.ml", line 119, characters 21-56
Called from Eio__core__Switch.run_internal in file "lib_eio/core/switch.ml", line 149, characters 4-21
Called from Eio__core__Cancel.with_cc in file "lib_eio/core/cancel.ml", line 118, characters 8-12
Re-raised at Eio__core__Cancel.with_cc in file "lib_eio/core/cancel.ml", line 120, characters 50-58
Called from Eio__core__Fiber.any_gen.(fun).wrap in file "lib_eio/core/fiber.ml", line 113, characters 16-20
Re-raised at Eio__core__Fiber.any_gen in file "lib_eio/core/fiber.ml", line 155, characters 25-60
Called from Eio_posix__Sched.with_op in file "lib_eio_posix/sched.ml", line 318, characters 8-12
Re-raised at Eio_posix__Sched.with_op in file "lib_eio_posix/sched.ml", line 324, characters 4-12
Called from Eio_posix__Sched.run.(fun) in file "lib_eio_posix/sched.ml", line 386, characters 29-47
Called from Eio_unix__Thread_pool.run in file "lib_eio/unix/thread_pool.ml", line 108, characters 8-13
Re-raised at Eio_unix__Thread_pool.run in file "lib_eio/unix/thread_pool.ml", line 113, characters 4-39
Re-raised at Eio_posix__Sched.run.fork.(fun) in file "lib_eio_posix/sched.ml", line 342, characters 12-76
Called from Stdlib__Fun.protect in file "fun.ml", line 34, characters 8-15
Re-raised at Stdlib__Fun.protect in file "fun.ml", line 39, characters 6-52
Called from Eio_posix__Sched.run in file "lib_eio_posix/sched.ml", lines 381-388, characters 4-9
Called from Eio_posix__Sched.with_sched in file "lib_eio_posix/sched.ml", line 258, characters 8-12
Re-raised at Eio_posix__Sched.with_sched in file "lib_eio_posix/sched.ml", line 263, characters 4-39
Called from Stdlib__Fun.protect in file "fun.ml", line 34, characters 8-15
Re-raised at Stdlib__Fun.protect in file "fun.ml", line 39, characters 6-52
Called from Alcotest_engine__Core.Make.protect_test.(fun) in file "src/alcotest-engine/core.ml", line 186, characters 17-23
Called from Alcotest_engine__Monad.Identity.catch in file "src/alcotest-engine/monad.ml", line 24, characters 31-35

Logs saved to `~/me/workspace/yousleepwhen/masc/.worktrees/fix-pr41033-namespace-discovery-progress-20261005/test/_build/_tests/Lane Add-on worker/lifecycle.026.output'.
 ──────────────────────────────────────────────────────────────────────────────

Full test results in `~/me/workspace/yousleepwhen/masc/.worktrees/fix-pr41033-namespace-discovery-progress-20261005/test/_build/_tests/Lane Add-on worker'.
1 failure! in 7.601s. 51 tests run.
