Testing `Lane Add-on worker'.
This run has ID `AFDXOLXT'.

  [SKIP]        lifecycle          0   bounded sampling root loop returns error.
  [SKIP]        lifecycle          1   cold read preserves optional marked co...
> [FAIL]        lifecycle          2   request namespace progress survives ou...
  [FAIL]        lifecycle          3   outcome namespace progress survives re...
  [SKIP]        lifecycle          4   pending discovery resumes after namesp...
  [SKIP]        lifecycle          5   pending recovery sees two Stores and c...
  [SKIP]        lifecycle          6   pending recovery handles crash and fai...
  [SKIP]        lifecycle          7   pending recovery preserves other names...
  [SKIP]        lifecycle          8   pending discovery separates record and...
  [SKIP]        lifecycle          9   canonical missing under external paren...
  [SKIP]        lifecycle         10   canonical directory under external par...
  [SKIP]        lifecycle         11   canonical missing under external paren...
  [SKIP]        lifecycle         12   canonical directory under external par...
  [SKIP]        lifecycle         13   relative store root blob roundtrip.
  [SKIP]        lifecycle         14   relative store root sequence roundtrip.
  [SKIP]        lifecycle         15   sampling publication rejects canonical...
  [SKIP]        lifecycle         16   sampling publication rejects recovery ...
  [SKIP]        lifecycle         17   sampling publication rejects root syml...
  [SKIP]        lifecycle         18   sampling publication requires readable...
  [SKIP]        lifecycle         19   sampling fallback rejects external sym...
  [SKIP]        lifecycle         20   sampling fallback rejects external har...
  [SKIP]        lifecycle         21   sampling reads preserve canonical fail...
  [SKIP]        lifecycle         22   sampling retention error uses encoded ...
  [SKIP]        lifecycle         23   sampling blob failure keeps request ev...
  [SKIP]        lifecycle         24   sampling recovery reports unreadable t...
  [SKIP]        lifecycle         25   sampling receipt requires durable jour...
  [SKIP]        lifecycle         26   receipt projection reads shared outcom...
  [SKIP]        lifecycle         27   sampling terminal recovery and host re...
  [SKIP]        lifecycle         28   sampling reply bound and ancestor dura...
  [SKIP]        lifecycle         29   sampling bounds actual wire frames.
  [SKIP]        lifecycle         30   sampling refuses nonfinite retained ev...
  [SKIP]        lifecycle         31   sampling recovery reports unreadable p...
  [SKIP]        lifecycle         32   pending sampling recovery syncs reopen...
  [SKIP]        lifecycle         33   sampling recovery rejects replaced roo...
  [SKIP]        lifecycle         34   sampling recovery streams bounded reco...
  [SKIP]        lifecycle         35   known sampling outcomes survive cancel...
  [SKIP]        lifecycle         36   declared sampling requires the exact h...
  [SKIP]        lifecycle         37   image preview is read only and preserv...
  [SKIP]        lifecycle         38   world action and binary artifact ingress.
  [SKIP]        lifecycle         39   structured observation and exact removal.
  [SKIP]        lifecycle         40   blocked observation preserves other ow...
  [SKIP]        lifecycle         41   blocked initialization can detach.
  [SKIP]        lifecycle         42   resource refusal and bounded response.
  [SKIP]        lifecycle         43   cleanup failure remains retryable.
  [SKIP]        lifecycle         44   restart cleanup verifies exact owner.
  [SKIP]        lifecycle         45   restart recovers without a create rece...
  [SKIP]        lifecycle         46   deterministic name cannot authorize fo...
  [SKIP]        lifecycle         47   absence requires a successful Docker q...
  [SKIP]        lifecycle         48   recovery bounds an unresponsive Docker...
  [SKIP]        lifecycle         49   lost create response preserves unrelat...
  [SKIP]        lifecycle         50   created identity precedes blocked insp...

┌──────────────────────────────────────────────────────────────────────────────┐
│ [FAIL]        lifecycle          2   request namespace progress survives...  │
└──────────────────────────────────────────────────────────────────────────────┘
ASSERT one namespace failure stays explicit
ASSERT incomplete namespace discovery remains pending
ASSERT healthy namespace result becomes durable
ASSERT healthy request marker is fully retired
ASSERT blocked namespace remains a visible error on retry
ASSERT completed namespace history is not read again
[exception] Fun.Finally_raised: Sys_error("/var/folders/bv/cjrbl01x52s6j80krdfb63400000gp/T/lane-worker-152740.fixture/namespace-progress/sampling-outcomes/66cd2477c38bf6b110da7887609ca67c258eaea22abb6a3255165e931723308b: No such file or directory")
            Raised by primitive operation at Dune__exe__Test_lane_addon_worker.remove_tree in file "test/test_lane_addon_worker.ml", line 170, characters 5-26
            Called from Stdlib__Array.iter in file "array.ml", line 112, characters 31-48
            Called from Dune__exe__Test_lane_addon_worker.remove_tree in file "test/test_lane_addon_worker.ml", line 171, characters 4-89
            Called from Stdlib__Array.iter in file "array.ml", line 112, characters 31-48
            Called from Dune__exe__Test_lane_addon_worker.remove_tree in file "test/test_lane_addon_worker.ml", line 171, characters 4-89
            Called from Stdlib__Array.iter in file "array.ml", line 112, characters 31-48
            Called from Dune__exe__Test_lane_addon_worker.remove_tree in file "test/test_lane_addon_worker.ml", line 171, characters 4-89
            Called from Stdlib__Fun.protect.finally_no_exn in file "fun.ml", line 30, characters 8-18
            Re-raised at Stdlib__Fun.protect.finally_no_exn in file "fun.ml", line 32, characters 6-57
            Called from Stdlib__Fun.protect in file "fun.ml", line 38, characters 6-23
            Called from Alcotest_engine__Core.Make.protect_test.(fun) in file "src/alcotest-engine/core.ml", line 186, characters 17-23
            Called from Alcotest_engine__Monad.Identity.catch in file "src/alcotest-engine/monad.ml", line 24, characters 31-35
            
Logs saved to `~/me/workspace/yousleepwhen/masc/.worktrees/fix-pr41033-namespace-discovery-progress-20261005/test/_build/_tests/Lane Add-on worker/lifecycle.002.output'.
 ──────────────────────────────────────────────────────────────────────────────

Full test results in `~/me/workspace/yousleepwhen/masc/.worktrees/fix-pr41033-namespace-discovery-progress-20261005/test/_build/_tests/Lane Add-on worker'.
2 failures! in 0.013s. 2 tests run.
