Testing `toml_line_editor'.
This run has ID `ZEXV5334'.

  [OK]          comment-preserving edits                       0   nested boo...
  [OK]          comment-preserving edits                       1   scalar edi...
  [OK]          comment-preserving edits                       2   scalar rem...
  [OK]          comment-preserving edits                       3   float edit...
  [OK]          comment-preserving edits                       4   multi-line...
  [OK]          comment-preserving edits                       5   scalar edi...
  [OK]          comment-preserving edits                       6   a bracket ...
  [OK]          table headers                                  0   header spe...
  [OK]          table headers                                  1   a quoted d...
  [OK]          table headers                                  2   an array o...
  [OK]          table headers                                  3   non-header...
  [OK]          table headers                                  4   is_table r...
  [OK]          table headers                                  5   an edit fi...
  [OK]          array-of-tables entries                        0   entry ids ...
  [OK]          array-of-tables entries                        1   upsert edi...
  [OK]          array-of-tables entries                        2   a float fi...
  [OK]          array-of-tables entries                        3   a bool fie...
  [OK]          array-of-tables entries                        4   bool edits...
  [OK]          array-of-tables entries                        5   bool comme...
  [OK]          array-of-tables entries                        6   typed entr...
  [OK]          array-of-tables entries                        7   a missing ...
  [OK]          array-of-tables entries                        8   a new entr...
  [OK]          array-of-tables entries                        9   upsert wit...
  [OK]          array-of-tables entries                       10   an id insi...
  [OK]          array-of-tables entries                       11   remove dro...
  [OK]          array-of-tables entries                       12   remove kee...
  [OK]          array-of-tables entries                       13   removing a...
  [OK]          array-of-tables entries                       14   a table an...
  [OK]          array-of-tables entries                       15   an entry w...
  [OK]          array-of-tables entries                       16   a value li...
  [OK]          array-of-tables entries                       17   a header c...
  [OK]          array-of-tables entries                       18   add then r...
  [OK]          array-of-tables entries                       19   a None fie...
  [OK]          array-of-tables entries                       20   a new entr...
  [OK]          array-of-tables entries                       21   dropping a...
  [OK]          what a line editor must not get wrong          0   removing a...
  [OK]          what a line editor must not get wrong          1   a new entr...
  [OK]          what a line editor must not get wrong          2   an assignm...
  [OK]          what a line editor must not get wrong          3   removing b...
  [OK]          what a line editor must not get wrong          4   replacing ...
  [OK]          what a line editor must not get wrong          5   dropping a...
  [OK]          what a line editor must not get wrong          6   an inline ...
  [OK]          what a line editor must not get wrong          7   a standard...
  [OK]          what a line editor must not get wrong          8   a CRLF fil...
  [OK]          what a line editor must not get wrong          9   a control ...
  [OK]          what a line editor must not get wrong         10   a new entr...
  [OK]          what a line editor must not get wrong         11   a duplicat...
  [OK]          what a line editor must not get wrong         12   remove_tab...
  [OK]          what a line editor must not get wrong         13   remove_tab...
  [OK]          what a line editor must not get wrong         14   an inline ...
  [OK]          what a line editor must not get wrong         15   a table wi...
  [OK]          what a line editor must not get wrong         16   rename_tab...
  [OK]          what a line editor must not get wrong         17   rename_tab...
  [OK]          what a line editor must not get wrong         18   rename_tab...
  [OK]          keys the writer has to quote                   0   a key that...
  [OK]          keys the writer has to quote                   1   a quoted k...
  [OK]          keys the writer has to quote                   2   a bare key...
  [OK]          keys the writer has to quote                   3   a key with...

Full test results in `~/me/workspace/yousleepwhen/masc/.worktrees/fix-pr41201-machine-help-integration-20261005/_build/_tests/toml_line_editor'.
Test Successful in 0.009s. 58 tests run.
