Testing `tui_overview_providers'.
This run has ID `LZE7RW5F'.

  [OK]          providers          0   out-of-range Plan history.
  [OK]          providers          1   unknown report evidence.
  [OK]          providers          2   exact quota window history join.
  [OK]          providers          3   account summary and reported gauges.
  [OK]          providers          4   eighth-block meter.
  [OK]          providers          5   values read in one unit.
  [OK]          providers          6   failed read is one line.
  [OK]          providers          7   empty read names missing usage.
  [OK]          providers          8   unknown state is rejected.
  [OK]          providers          9   history uses reported points.
  [OK]          providers         10   empty reports remain observed in the t...
  [OK]          providers         11   trend is built from the answer.
  [OK]          providers         12   scope id is the server's.
  [OK]          providers         13   USD cards preserve amounts without a f...
  [OK]          providers         14   a silent account draws only its exhaus...
  [OK]          providers         15   meter width is bounded.
  [OK]          providers         16   observation clock follows local dates.
  [OK]          providers         17   a window that gates nothing is not an ...
  [OK]          providers         18   unknown role is rejected.
  [OK]          providers         19   account emails name their accounts.

Full test results in `~/me/workspace/yousleepwhen/masc/.worktrees/fix-pr40906-nonfinite-history-20261005/_build/_tests/tui_overview_providers'.
Test Successful in 0.007s. 20 tests run.
