Testing `keeper_turn_driver_failover'.
This run has ID `52A60YX3'.

  [SKIP]        runtime_lane_resolution          0   lane loads ordered candi...
  [SKIP]        runtime_lane_resolution          1   lanes accessor returns d...
  [SKIP]        runtime_lane_resolution          2   resolve_assignment prefe...
  [SKIP]        runtime_lane_resolution          3   assignment_walk_order is...
  [SKIP]        runtime_lane_resolution          4   assignment_walk_order de...
  [SKIP]        runtime_lane_resolution          5   assignment_walk_order re...
  [SKIP]        runtime_lane_resolution          6   entry_runtime_id_of_rout...
  [SKIP]        runtime_lane_resolution          7   a bare runtime assignmen...
  [SKIP]        runtime_lane_resolution          8   resolve_assignment repor...
  [SKIP]        runtime_lane_resolution          9   unknown lane candidate r...
  [SKIP]        runtime_lane_resolution         10   assignment to lane id lo...
  [SKIP]        runtime_lane_resolution         11   lane media degrade uses ...
  [SKIP]        runtime_lane_resolution         12   run_named media degrade ...
  [OK]          runtime_lane_resolution         13   attempt input is project...
  [OK]          runtime_lane_resolution         14   media rows keep their fi...
  [OK]          runtime_lane_resolution         15   image fallback restores ...
  [OK]          runtime_lane_resolution         16   text fallback preserves ...
  [OK]          runtime_lane_resolution         17   deferred lane vision the...
  [OK]          runtime_lane_resolution         18   deferred lane text then ...
  [SKIP]        runtime_lane_resolution         19   AGENT_CORE checkpoint pr...
  [SKIP]        runtime_lane_resolution         20   text official-client his...
  [SKIP]        runtime_lane_resolution         21   lane media reroute prefe...
  [SKIP]        runtime_lane_resolution         22   lane media reroute stays...
  [SKIP]        runtime_lane_resolution         23   lane media reroute walks...
  [SKIP]        runtime_lane_resolution         24   a media turn starts from...
  [SKIP]        runtime_lane_resolution         25   attempt loop moves past ...
  [SKIP]        runtime_lane_resolution         26   attempt loop moves past ...
  [SKIP]        runtime_lane_resolution         27   runtime dedupe preserves...
  [SKIP]        runtime_lane_resolution         28   attempt inference policy...
  [SKIP]        runtime_lane_resolution         29   prior checkpoint appends...
  [SKIP]        runtime_lane_resolution         30   attempt loop stops on no...
  [SKIP]        runtime_lane_resolution         31   failed lane receipt coun...
  [SKIP]        runtime_lane_resolution         32   transport failure before...
  [SKIP]        runtime_lane_resolution         33   cross-owner fallback ret...
  [SKIP]        runtime_lane_resolution         34   first-candidate success ...
  [SKIP]        runtime_lane_resolution         35   provider-wire failure ro...
  [SKIP]        runtime_lane_resolution         36   effect attempt blocks sa...
  [SKIP]        runtime_lane_resolution         37   missing effect observati...
  [SKIP]        runtime_lane_resolution         38   effect fence outranks an...
  [SKIP]        runtime_lane_resolution         39   attempt loop blocks no-p...
  [SKIP]        runtime_lane_resolution         40   attempt loop moves past ...
  [SKIP]        runtime_lane_resolution         41   attempt loop does not ga...
  [SKIP]        runtime_lane_resolution         42   hard quota reorders shar...
  [SKIP]        runtime_lane_resolution         43   actual HTTP 429 preserve...
  [SKIP]        runtime_lane_resolution         44   rate limit never exclude...
  [SKIP]        runtime_lane_resolution         45   failed attempts demote u...
  [SKIP]        runtime_lane_resolution         46   a 529 head is demoted an...
  [SKIP]        runtime_lane_resolution         47   an empty completion clea...
  [SKIP]        runtime_lane_resolution         48   access refusal rotates t...
  [SKIP]        runtime_lane_resolution         49   a 403 with a spent windo...
  [SKIP]        runtime_lane_resolution         50   a 403 with headroom rest...
  [SKIP]        runtime_lane_resolution         51   a 403 without usage-read...
  [SKIP]        runtime_lane_resolution         52   a 429 without a wait and...
  [SKIP]        runtime_lane_resolution         53   a 429 without a wait and...
  [SKIP]        runtime_lane_resolution         54   a 429 that states its wa...
  [SKIP]        runtime_lane_resolution         55   the read after a 403 ski...
  [SKIP]        runtime_lane_resolution         56   the read after a 403 doe...
  [SKIP]        runtime_lane_resolution         57   only the candidate's own...
  [SKIP]        runtime_lane_resolution         58   a yield before the first...
  [SKIP]        runtime_lane_resolution         59   the production answer te...
  [SKIP]        runtime_lane_resolution         60   a path that only failed ...
  [SKIP]        runtime_lane_resolution         61   402 still exhausts the q...
  [SKIP]        runtime_lane_resolution         62   a quota hint that names ...
  [SKIP]        runtime_lane_resolution         63   a deferred suffix waits ...
  [SKIP]        runtime_lane_resolution         64   provider resets outlive ...
  [SKIP]        runtime_lane_resolution         65   a failure without a suff...
  [SKIP]        runtime_lane_resolution         66   a chat retry follows the...
  [SKIP]        runtime_lane_resolution         67   a same-path suffix waits...
  [SKIP]        runtime_lane_resolution         68   rate limit survives only...
  [SKIP]        runtime_lane_resolution         69   direct retry retains in-...
  [SKIP]        runtime_lane_resolution         70   direct retry owner follo...
  [SKIP]        runtime_lane_resolution         71   provider wait follows di...
  [SKIP]        runtime_lane_resolution         72   reassignment releases an...
  [SKIP]        runtime_lane_resolution         73   official client rate lim...
  [SKIP]        runtime_lane_resolution         74   rate limit identity dete...
  [SKIP]        runtime_lane_resolution         75   hard quota keeps attempt...
  [SKIP]        runtime_lane_resolution         76   deferred quota order is ...
  [SKIP]        runtime_lane_resolution         77   deferred dispatch preser...
  [SKIP]        runtime_lane_resolution         78   official client quota ex...
  [SKIP]        runtime_lane_resolution         79   a success leaves the nex...
  [SKIP]        runtime_lane_resolution         80   the recorder walks the h...
  [SKIP]        runtime_lane_resolution         81   another keeper still wal...
  [SKIP]        runtime_lane_resolution         82   the recorder's retry ren...
  [SKIP]        runtime_lane_resolution         83   run_named dispatches the...
  [SKIP]        runtime_lane_resolution         84   run_named reroutes an im...
  [SKIP]        runtime_lane_resolution         85   a one-shot walk records ...
  [SKIP]        runtime_lane_resolution         86   a one-shot walk's answer...
  [SKIP]        runtime_lane_resolution         87   typed checkpoint is same...
  [SKIP]        runtime_lane_resolution         88   attempt loop preserves l...
  [SKIP]        runtime_lane_resolution         89   context overflow tries n...
  [SKIP]        runtime_lane_resolution         90   input capacity does not ...
  [SKIP]        runtime_lane_resolution         91   context overflow on last...
  [SKIP]        runtime_lane_resolution         92   lane exhaustion preserve...
  [SKIP]        runtime_lane_resolution         93   mid-lane terminal outran...
  [SKIP]        runtime_lane_resolution         94   pre-dispatch refusal rea...
  [SKIP]        runtime_lane_resolution         95   a repeating generation l...
  [SKIP]        runtime_lane_resolution         96   a repeat on the only mod...
  [SKIP]        runtime_lane_resolution         97   the registry identity is...
  [SKIP]        runtime_lane_resolution         98   an overflow seen before ...
  [SKIP]        runtime_lane_resolution         99   the deferred hint after ...
  [SKIP]        runtime_lane_resolution        100   checkpoint denial defers...
  [SKIP]        runtime_lane_resolution        101   deferred cycle starts at...
  [SKIP]        runtime_lane_resolution        102   deferred post-checkpoint...
  [SKIP]        runtime_lane_resolution        103   single candidate checkpo...
  [SKIP]        runtime_lane_resolution        104   a sink answer is not pro...
  [SKIP]        runtime_lane_resolution        105   the sink owner marks wri...
  [SKIP]        runtime_lane_resolution        106   a chat operation resumes...
  [SKIP]        runtime_lane_resolution        107   a chat operation resumes...
  [SKIP]        runtime_lane_resolution        108   deterministic empty stop...
  [SKIP]        runtime_lane_resolution        109   no same-path hint unless...
  [SKIP]        runtime_lane_resolution        110   the heartbeat lane resta...
  [SKIP]        runtime_lane_resolution        111   heartbeat restart resume...
  [SKIP]        runtime_lane_resolution        112   crashing cycle settles n...
  [SKIP]        runtime_lane_resolution        113   completed cycle settles ...
  [SKIP]        runtime_lane_resolution        114   deferred suffix is isola...
  [SKIP]        runtime_lane_resolution        115   restored suffix yields t...
  [SKIP]        runtime_lane_resolution        116   deferred store rejects u...
  [SKIP]        runtime_lane_resolution        117   missing deferred success...
  [SKIP]        runtime_lane_resolution        118   missing deferred head is...
  [SKIP]        runtime_lane_resolution        119   deferred head removed by...
  [SKIP]        runtime_lane_resolution        120   candidate access denial ...
  [SKIP]        runtime_lane_resolution        121   access failover preserve...
  [SKIP]        runtime_lane_resolution        122   access exhaustion rotate...
  [SKIP]        runtime_lane_resolution        123   initial lane exhaustion ...
  [SKIP]        runtime_lane_resolution        124   a pipeline refusal is no...

Full test results in `~/me/workspace/yousleepwhen/masc-godfile-refactor-20261008/_build/_tests/keeper_turn_driver_failover'.
Test Successful in 0.045s. 6 tests run.
