[dune-local] waiting for lock /var/folders/bv/cjrbl01x52s6j80krdfb63400000gp/T//masc-dune-502-3937091661.lock
[dune-local] removing stale _build/.lock (no dune process running)
[dune-local] DUNE_JOBS=2 DUNE_BUILD_DIR=/Users/dancer/me/workspace/yousleepwhen/masc/.worktrees/fix-pr41199-stdio-machine-20261005/_build DUNE_CACHE=disabled
[dune-local] command: dune build --root /Users/dancer/me/workspace/yousleepwhen/masc/.worktrees/fix-pr41199-stdio-machine-20261005 @test/runtest-test_stdio_machine_activity
Stdio DOS activity enabled=False: PASS
Stdio DOS activity enabled=True: PASS
Stdio MSX activity enabled=False: PASS
Stdio MSX activity enabled=True: PASS
/Users/dancer/me/workspace/yousleepwhen/masc/.worktrees/fix-pr41199-stdio-machine-20261005/_build/default/test/./test_stdio_machine_activity.py:156: ResourceWarning: unclosed file <_io.BufferedWriter name=5>
  run("dos", False)
ResourceWarning: Enable tracemalloc to get the object allocation traceback
/Users/dancer/me/workspace/yousleepwhen/masc/.worktrees/fix-pr41199-stdio-machine-20261005/_build/default/test/./test_stdio_machine_activity.py:156: ResourceWarning: unclosed file <_io.BufferedReader name=6>
  run("dos", False)
ResourceWarning: Enable tracemalloc to get the object allocation traceback
./Users/dancer/me/workspace/yousleepwhen/masc/.worktrees/fix-pr41199-stdio-machine-20261005/_build/default/test/./test_stdio_machine_activity.py:159: ResourceWarning: unclosed file <_io.BufferedWriter name=5>
  run("dos", True)
ResourceWarning: Enable tracemalloc to get the object allocation traceback
/Users/dancer/me/workspace/yousleepwhen/masc/.worktrees/fix-pr41199-stdio-machine-20261005/_build/default/test/./test_stdio_machine_activity.py:159: ResourceWarning: unclosed file <_io.BufferedReader name=6>
  run("dos", True)
ResourceWarning: Enable tracemalloc to get the object allocation traceback
./Users/dancer/me/workspace/yousleepwhen/masc/.worktrees/fix-pr41199-stdio-machine-20261005/_build/default/test/./test_stdio_machine_activity.py:150: ResourceWarning: unclosed file <_io.BufferedWriter name=5>
  run("msx", False)
ResourceWarning: Enable tracemalloc to get the object allocation traceback
/Users/dancer/me/workspace/yousleepwhen/masc/.worktrees/fix-pr41199-stdio-machine-20261005/_build/default/test/./test_stdio_machine_activity.py:150: ResourceWarning: unclosed file <_io.BufferedReader name=6>
  run("msx", False)
ResourceWarning: Enable tracemalloc to get the object allocation traceback
./Users/dancer/me/workspace/yousleepwhen/masc/.worktrees/fix-pr41199-stdio-machine-20261005/_build/default/test/./test_stdio_machine_activity.py:153: ResourceWarning: unclosed file <_io.BufferedWriter name=5>
  run("msx", True)
ResourceWarning: Enable tracemalloc to get the object allocation traceback
/Users/dancer/me/workspace/yousleepwhen/masc/.worktrees/fix-pr41199-stdio-machine-20261005/_build/default/test/./test_stdio_machine_activity.py:153: ResourceWarning: unclosed file <_io.BufferedReader name=6>
  run("msx", True)
ResourceWarning: Enable tracemalloc to get the object allocation traceback
.
----------------------------------------------------------------------
Ran 4 tests in 2.100s

OK
