Stdio DOS activity enabled=False: PASS
/Users/dancer/me/workspace/yousleepwhen/masc/.worktrees/fix-pr41199-stdio-machine-20261005/test/test_stdio_machine_activity.py:156: ResourceWarning: unclosed file <_io.BufferedWriter name=5>
  run("dos", False)
ResourceWarning: Enable tracemalloc to get the object allocation traceback
/Users/dancer/me/workspace/yousleepwhen/masc/.worktrees/fix-pr41199-stdio-machine-20261005/test/test_stdio_machine_activity.py:156: ResourceWarning: unclosed file <_io.BufferedReader name=6>
  run("dos", False)
ResourceWarning: Enable tracemalloc to get the object allocation traceback
.Stdio DOS activity enabled=True: PASS
/Users/dancer/me/workspace/yousleepwhen/masc/.worktrees/fix-pr41199-stdio-machine-20261005/test/test_stdio_machine_activity.py:159: ResourceWarning: unclosed file <_io.BufferedWriter name=5>
  run("dos", True)
ResourceWarning: Enable tracemalloc to get the object allocation traceback
/Users/dancer/me/workspace/yousleepwhen/masc/.worktrees/fix-pr41199-stdio-machine-20261005/test/test_stdio_machine_activity.py:159: ResourceWarning: unclosed file <_io.BufferedReader name=6>
  run("dos", True)
ResourceWarning: Enable tracemalloc to get the object allocation traceback
.Stdio MSX activity enabled=False: PASS
/Users/dancer/me/workspace/yousleepwhen/masc/.worktrees/fix-pr41199-stdio-machine-20261005/test/test_stdio_machine_activity.py:150: ResourceWarning: unclosed file <_io.BufferedWriter name=5>
  run("msx", False)
ResourceWarning: Enable tracemalloc to get the object allocation traceback
/Users/dancer/me/workspace/yousleepwhen/masc/.worktrees/fix-pr41199-stdio-machine-20261005/test/test_stdio_machine_activity.py:150: ResourceWarning: unclosed file <_io.BufferedReader name=6>
  run("msx", False)
ResourceWarning: Enable tracemalloc to get the object allocation traceback
.Stdio MSX activity enabled=True: PASS
/Users/dancer/me/workspace/yousleepwhen/masc/.worktrees/fix-pr41199-stdio-machine-20261005/test/test_stdio_machine_activity.py:153: ResourceWarning: unclosed file <_io.BufferedWriter name=5>
  run("msx", True)
ResourceWarning: Enable tracemalloc to get the object allocation traceback
/Users/dancer/me/workspace/yousleepwhen/masc/.worktrees/fix-pr41199-stdio-machine-20261005/test/test_stdio_machine_activity.py:153: ResourceWarning: unclosed file <_io.BufferedReader name=6>
  run("msx", True)
ResourceWarning: Enable tracemalloc to get the object allocation traceback
.
----------------------------------------------------------------------
Ran 4 tests in 3.280s

OK
