Testing `tool_schema_decode_boundary'.
This run has ID `CD7BQE76'.

  [OK]          input_schema shape                             0   explicit n...
  [OK]          input_schema shape                             1   string.
  [OK]          input_schema shape                             2   integer.
  [OK]          input_schema shape                             3   float.
  [OK]          input_schema shape                             4   boolean.
  [OK]          input_schema shape                             5   list.
  [OK]          input_schema shape                             6   rejection ...
  [OK]          input_schema shape                             7   duplicate ...
  [OK]          input_schema shape                             8   duplicate ...
  [OK]          input_schema shape                             9   constructo...
  [OK]          tool_schema_of_json totality                   0   non-object...
  [OK]          tool_schema_of_json totality                   1   parameters...
  [OK]          tool_schema_of_json totality                   2   param name...
  [OK]          tool_schema_of_json totality                   3   param not ...
  [OK]          tool_schema_of_json totality                   4   strict not...
  [OK]          tool_schema_of_json totality                   5   name not a...
  [OK]          tool_schema_of_json totality                   6   missing name.
  [OK]          tool_schema_of_json totality                   7   duplicate ...
  [OK]          tool_schema_of_json totality                   8   strict null.
  [OK]          tool_schema_of_json totality                   9   input_sche...
  [OK]          tool_schema_of_json totality                  10   parameters...
  [OK]          tool_schema_of_json totality                  11   parameters...
  [OK]          tool_param_of_json totality                    0   malformed ...
  [OK]          tool_param_of_json totality                    1   duplicate ...
  [OK]          derived decoder exact fields                   0   explicit n...
  [OK]          derived decoder exact fields                   1   duplicate ...
  [OK]          params conversion shares the key gate          0   duplicate ...
  [OK]          params conversion shares the key gate          1   unique key...

Full test results in `~/me/workspace/yousleepwhen/masc-godfile-refactor-20261008/_build/_tests/tool_schema_decode_boundary'.
Test Successful in 0.003s. 28 tests run.
