Testing `tool_input_schema_fidelity'.
This run has ID `TRP2UJCS'.

  [OK]          wire fidelity          0   authoritative schema reaches the w...
  [OK]          wire fidelity          1   the billed encoding is smaller tha...
  [OK]          wire fidelity          2   authoritative schema rides an exec...
  [OK]          wire fidelity          3   context handler still refuses a mi...
  [OK]          wire fidelity          4   payload without the input_schema k...
  [OK]          wire fidelity          5   derived schema unchanged without i...
  [OK]          invariant              0   tool parameters derived from the s...
  [OK]          invariant              1   middleware schema keeps its source.
  [OK]          invariant              2   invalid schema names the failing p...
  [OK]          invariant              3   composed properties keep the autho...
  [OK]          invariant              4   nullable validation uses the autho...
  [OK]          invariant              5   integer validation accepts integra...
  [OK]          invariant              6   boolean property schemas are prese...
  [OK]          invariant              7   const and enum use JSON semantic e...
  [OK]          invariant              8   explicit non-object root schema is...
  [OK]          invariant              9   non-object-only root constraints a...
  [OK]          invariant             10   input_schema constructor derives i...
  [OK]          invariant             11   params constructor leaves no autho...
  [OK]          round-trip             0   tool_schema json round-trip.

Full test results in `~/me/workspace/yousleepwhen/masc-godfile-refactor-20261008/_build/_tests/tool_input_schema_fidelity'.
Test Successful in 0.003s. 19 tests run.
