PASS probe owns a newly opened session
PASS element observation names its tab
PASS password values are absent
PASS opaque option values are observable
PASS native action confirms its target tab
PASS native action confirms its target tab
PASS native action confirms its target tab
PASS native fill select and click changed page
PASS live DOM value reflects native fill
PASS native action confirms its target tab
PASS native Enter submits the filled form
PASS native action confirms its target tab
PASS second tab remains independently readable
PASS ambiguous selector rejected before effect
PASS native action confirms its target tab
PASS targeted navigation reaches the requested URL
PASS native action confirms its target tab
PASS native back returns to previous URL
PASS native action confirms its target tab
PASS native forward restores URL
PASS native action confirms its target tab
PASS native action confirms its target tab
PASS screenshot target is the first fixture page
PASS another tab is selected before screenshot
PASS native screenshot carries the selected tab
PASS native screenshot switches to the requested page
PASS iframe discovery returns a selectable frame
PASS nested cross-origin frame controls are readable
PASS nested fill executed
PASS nested click executed
PASS nested frame contains submitted input
PASS top-level read resets the frame context
PASS missing frame rejected before effect
PASS native action confirms its target tab
PASS alert text remains available
PASS native action confirms its target tab
PASS accepted alert closes
PASS native action confirms its target tab
PASS native action confirms its target tab
PASS dismiss reaches the page as false
PASS native action confirms its target tab
PASS native action confirms its target tab
PASS prompt input reaches the page
PASS load-time dialog retains its new tab id
PASS load-time prompt can be inspected by returned id
PASS blocked tab scan reports its exact id
PASS native action confirms its target tab
PASS load-time dialog recovery leaves page readable
PASS native action confirms its target tab
PASS upload uses a private snapshot instead of caller source
PASS native action confirms its target tab
PASS selected snapshots survive staging callback return
PASS later File text read preserves staged bytes
PASS native action confirms its target tab
PASS real multipart upload preserves file bytes
PASS native action confirms its target tab
PASS download 1 reached terminal completion
PASS native action confirms its target tab
PASS download 2 reached terminal completion
PASS native action confirms its target tab
PASS download 3 reached terminal completion
PASS frame download click confirms its tab and effect
PASS distinct UUIDs correlate identical URLs and null navigation
PASS iframe downloads belong to their observed top-level tab
PASS another tab cannot see these downloads
PASS completed native download contains exact binary bytes
PASS download publication returned metadata
PASS completed native download contains exact binary bytes
PASS download publication returned metadata
PASS completed native download contains exact binary bytes
PASS download publication returned metadata
PASS completed native download contains exact binary bytes
PASS download publication returned metadata
PASS native action confirms its target tab
PASS completed downloads remain readable after their tab closes
PASS native action confirms its target tab
PASS closing one tab retains session-owned files
PASS native action confirms its target tab
PASS closed tab cannot be clicked
PASS session close is confirmed
PASS confirmed session teardown removes private snapshots
PASS session cleanup never deletes caller source file
PASS probe owns a newly opened session
PASS reopened sessions never reuse tab IDs
PASS old session target rejected
