[2026-08-30 18:02:23] [DEBUG] [Dashboard] full_health_snapshot warm cache delayed 0s
[2026-08-30 18:02:23] [INFO] [Dashboard] starting full_health_snapshot refresh loop
[2026-08-30 18:02:23] [INFO] [Dashboard] full_health_snapshot warm cache done (0.0s)
[2026-08-30 18:02:57] [DEBUG] [Dashboard] full_health_snapshot refreshed (0.0s)
[2026-08-30 18:03:23] [INFO] [Keeper] schedule stimulus retained without owner activation schedule_id=r66-scale32-32 keeper=tech_lead reason=owner_unknown detail=Keeper owner not found: tech_lead
[2026-08-30 18:03:23] [DEBUG] [Dashboard] full_health_snapshot coalesced 1 sibling wakeup signal(s) over 0.100s
[2026-08-30 18:03:23] [INFO] [Keeper] schedule stimulus retained without owner activation schedule_id=r66-scale32-31 keeper=scale_28 reason=owner_unknown detail=Keeper owner not found: scale_28
[2026-08-30 18:03:24] [INFO] [Keeper] schedule stimulus retained without owner activation schedule_id=r66-scale32-30 keeper=scale_27 reason=owner_unknown detail=Keeper owner not found: scale_27
[2026-08-30 18:03:24] [INFO] [Keeper] schedule stimulus retained without owner activation schedule_id=r66-scale32-29 keeper=scale_26 reason=owner_unknown detail=Keeper owner not found: scale_26
[2026-08-30 18:03:24] [DEBUG] [Dashboard] full_health_snapshot discarded worker 3 result after generation change
[2026-08-30 18:03:24] [INFO] [Dashboard] full_health_snapshot refreshed (1.6s)
[2026-08-30 18:03:25] [DEBUG] [Dashboard] full_health_snapshot coalesced 6 sibling wakeup signal(s) over 0.100s
[2026-08-30 18:03:25] [INFO] [Keeper] schedule stimulus retained without owner activation schedule_id=r66-scale32-28 keeper=scale_25 reason=owner_unknown detail=Keeper owner not found: scale_25
[2026-08-30 18:03:25] [INFO] [Keeper] schedule stimulus retained without owner activation schedule_id=r66-scale32-27 keeper=scale_24 reason=owner_unknown detail=Keeper owner not found: scale_24
[2026-08-30 18:03:25] [INFO] [Keeper] schedule stimulus retained without owner activation schedule_id=r66-scale32-26 keeper=scale_23 reason=owner_unknown detail=Keeper owner not found: scale_23
[2026-08-30 18:03:26] [DEBUG] [Dashboard] full_health_snapshot discarded worker 4 result after generation change
[2026-08-30 18:03:26] [INFO] [Dashboard] full_health_snapshot refreshed (1.3s)
[2026-08-30 18:03:26] [INFO] [Keeper] schedule stimulus retained without owner activation schedule_id=r66-scale32-25 keeper=scale_22 reason=owner_unknown detail=Keeper owner not found: scale_22
[2026-08-30 18:03:26] [DEBUG] [Dashboard] full_health_snapshot coalesced 8 sibling wakeup signal(s) over 0.100s
[2026-08-30 18:03:27] [INFO] [Keeper] schedule stimulus retained without owner activation schedule_id=r66-scale32-24 keeper=scale_21 reason=owner_unknown detail=Keeper owner not found: scale_21
[2026-08-30 18:03:27] [INFO] [Keeper] schedule stimulus retained without owner activation schedule_id=r66-scale32-23 keeper=scale_20 reason=owner_unknown detail=Keeper owner not found: scale_20
[2026-08-30 18:03:28] [DEBUG] [Dashboard] full_health_snapshot discarded worker 5 result after generation change
[2026-08-30 18:03:28] [INFO] [Dashboard] full_health_snapshot refreshed (1.6s)
[2026-08-30 18:03:28] [DEBUG] [Dashboard] full_health_snapshot coalesced 5 sibling wakeup signal(s) over 0.100s
[2026-08-30 18:03:28] [INFO] [Keeper] schedule stimulus retained without owner activation schedule_id=r66-scale32-22 keeper=scale_19 reason=owner_unknown detail=Keeper owner not found: scale_19
[2026-08-30 18:03:28] [INFO] [Keeper] schedule stimulus retained without owner activation schedule_id=r66-scale32-21 keeper=scale_18 reason=owner_unknown detail=Keeper owner not found: scale_18
[2026-08-30 18:03:29] [INFO] [Keeper] schedule stimulus retained without owner activation schedule_id=r66-scale32-20 keeper=scale_17 reason=owner_unknown detail=Keeper owner not found: scale_17
[2026-08-30 18:03:29] [INFO] [Keeper] schedule stimulus retained without owner activation schedule_id=r66-scale32-19 keeper=scale_16 reason=owner_unknown detail=Keeper owner not found: scale_16
[2026-08-30 18:03:29] [DEBUG] [Dashboard] full_health_snapshot discarded worker 6 result after generation change
[2026-08-30 18:03:29] [INFO] [Dashboard] full_health_snapshot refreshed (1.7s)
[2026-08-30 18:03:29] [DEBUG] [Dashboard] full_health_snapshot coalesced 7 sibling wakeup signal(s) over 0.100s
[2026-08-30 18:03:30] [INFO] [Keeper] schedule stimulus retained without owner activation schedule_id=r66-scale32-18 keeper=scale_15 reason=owner_unknown detail=Keeper owner not found: scale_15
[2026-08-30 18:03:30] [INFO] [Keeper] schedule stimulus retained without owner activation schedule_id=r66-scale32-17 keeper=scale_14 reason=owner_unknown detail=Keeper owner not found: scale_14
[2026-08-30 18:03:30] [DEBUG] [Dashboard] full_health_snapshot discarded worker 7 result after generation change
[2026-08-30 18:03:30] [DEBUG] [Dashboard] full_health_snapshot refreshed (0.6s)
[2026-08-30 18:03:30] [INFO] [Keeper] schedule stimulus retained without owner activation schedule_id=r66-scale32-16 keeper=scale_13 reason=owner_unknown detail=Keeper owner not found: scale_13
[2026-08-30 18:03:30] [INFO] [Keeper] schedule stimulus retained without owner activation schedule_id=r66-scale32-15 keeper=scale_12 reason=owner_unknown detail=Keeper owner not found: scale_12
[2026-08-30 18:03:30] [DEBUG] [Dashboard] full_health_snapshot coalesced 8 sibling wakeup signal(s) over 0.100s
[2026-08-30 18:03:31] [INFO] [Keeper] schedule stimulus retained without owner activation schedule_id=r66-scale32-14 keeper=scale_11 reason=owner_unknown detail=Keeper owner not found: scale_11
[2026-08-30 18:03:31] [INFO] [Keeper] schedule stimulus retained without owner activation schedule_id=r66-scale32-13 keeper=scale_10 reason=owner_unknown detail=Keeper owner not found: scale_10
[2026-08-30 18:03:32] [INFO] [Keeper] schedule stimulus retained without owner activation schedule_id=r66-scale32-12 keeper=scale_09 reason=owner_unknown detail=Keeper owner not found: scale_09
[2026-08-30 18:03:33] [INFO] [Keeper] schedule stimulus retained without owner activation schedule_id=r66-scale32-11 keeper=scale_08 reason=owner_unknown detail=Keeper owner not found: scale_08
[2026-08-30 18:03:33] [DEBUG] [Dashboard] full_health_snapshot discarded worker 8 result after generation change
[2026-08-30 18:03:33] [INFO] [Dashboard] full_health_snapshot refreshed (2.6s)
[2026-08-30 18:03:33] [DEBUG] [Dashboard] full_health_snapshot coalesced 8 sibling wakeup signal(s) over 0.100s
[2026-08-30 18:03:33] [INFO] [Keeper] schedule stimulus retained without owner activation schedule_id=r66-scale32-10 keeper=scale_07 reason=owner_unknown detail=Keeper owner not found: scale_07
[2026-08-30 18:03:34] [INFO] [Keeper] schedule stimulus retained without owner activation schedule_id=r66-scale32-09 keeper=scale_06 reason=owner_unknown detail=Keeper owner not found: scale_06
[2026-08-30 18:03:34] [INFO] [Keeper] schedule stimulus retained without owner activation schedule_id=r66-scale32-08 keeper=scale_05 reason=owner_unknown detail=Keeper owner not found: scale_05
[2026-08-30 18:03:34] [DEBUG] [Dashboard] full_health_snapshot discarded worker 9 result after generation change
[2026-08-30 18:03:34] [INFO] [Keeper] schedule stimulus retained without owner activation schedule_id=r66-scale32-07 keeper=scale_04 reason=owner_unknown detail=Keeper owner not found: scale_04
[2026-08-30 18:03:34] [INFO] [Dashboard] full_health_snapshot refreshed (1.6s)
[2026-08-30 18:03:35] [DEBUG] [Dashboard] full_health_snapshot coalesced 8 sibling wakeup signal(s) over 0.100s
[2026-08-30 18:03:35] [INFO] [Keeper] schedule stimulus retained without owner activation schedule_id=r66-scale32-06 keeper=scale_03 reason=owner_unknown detail=Keeper owner not found: scale_03
[2026-08-30 18:03:36] [INFO] [Keeper] schedule stimulus retained without owner activation schedule_id=r66-scale32-05 keeper=scale_02 reason=owner_unknown detail=Keeper owner not found: scale_02
[2026-08-30 18:03:37] [INFO] [Keeper] schedule stimulus retained without owner activation schedule_id=r66-scale32-04 keeper=scale_01 reason=owner_unknown detail=Keeper owner not found: scale_01
[2026-08-30 18:03:38] [DEBUG] [Dashboard] full_health_snapshot discarded worker 10 result after generation change
[2026-08-30 18:03:38] [INFO] [Dashboard] full_health_snapshot refreshed (2.9s)
[2026-08-30 18:03:38] [INFO] [Keeper] schedule stimulus retained without owner activation schedule_id=r66-scale32-03 keeper=qa reason=owner_unknown detail=Keeper owner not found: qa
[2026-08-30 18:03:38] [DEBUG] [Dashboard] full_health_snapshot coalesced 9 sibling wakeup signal(s) over 0.100s
[2026-08-30 18:03:38] [INFO] [Keeper] schedule stimulus retained without owner activation schedule_id=r66-scale32-02 keeper=frontend reason=owner_unknown detail=Keeper owner not found: frontend
[2026-08-30 18:03:38] [INFO] [Keeper] schedule stimulus retained without owner activation schedule_id=r66-scale32-01 keeper=backend reason=owner_unknown detail=Keeper owner not found: backend
[2026-08-30 18:03:38] [INFO] [Server] schedule_runner: occurrence=aad7da84274e493297baab870eef7dc6641d71996102eae36dabd7e59e8bdce8 schedule_id=r66-scale32-32 dispatch=succeeded
[2026-08-30 18:03:38] [INFO] [Server] schedule_runner: occurrence=2a83ef86fa550ce3a18fde660f2cce49504b88840c35dc313833674a7e48da2f schedule_id=r66-scale32-31 dispatch=succeeded
[2026-08-30 18:03:38] [INFO] [Server] schedule_runner: occurrence=45b5714a7c195857462627b464b71540dff93ecde0ed1c930294879c2651ddfb schedule_id=r66-scale32-30 dispatch=succeeded
[2026-08-30 18:03:38] [INFO] [Server] schedule_runner: occurrence=b50a1df8bdc42489fc7a51932af6b24a4c406f8a2462ff7dbf960f951389d2fe schedule_id=r66-scale32-29 dispatch=succeeded
[2026-08-30 18:03:38] [INFO] [Server] schedule_runner: occurrence=b037bd0cfecde43cbe2c79deaf91f8120ea5e69cd365555e7f4898f63e37894d schedule_id=r66-scale32-28 dispatch=succeeded
[2026-08-30 18:03:38] [INFO] [Server] schedule_runner: occurrence=f8b2558a2f14e87dd3fd0ba26fa5348fd57fb2a8d5342a1bb441e72fe1989927 schedule_id=r66-scale32-27 dispatch=succeeded
[2026-08-30 18:03:38] [INFO] [Server] schedule_runner: occurrence=02c4cb3ec9a20b199c347cd7956b498934345a345d8a0b96a50e8a870be69431 schedule_id=r66-scale32-26 dispatch=succeeded
[2026-08-30 18:03:38] [INFO] [Server] schedule_runner: occurrence=ea19821dbb3f7a13293a754f659492d33941890322e8e64948ca59b758dcb096 schedule_id=r66-scale32-25 dispatch=succeeded
[2026-08-30 18:03:38] [INFO] [Server] schedule_runner: occurrence=1028617f2ad751fa769eec2e0e80867cf1e8fc57d42f44559a3ac1f7884400b8 schedule_id=r66-scale32-24 dispatch=succeeded
[2026-08-30 18:03:38] [INFO] [Server] schedule_runner: occurrence=4f3898d512df53319d74cc84584f20e274f5d374da4ec6fe8721c1d5d0a670ce schedule_id=r66-scale32-23 dispatch=succeeded
[2026-08-30 18:03:38] [INFO] [Server] schedule_runner: occurrence=89f47c8100a6c8b43db88567f3e67f86b23f4883363460686d16ed492ee57873 schedule_id=r66-scale32-22 dispatch=succeeded
[2026-08-30 18:03:39] [INFO] [Server] schedule_runner: occurrence=350c704338fd9c6de1cae7d13fc67527ae5c5febe5e9bd2093fffb83c33f2eb3 schedule_id=r66-scale32-21 dispatch=succeeded
[2026-08-30 18:03:39] [INFO] [Server] schedule_runner: occurrence=c7bd363fedfc3218f16d746f593321905238bbb0c0cad0f3170f5f6d66402ff3 schedule_id=r66-scale32-20 dispatch=succeeded
[2026-08-30 18:03:39] [INFO] [Server] schedule_runner: occurrence=d45750a350e82803f55f1ffb7c2f5845c1835a72fb76133fb0a9cb7213bbded1 schedule_id=r66-scale32-19 dispatch=succeeded
[2026-08-30 18:03:39] [INFO] [Server] schedule_runner: occurrence=7099a82199c66b50ae311b08d0672621077bccc8abb54f0bd19ade0f52f8ceed schedule_id=r66-scale32-18 dispatch=succeeded
[2026-08-30 18:03:39] [INFO] [Server] schedule_runner: occurrence=17d60b3c1e6297f4bfdbb9896c7ce9430677ae1f39e298d1eef8699ed37dd8fc schedule_id=r66-scale32-17 dispatch=succeeded
[2026-08-30 18:03:39] [INFO] [Server] schedule_runner: occurrence=7ad19ed6d2b65e024b2d7b429e415be4ed562252e844fa765af7e9ac6df8c386 schedule_id=r66-scale32-16 dispatch=succeeded
[2026-08-30 18:03:39] [INFO] [Server] schedule_runner: occurrence=c45c15124750f8234294f2171ef5d2d2395520c92f03a2c5b8f0189bb93e7797 schedule_id=r66-scale32-15 dispatch=succeeded
[2026-08-30 18:03:39] [INFO] [Server] schedule_runner: occurrence=d828cf54beec3a12cde2b022eb7651a7759e517175fb34b5935ce4dc2de6cae4 schedule_id=r66-scale32-14 dispatch=succeeded
[2026-08-30 18:03:39] [INFO] [Server] schedule_runner: occurrence=59388dd539ae202bcb62eccd3873ce9568007d9a255cd166f3cad5e738c9365a schedule_id=r66-scale32-13 dispatch=succeeded
[2026-08-30 18:03:39] [INFO] [Server] schedule_runner: occurrence=879a4bc7402d887449f75d14cf5483a87fc76b5c9c3fb4298fbe9aa2017e6dfc schedule_id=r66-scale32-12 dispatch=succeeded
[2026-08-30 18:03:39] [INFO] [Server] schedule_runner: occurrence=1df8c4d31cf36a0ff0bc3d3e69d93322d14eefee447c9a44db409a1e1fa586e8 schedule_id=r66-scale32-11 dispatch=succeeded
[2026-08-30 18:03:39] [INFO] [Server] schedule_runner: occurrence=8a4d28cba8c59693c766eaa66a9906eda17b25368a3d7386638310ecffbd75c5 schedule_id=r66-scale32-10 dispatch=succeeded
[2026-08-30 18:03:39] [INFO] [Server] schedule_runner: occurrence=e374900b49980cd587ac99f6942d8b06ca69dde39c6ca4fccfe3ed66b648e785 schedule_id=r66-scale32-09 dispatch=succeeded
[2026-08-30 18:03:39] [INFO] [Server] schedule_runner: occurrence=048ad59dab0ff486bdf2d2080ee631d2a4b791f421a21ddf141499143d02920a schedule_id=r66-scale32-08 dispatch=succeeded
[2026-08-30 18:03:39] [INFO] [Server] schedule_runner: occurrence=55b2e9e7371fa0bf3f1f101543b7b4b301183fde0d25ff47bbf750954a3adac8 schedule_id=r66-scale32-07 dispatch=succeeded
[2026-08-30 18:03:39] [INFO] [Server] schedule_runner: occurrence=81471fa7c6a4b2c24f8dbe6efaf7708456b26cedabbc0e2159f72ff7dce4cef0 schedule_id=r66-scale32-06 dispatch=succeeded
[2026-08-30 18:03:39] [INFO] [Server] schedule_runner: occurrence=404e0a6c4fc784d23a3e9968ea94f53f828e20226de5cfffa0690b8757ef6bdc schedule_id=r66-scale32-05 dispatch=succeeded
[2026-08-30 18:03:39] [INFO] [Server] schedule_runner: occurrence=a1571bbd898617b953645cf61a993f5fc78181f58ffb28d1c3ff5313c98a86ab schedule_id=r66-scale32-04 dispatch=succeeded
[2026-08-30 18:03:39] [INFO] [Server] schedule_runner: occurrence=4b035efa18078c46f4690f2329899237bc3adf4ad3d2e9333dcae99c8e3fdd42 schedule_id=r66-scale32-03 dispatch=succeeded
[2026-08-30 18:03:39] [INFO] [Server] schedule_runner: occurrence=0ef5e1168e6dff360496deef2c68dc51f549296df3af83e8cf9f797c8af740a2 schedule_id=r66-scale32-02 dispatch=succeeded
[2026-08-30 18:03:39] [INFO] [Server] schedule_runner: occurrence=e4dd8a199ecca57bb93e88c64076731c7525e239f41d49c69fc05619ef584042 schedule_id=r66-scale32-01 dispatch=succeeded
[2026-08-30 18:03:39] [DEBUG] [Dashboard] full_health_snapshot discarded worker 11 result after generation change
[2026-08-30 18:03:39] [INFO] [Dashboard] full_health_snapshot refreshed (1.4s)
[2026-08-30 18:03:39] [DEBUG] [Dashboard] full_health_snapshot coalesced 3 sibling wakeup signal(s) over 0.100s
[2026-08-30 18:03:40] [DEBUG] [Dashboard] full_health_snapshot refreshed (0.6s)
