Testing `keeper_turn_driver_accept'.
This run has ID `D8T44O2T'.

  [OK]          accept          0   official failure reaches receipt after pr...
  [OK]          accept          1   official success preserves its observation.
  [OK]          accept          2   accepted response passes through.
  [OK]          accept          3   InputRequired bypasses response acceptance.
  [OK]          accept          4   terminal tool completion bypasses empty r...
  [OK]          accept          5   open terminal state keeps empty response ...
  [OK]          accept          6   replay projection failure rejects complet...
  [OK]          accept          7   strict tool_choice is relaxed to auto.
  [OK]          accept          8   rejected response is typed.
  [OK]          accept          9   thinking-only rejection is diagnosed.
  [OK]          accept         10   max_tokens without content keeps its rota...
  [OK]          accept         11   blank finalization response is typed no-p...
  [OK]          accept         12   finalization does not surface hidden reas...
  [OK]          accept         13   thinking plus text is accepted.
  [OK]          accept         14   thinking plus tool use is accepted.
  [OK]          accept         15   accept delegates to AGENT_CORE response s...
  [OK]          accept         16   thinking-only non-end-turn response is re...
  [OK]          accept         17   thinking-only no-tool response rotates ty...
  [OK]          accept         18   Accept_rejected threads typed stop_reason...
  [OK]          accept         19   Accept_rejected stop_reason survives code...
  [OK]          accept         20   empty non-end-turn response is rejected.
  [OK]          accept         21   blank text non-end-turn response is rejec...
  [OK]          accept         22   MaxTokens text uses checkpoint continuation.
  [OK]          accept         23   truncation checkpoint preserves tools and...
  [OK]          accept         24   custom predicate rejection stays distinct.
  [OK]          accept         25   media with tool result is deliverable.
  [OK]          accept         26   sse progress classifies known deltas.
  [OK]          accept         27   sse watchdog progress records production ...
  [OK]          accept         28   a reasoning-only stream keeps refreshing ...
  [OK]          accept         29   carrier-only stream remains observable wi...
  [OK]          accept         30   DNS failure exhaustion classifies as Runt...
  [OK]          accept         31   no-candidates exhaustion classifies as No...
  [OK]          accept         32   session conflict preserves typed terminal...
  [OK]          accept         33   admitted continuation requires its checkp...
  [OK]          accept         34   dispatch accepts runtime without serializ...
  [OK]          accept         35   runtime exhaustion labels cap free-text d...
  [OK]          accept         36   keeper tool slot callbacks are always wired.
  [OK]          accept         37   a rejected response leaves the checkpoint...
  [OK]          accept         38   a wire that cannot stop thinking drops in...
  [OK]          accept         39   truncation retry candidate drops reasonin...
  [OK]          accept         40   the retry gate reads this candidate's lad...
  [OK]          accept         41   truncation recovery is scoped to max-toke...
  [OK]          accept         42   a dropped response is written through the...

Full test results in `/private/tmp/masc-b2-godfile-build/test/_build/_tests/keeper_turn_driver_accept'.
Test Successful in 0.054s. 43 tests run.
