Testing `keeper_wake_turn_context'.
This run has ID `FXXTIYX0'.

  [OK]          current task layer                                          0   quiet permission preserves incoming work....
  [SKIP]        current task layer                                          1   renders id, status, and handoff....
  [SKIP]        current task layer                                          2   absent without a held task....
  [SKIP]        current task layer                                          3   held task skills section renders....
  [SKIP]        current task layer                                          4   held task skills section absent without held tasks....
  [SKIP]        current task layer                                          5   held task skills projection....
  [SKIP]        current task layer                                          6   unavailable backlog remains explicit....
  [SKIP]        current task layer                                          7   dangling task id remains explicit....
  [SKIP]        current task layer                                          8   recovery task is explicitly non-authoritative....
  [SKIP]        current task layer                                          9   direct reply receives the held task and handoff....
  [SKIP]        current task layer                                         10   direct reply invents no task when none is held....
  [SKIP]        current task layer                                         11   direct turn carries held task skills....
  [SKIP]        current task layer                                         12   direct reply discovers shared proposal with source uncertainty....
  [SKIP]        current task layer                                         13   workspace memory distinguishes briefing freshness and availability....
  [SKIP]        current task layer                                         14   unresolved goal keeps one stable safety contract....
  [SKIP]        work continuation                                           0   task-free work reaches the next autonomous prompt....
  [SKIP]        threaded turn decision                                      0   stimulus decision renders wake reason....
  [SKIP]        threaded turn decision                                      1   bootstrap keeps reactive post-action....
  [SKIP]        threaded turn decision                                      2   preview invents no wake reason....
  [SKIP]        subscribed lane observations reach the turn prompt          0   the direct turn renders an unread notice....
  [SKIP]        subscribed lane observations reach the turn prompt          1   the autonomous turn renders an unread notice....
  [SKIP]        current task heading states the status                      0   a submitted task is not called held....
  [SKIP]        current task heading states the status                      1   an in-progress task is still called held....
  [SKIP]        own recent actions carry arguments on refusals              0   a successful call replays no argument body....
  [SKIP]        own recent actions carry arguments on refusals              1   a refused call keeps what was sent....
  [SKIP]        own recent actions carry arguments on refusals              2   Small failed payloads remain retrievable through the offered reader....
  [SKIP]        own recent actions carry arguments on refusals              3   repeated refusals collapse into one digest row....
  [SKIP]        own recent actions carry arguments on refusals              4   no digest block without refusals....
  [SKIP]        goal titles                                                 0   summaries render titles, unresolved ids stay bare....
  [SKIP]        goal titles                                                 1   the heading counts what the block lists....
  [SKIP]        goal titles                                                 2   no summaries renders no layer....
  [SKIP]        previous turn stop reaches the next prompt                  0   a repeated tool call is named with its count....
  [SKIP]        previous turn stop reaches the next prompt                  1   repeated assistant text is named with its count....
  [SKIP]        previous turn stop reaches the next prompt                  2   no previous stop renders no line....
  [SKIP]        backlog task identities                                     0   parsed once per physical task list....

Full test results in `~/me/workspace/yousleepwhen/masc-godfile-refactor-20261008/_build/_tests/keeper_wake_turn_context'.
Test Successful in 0.000s. 1 test run.
