Testing `keeper pending queue current schema'.
This run has ID `BNFHEZHH'.

  [SKIP]        scope binding          0   atomic batch and idempotent replay.
  [SKIP]        scope binding          1   scheduling preserves; reincarnatio...
  [SKIP]        scope binding          2   strict optional codec.
  [SKIP]        scope binding          3   durable reload, no-op and conflict.
  [SKIP]        scope binding          4   uncertain rename retries durability.
  [SKIP]        state                  0   peek keeps pending authoritative.
  [SKIP]        state                  1   schedule occurrences report only s...
  [SKIP]        state                  2   exact ack preserves distinct source.
  [SKIP]        state                  3   an unchanged snapshot is not repar...
  [SKIP]        state                  4   unaged Low still loses to fresh No...
  [SKIP]        state                  5   aged Low competes with Normal by a...
  [SKIP]        state                  6   Low aging never reaches Immediate.
  [SKIP]        state                  7   multiple aged Low entries keep arr...
  [SKIP]        state                  8   pending collapses duplicate source...
  [SKIP]        state                  9   failure retains source.
  [SKIP]        state                 10   unrelated enqueue survives exact ack.
  [SKIP]        state                 11   reinserted source rejects old sele...
  [SKIP]        state                 12   changed selected snapshot fails cl...
  [SKIP]        state                 13   turn-attempt terminal receipt pres...
  [SKIP]        state                 14   turn completion is terminal and co...
  [SKIP]        state                 15   older projected disposition replays.
  [SKIP]        state                 16   current schema only.
  [SKIP]        persistence            0   durable peek ack restart.
  [SKIP]        persistence            1   undecodable primary retains WAL; a...
  [SKIP]        persistence            2   dangling primary is not absence.
  [SKIP]        persistence            3   primary replacement cannot poison ...
  [SKIP]        persistence            4   checkpoint retention spends the ca...
  [SKIP]        persistence            5   durable checkpoint retention count...
  [SKIP]        persistence            6   Immediate arrival precedes pending...
  [SKIP]        persistence            7   durable reprioritize is source inc...
  [SKIP]        persistence            8   durable failed turn receipt restart.
  [OK]          persistence            9   durable completed turn projects re...
  [OK]          persistence           10   owner terminalizes consecutive tur...
  [SKIP]        persistence           11   durable in-flight selection reject...
  [SKIP]        persistence           12   snapshot commit observer is exact ...
  [SKIP]        persistence           13   pending entry hard cut rejects pre...
  [SKIP]        persistence           14   transition WAL observer notifies e...
  [SKIP]        persistence           15   projected dispositions do not accu...
  [SKIP]        persistence           16   projected dispositions keep receip...

Full test results in `~/me/workspace/yousleepwhen/masc-godfile-refactor-20261008/_build/_tests/keeper pending queue current schema'.
Test Successful in 0.057s. 2 tests run.
