Testing `keeper_reaction_ledger'.
This run has ID `ED2Z1PCV'.

  [OK]          ledger          0   pruned evidence is invalidated and can re...
  [OK]          ledger          1   same-length replacement invalidates evide...
  [OK]          ledger          2   directory fault is a typed read failure.
  [OK]          ledger          3   unreadable evidence cannot reuse cached s...
  [OK]          ledger          4   event queue stimulus and turn reaction ar...
  [OK]          ledger          5   turn finished closes the interval the sta...
  [OK]          ledger          6   unexpected schema rows cannot double-coun...
  [OK]          ledger          7   direct append observer follows persistence.
  [OK]          ledger          8   direct append observer failure is isolated.
  [OK]          ledger          9   quarantine remains keeper-local.
  [OK]          ledger         10   syntax error cannot claim an occurrence i...
  [OK]          ledger         11   missing identity cannot claim an occurren...
  [OK]          ledger         12   current rows require complete writer shape.
  [OK]          ledger         13   unknown record kind is quarantined, not f...
  [OK]          ledger         14   summary marks unreacted and reacted stimuli.
  [OK]          ledger         15   fleet summary follows a degraded keeper.
  [OK]          ledger         16   fleet summary surfaces durable event queu...
  [OK]          ledger         17   fleet summary discovers durable event que...
  [OK]          ledger         18   fleet summary surfaces durable event queu...
  [OK]          ledger         19   fleet summary separates source age from u...
  [OK]          ledger         20   fleet summary surfaces durable event queu...
  [OK]          ledger         21   fleet summary surfaces durable event queu...
  [OK]          ledger         22   lock-free observation rejects generation ...
  [OK]          ledger         23   unknown reaction is quarantined without c...
  [OK]          ledger         24   fusion_completed stimulus is supported (R...
  [OK]          ledger         25   stimulus_kind string round-trip drift guard.
  [OK]          ledger         26   reaction_kind string round-trip drift guard.
  [OK]          ledger         27   reaction evidence batch indexes multiple ...
  [OK]          ledger         28   event id digest is SHA-256.
  [OK]          ledger         29   fleet summary status vocabulary is closed.
  [OK]          ledger         30   repeated evidence reads do not double count.

Full test results in `~/me/workspace/yousleepwhen/masc-godfile-refactor-20261008/_build/_tests/keeper_reaction_ledger'.
Test Successful in 0.055s. 31 tests run.
