Testing `fs_compat'.
This run has ID `U3OAL853'.

  [SKIP]        optional read fallback          0   absence, empty content an...
  [SKIP]        optional read fallback          1   non-directory parent is a...
  [SKIP]        optional read fallback          2   parent permission failure...
  [SKIP]        optional read fallback          3   leaf permission failure i...
  [SKIP]        optional read Eio               0   absence, empty content an...
  [SKIP]        optional read Eio               1   non-directory parent is a...
  [SKIP]        optional read Eio               2   parent permission failure...
  [SKIP]        optional read Eio               3   leaf permission failure i...
  [SKIP]        mkdir_p                         0   creates nested dirs.
  [SKIP]        mkdir_p                         1   no shell injection.
  [SKIP]        remove_tree                     0   no shell injection.
  [SKIP]        remove_tree                     1   unlinks symlink without f...
  [OK]          save_file_atomic                0   leaves no .atomic_ tmp on...
  [OK]          save_file_atomic                1   overwrites existing target.
  [OK]          save_file_atomic                2   returns temp creation fai...
  [OK]          save_file_atomic                3   strict payload unsupporte...
  [OK]          save_file_atomic                4   strict payload cancellati...
  [OK]          save_file_atomic                5   strict parent sync error ...
  [OK]          save_file_atomic                6   strict parent sync cancel...
  [OK]          save_file_atomic                7   commit syscalls run off t...
  [OK]          save_file_atomic                8   streamed replacement pres...
  [OK]          save_file_atomic                9   stream callback failure p...
  [OK]          save_file_atomic               10   stream callback cancellat...
  [OK]          save_file_atomic               11   stream parent sync failur...
  [OK]          save_file_atomic               12   temp writer uses canonica...
  [OK]          save_file_atomic               13   temp writer keeps bytes v...
  [SKIP]        inventory                       0   typed path kind and sorte...
  [SKIP]        inventory                       1   load, save and append agr...
  [SKIP]        owned regular file              0   requested UID checked bef...
  [SKIP]        owned regular file              1   all ancestor identities r...
  [SKIP]        owned regular file              2   Eio systhread and cancell...
  [SKIP]        load_jsonl_diagnostics          0   counts malformed lines.
  [SKIP]        load_jsonl_diagnostics          1   warn includes full path.
  [SKIP]        fold_jsonl_lines                0   small fold sum.
  [SKIP]        fold_jsonl_lines                1   skips blank, surfaces lin...
  [SKIP]        fold_jsonl_lines                2   missing trailing newline.
  [SKIP]        fold_jsonl_lines                3   10k lines stays streaming.
  [SKIP]        fold_jsonl_lines                4   missing file returns init.

Full test results in `~/me/workspace/yousleepwhen/masc-godfile-refactor-20261008/_build/_tests/fs_compat'.
Test Successful in 0.020s. 14 tests run.
