Testing `Lane Add-on worker'.
This run has ID `V422FYVU'.

  [OK]          lifecycle          0   sampling manifest reply minimum.
  [OK]          lifecycle          1   sampling broker reply minimum.
  [OK]          lifecycle          2   canonical missing under external paren...
  [OK]          lifecycle          3   canonical directory under external par...
  [OK]          lifecycle          4   canonical missing under external paren...
  [OK]          lifecycle          5   canonical directory under external par...
  [OK]          lifecycle          6   relative store root blob roundtrip.
  [OK]          lifecycle          7   relative store root sequence roundtrip.
  [OK]          lifecycle          8   sampling publication rejects canonical...
  [OK]          lifecycle          9   sampling publication rejects recovery ...
  [OK]          lifecycle         10   sampling publication rejects root syml...
  [OK]          lifecycle         11   sampling publication requires readable...
  [OK]          lifecycle         12   sampling fallback rejects external sym...
  [OK]          lifecycle         13   sampling fallback rejects external har...
  [OK]          lifecycle         14   sampling reads preserve canonical fail...
  [OK]          lifecycle         15   sampling retention error uses encoded ...
  [OK]          lifecycle         16   sampling blob failure keeps request ev...
  [OK]          lifecycle         17   sampling recovery reports unreadable t...
  [OK]          lifecycle         18   sampling receipt requires durable jour...
  [OK]          lifecycle         19   receipt projection reads shared outcom...
  [OK]          lifecycle         20   sampling terminal recovery and host re...
  [OK]          lifecycle         21   sampling reply bound and ancestor dura...
  [OK]          lifecycle         22   sampling refuses nonfinite retained ev...
  [OK]          lifecycle         23   sampling recovery reports unreadable p...
  [OK]          lifecycle         24   pending sampling recovery syncs reopen...
  [OK]          lifecycle         25   sampling recovery rejects replaced roo...
  [OK]          lifecycle         26   sampling recovery streams bounded reco...
  [OK]          lifecycle         27   known sampling outcomes survive cancel...
  [OK]          lifecycle         28   declared sampling requires the exact h...
  [OK]          lifecycle         29   image preview is read only and preserv...
  [OK]          lifecycle         30   world action and binary artifact ingress.
  [OK]          lifecycle         31   structured observation and exact removal.
  [OK]          lifecycle         32   blocked observation preserves other ow...
  [OK]          lifecycle         33   blocked initialization can detach.
  [OK]          lifecycle         34   resource refusal and bounded response.
  [OK]          lifecycle         35   cleanup failure remains retryable.
  [OK]          lifecycle         36   restart cleanup verifies exact owner.
  [OK]          lifecycle         37   restart recovers without a create rece...
  [OK]          lifecycle         38   deterministic name cannot authorize fo...
  [OK]          lifecycle         39   absence requires a successful Docker q...
  [OK]          lifecycle         40   recovery bounds an unresponsive Docker...
  [OK]          lifecycle         41   lost create response preserves unrelat...
  [OK]          lifecycle         42   created identity precedes blocked insp...

Full test results in `~/me/workspace/yousleepwhen/masc/.worktrees/fix-pr41197-nonempty-refusal-20261005/_build/default/test/_build/_tests/Lane Add-on worker'.
Test Successful in 7.652s. 43 tests run.
