Testing `Lane Add-on worker'.
This run has ID `50R3RBZD'.

  [OK]          lifecycle          0   canonical missing under external paren...
  [OK]          lifecycle          1   canonical directory under external par...
  [OK]          lifecycle          2   canonical missing under external paren...
  [OK]          lifecycle          3   canonical directory under external par...
  [OK]          lifecycle          4   relative store root blob roundtrip.
  [OK]          lifecycle          5   relative store root sequence roundtrip.
  [OK]          lifecycle          6   sampling publication rejects canonical...
  [OK]          lifecycle          7   sampling publication rejects recovery ...
  [OK]          lifecycle          8   sampling publication rejects root syml...
  [OK]          lifecycle          9   sampling publication requires readable...
  [OK]          lifecycle         10   sampling fallback rejects external sym...
  [OK]          lifecycle         11   sampling fallback rejects external har...
  [OK]          lifecycle         12   sampling reads preserve canonical fail...
  [OK]          lifecycle         13   sampling retention error uses encoded ...
  [OK]          lifecycle         14   sampling blob failure keeps request ev...
  [OK]          lifecycle         15   sampling recovery reports unreadable t...
  [OK]          lifecycle         16   sampling receipt requires durable jour...
  [OK]          lifecycle         17   receipt projection reads shared outcom...
  [OK]          lifecycle         18   sampling terminal recovery and host re...
  [OK]          lifecycle         19   sampling reply bound and ancestor dura...
  [OK]          lifecycle         20   sampling refuses nonfinite retained ev...
  [OK]          lifecycle         21   sampling recovery reports unreadable p...
  [OK]          lifecycle         22   pending sampling recovery syncs reopen...
  [OK]          lifecycle         23   sampling recovery rejects replaced roo...
  [OK]          lifecycle         24   sampling recovery streams bounded reco...
  [OK]          lifecycle         25   known sampling outcomes survive cancel...
  [OK]          lifecycle         26   declared sampling requires the exact h...
  [OK]          lifecycle         27   image preview is read only and preserv...
  [OK]          lifecycle         28   world action and binary artifact ingress.
  [OK]          lifecycle         29   structured observation and exact removal.
  [OK]          lifecycle         30   blocked observation preserves other ow...
  [OK]          lifecycle         31   blocked initialization can detach.
  [OK]          lifecycle         32   resource refusal and bounded response.
  [OK]          lifecycle         33   cleanup failure remains retryable.
  [OK]          lifecycle         34   restart cleanup verifies exact owner.
  [OK]          lifecycle         35   restart recovers without a create rece...
  [OK]          lifecycle         36   deterministic name cannot authorize fo...
  [OK]          lifecycle         37   absence requires a successful Docker q...
  [OK]          lifecycle         38   recovery bounds an unresponsive Docker...
  [OK]          lifecycle         39   lost create response preserves unrelat...
  [OK]          lifecycle         40   created identity precedes blocked insp...

Full test results in `~/me/workspace/yousleepwhen/masc/.worktrees/fix-pr40960-canonical-read-root-20261005/_build/default/test/_build/_tests/Lane Add-on worker'.
Test Successful in 7.191s. 41 tests run.
