Testing `TOML cross-Lane composition'.
This run has ID `8NGZ07EO'.

  [SKIP]        world inputs          0   WKBL snapshot and PostToolUse agree...
  [SKIP]        world inputs          1   pending notifications preserve one ...
  [SKIP]        world inputs          2   native Fusion report crosses packag...
  [SKIP]        world inputs          3   namespaced output and oversized wor...
  [SKIP]        world inputs          4   recreated private worker keeps its ...
  [OK]          world inputs          5   admitted declarations survive sourc...
  [OK]          world inputs          6   pending document owner cannot adopt...
  [OK]          world inputs          7   private visibility survives declare...
  [SKIP]        world inputs          8   shared consumer refuses replacement...
  [SKIP]        world inputs          9   host namespace expansion respects t...
  [SKIP]        world inputs         10   configured Fusion capture rechecks ...
  [SKIP]        world inputs         11   operator-attached private Fusion re...
  [SKIP]        world inputs         12   native input history crosses worker...
  [SKIP]        world inputs         13   named output feeds statistics and p...
  [SKIP]        world inputs         14   invalid edited cycle preserves exis...
  [SKIP]        world inputs         15   partial input and replacement prese...
  [SKIP]        world inputs         16   unresolved cleanup invalidates inpu...
  [SKIP]        world inputs         17   installed output crosses with exact...
  [SKIP]        world inputs         18   cycles and other runs do not poison...

Full test results in `~/me/workspace/yousleepwhen/masc-godfile-refactor-20261008/_build/_tests/TOML cross-Lane composition'.
Test Successful in 0.219s. 3 tests run.
