# Shell legacy purge ratchet baseline.
#
# Format: <needle> <max-hit-count>
# Scope: lib/ and test/
# The long-term target for every row is 0. Cleanup PRs may lower these
# counts; no PR may raise them.
tokenize_path_args 0
path_validation_tokens 0
forbidden_shell_chars 0
raw_keeper_bash_shape_block 0
