Testing `tool_blob_store'.
This run has ID `3O8CGMCL'.

  [SKIP]        tool_output round-trip          0   stored.
  [SKIP]        tool_output round-trip          1   trailing bytes after the ...
  [SKIP]        tool_output round-trip          2   normalized artifact refer...
  [SKIP]        tool_output round-trip          3   encoded marker stays unde...
  [SKIP]        tool_output round-trip          4   non-marker = Not_marker.
  [SKIP]        tool_output round-trip          5   malformed = Invalid_marker.
  [SKIP]        blob store basic                0   put returns Stored.
  [SKIP]        blob store basic                1   put then fetch.
  [SKIP]        blob store basic                2   bounded fetch rejects ove...
  [OK]          blob store basic                3   binary previews preserve ...
  [SKIP]        blob store basic                4   put then fetch bounded ra...
  [SKIP]        blob store basic                5   changed range snapshot re...
  [SKIP]        blob store basic                6   fetch range miss = None w...
  [SKIP]        blob store basic                7   cold fetch range validate...
  [SKIP]        blob store basic                8   cancelled queued cold ran...
  [SKIP]        blob store basic                9   cold fetch range returns ...
  [SKIP]        blob store basic               10   range digest window is a ...
  [SKIP]        blob store basic               11   fetch miss = None.
  [SKIP]        blob store basic               12   idempotent put.
  [SKIP]        blob store basic               13   put writes an address aga...
  [SKIP]        blob store basic               14   a range read that finds t...
  [SKIP]        blob store basic               15   a read error at the blob ...
  [SKIP]        blob store basic               16   a durable put does not le...
  [SKIP]        blob store basic               17   sharding layout.
  [SKIP]        gc                              0   maintenance keeps live an...
  [SKIP]        gc                              1   maintenance keeps Board a...
  [SKIP]        gc                              2   maintenance malformed ref...
  [SKIP]        gc                              3   maintenance noncanonical ...
  [SKIP]        gc                              4   maintenance ignores marke...
  [SKIP]        gc                              5   maintenance keeps prepare...
  [SKIP]        gc                              6   maintenance keeps wire-ca...
  [SKIP]        gc                              7   maintenance keeps a clust...
  [SKIP]        gc                              8   maintenance keeps cluster...
  [SKIP]        gc                              9   maintenance collects an u...
  [SKIP]        gc                             10   maintenance rejects a sym...
  [SKIP]        gc                             11   maintenance skips a regul...
  [SKIP]        gc                             12   maintenance rejects a clu...
  [SKIP]        gc                             13   maintenance ignores repos...
  [SKIP]        gc                             14   maintenance ignores traje...
  [SKIP]        gc                             15   maintenance rechecks cand...
  [SKIP]        gc                             16   maintenance keeps normali...
  [SKIP]        gc                             17   maintenance follows typed...
  [SKIP]        gc                             18   maintenance rejects malfo...
  [SKIP]        gc                             19   maintenance malformed nor...
  [SKIP]        gc                             20   maintenance ignores route...
  [SKIP]        gc                             21   maintenance truncated nor...
  [SKIP]        gc                             22   maintenance unlink failur...
  [SKIP]        gc                             23   maintenance rejects symbo...
  [SKIP]        gc                             24   maintenance rejects symbo...
  [SKIP]        gc                             25   maintenance rejects symbo...
  [SKIP]        atomicity                       0   durable recall reuse and ...
  [SKIP]        atomicity                       1   ordinary put is not durab...
  [SKIP]        atomicity                       2   repeated put no dup.
  [SKIP]        atomicity                       3   spaced mime is refused at...
  [SKIP]        atomicity                       4   parameterised mime round-...
  [SKIP]        storage failure                 0   put raises on unwritable ...
  [SKIP]        storage failure                 1   fetch rejects non-regular...
  [SKIP]        storage failure                 2   fetch reports inspection ...
  [SKIP]        storage failure                 3   fetch rejects symbolic-li...
  [SKIP]        storage failure                 4   fetch reports integrity m...
  [SKIP]        storage failure                 5   sha256 rejects path compo...

Full test results in `~/me/workspace/yousleepwhen/masc-godfile-refactor-20261008/_build/_tests/tool_blob_store'.
Test Successful in 0.066s. 1 test run.
