Testing `[1mtui image cache[0m'.
[2mThis run has ID `N40EOJYW'.

[0m  [32m[OK][0m          [36mworkflows[0m          0   a delete during the fetch does not tak...
  [32m[OK][0m          [36mworkflows[0m          1   a delete during the conversion does no...
  [32m[OK][0m          [36mworkflows[0m          2   a refused body never reaches the cache...
  [32m[OK][0m          [36mworkflows[0m          3   mosaic failure retains input and can r...
  [32m[OK][0m          [36mworkflows[0m          4   view retains input when all converters...
  [32m[OK][0m          [36mworkflows[0m          5   explicit retry recovers without backgr...
  [32m[OK][0m          [36mworkflows[0m          6   a direct image retry drops its cached ...
  [32m[OK][0m          [36mworkflows[0m          7   overlapping initial load and retry sha...
  [32m[OK][0m          [36mworkflows[0m          8   failed computation releases its claim.
  [32m[OK][0m          [36mworkflows[0m          9   clear retains pending ownership and di...
  [32m[OK][0m          [36mworkflows[0m         10   partial converter failure uses next co...
  [32m[OK][0m          [36mworkflows[0m         11   explicit refresh replaces refused body.
  [32m[OK][0m          [36mverdict[0m            0   a PNG header is a known image.
  [32m[OK][0m          [36mverdict[0m            1   a JPEG header is a known image.
  [32m[OK][0m          [36mverdict[0m            2   a BMP header is left to the decoder.
  [32m[OK][0m          [36mverdict[0m            3   an AVIF header is left to the decoder.
  [32m[OK][0m          [36mverdict[0m            4   a rate-limit notice is left to the dec...
  [32m[OK][0m          [36mverdict[0m            5   an HTML page is left to the decoder.
  [32m[OK][0m          [36mverdict[0m            6   an empty body is proven not an image.
  [32m[OK][0m          [36mfetch[0m              0   a clean exit with a body is not a fail...
  [32m[OK][0m          [36mfetch[0m              1   a clean exit without a body is a failure.
  [32m[OK][0m          [36mfetch[0m              2   curl exit codes are named.
  [32m[OK][0m          [36mfetch[0m              3   a signal on curl is kept.
  [32m[OK][0m          [36mfetch[0m              4   download error text carries the reason.
  [32m[OK][0m          [36mdecode[0m             0   a clean decode with a frame is not a f...
  [32m[OK][0m          [36mdecode[0m             1   a clean decode without a frame is a fa...
  [32m[OK][0m          [36mdecode[0m             2   a nonzero exit does not diagnose the b...
  [32m[OK][0m          [36mdecode[0m             3   a missing decoder keeps the body.
  [32m[OK][0m          [36mdecode[0m             4   decode failure text carries the reason.

Full test results in `[36m~/me/workspace/yousleepwhen/masc-godfile-refactor-20261008/_build/_tests/tui image cache[0m'.
[32mTest Successful[0m in 10.808s. 29 tests run.
