Testing `tui_keeper_chat_history'.
This run has ID `BXVB0M6W'.

  [OK]          rows                                                  0   rol...
  [OK]          rows                                                  1   a f...
  [OK]          rows                                                  2   a f...
  [OK]          rows                                                  3   a g...
  [OK]          rows                                                  4   a g...
  [OK]          rows                                                  5   a l...
  [OK]          rows                                                  6   an ...
  [OK]          rows                                                  7   a l...
  [OK]          rows                                                  8   a f...
  [OK]          rows                                                  9   run...
  [OK]          rows                                                 10   std...
  [OK]          rows                                                 11   an ...
  [OK]          rows                                                 12   an ...
  [OK]          rows                                                 13   an ...
  [OK]          rows                                                 14   a r...
  [OK]          rows                                                 15   loc...
  [OK]          rows                                                 16   tex...
  [OK]          rows                                                 17   a c...
  [OK]          rows                                                 18   a c...
  [OK]          rows                                                 19   a f...
  [OK]          rows                                                 20   unr...
  [OK]          rows                                                 21   row...
  [OK]          rows                                                 22   nat...
  [OK]          rows                                                 23   row...
  [OK]          rows                                                 24   dif...
  [OK]          rows                                                 25   aut...
  [OK]          rows                                                 26   an ...
  [OK]          rows                                                 27   an ...
  [OK]          rows                                                 28   a s...
  [OK]          rows                                                 29   a w...
  [OK]          rows                                                 30   a d...
  [OK]          rows                                                 31   an ...
  [OK]          rows                                                 32   an ...
  [OK]          rows                                                 33   con...
  [OK]          rows                                                 34   his...
  [OK]          rows                                                 35   spe...
  [OK]          rows                                                 36   the...
  [OK]          rows                                                 37   an ...
  [OK]          rows                                                 38   exa...
  [OK]          rows                                                 39   ser...
  [OK]          rows                                                 40   mis...
  [OK]          rows                                                 41   Ski...
  [OK]          rows                                                 42   a t...
  [OK]          rows                                                 43   an ...
  [OK]          rows                                                 44   pro...
  [OK]          rows                                                 45   a t...
  [OK]          rows                                                 46   ste...
  [OK]          rows                                                 47   a b...
  [OK]          rows                                                 48   a d...
  [OK]          rows                                                 49   a n...
  [OK]          paging                                                0   a p...
  [OK]          paging                                                1   the...
  [OK]          paging                                                2   a m...
  [OK]          paging                                                3   too...
  [OK]          paging                                                4   a n...
  [OK]          paging                                                5   a p...
  [OK]          tolerance                                             0   one...
  [OK]          tolerance                                             1   a n...
  [OK]          tolerance                                             2   a c...
  [OK]          tolerance                                             3   a b...
  [OK]          tolerance                                             4   a c...
  [OK]          tolerance                                             5   a c...
  [OK]          tolerance                                             6   a r...
  [OK]          tolerance                                             7   a m...
  [OK]          tolerance                                             8   a s...
  [OK]          tolerance                                             9   a l...
  [OK]          tolerance                                            10   a r...
  [OK]          tolerance                                            11   a r...
  [OK]          tolerance                                            12   a m...
  [OK]          memory journal                                        0   com...
  [OK]          memory journal                                        1   fai...
  [OK]          memory journal                                        2   cat...
  [OK]          memory journal                                        3   pro...
  [OK]          memory journal                                        4   fai...
  [OK]          memory journal                                        5   unr...
  [OK]          defined but never registered until task-1768          0   sto...

Full test results in `~/me/workspace/yousleepwhen/masc-godfile-refactor-20261008/_build/_tests/tui_keeper_chat_history'.
Test Successful in 0.013s. 76 tests run.
