Testing `TUI Lane package operations'.
This run has ID `DSYT1KJU'.

  [OK]          operator scenarios          0   empty completed results show ...
  [OK]          operator scenarios          1   declared layers use exact con...
  [OK]          operator scenarios          2   current installations and gro...
  [OK]          operator scenarios          3   declared results show body be...
  [OK]          operator scenarios          4   detail keeps installation own...
  [OK]          operator scenarios          5   refresh retains exact operato...
  [OK]          operator scenarios          6   evidence export chooses a Kee...
  [OK]          operator scenarios          7   edit object array items throu...
  [OK]          operator scenarios          8   inspect package and draft sch...
  [OK]          operator scenarios          9   context flow follows declared...
  [OK]          operator scenarios         10   choose advertised action with...
  [OK]          operator scenarios         11   create TOML, conflict, compar...
  [OK]          operator scenarios         12   read invalid existing TOML an...
> [FAIL]        operator scenarios         13   switch drafts and reject mism...
  [OK]          operator scenarios         14   configuration issues, named o...
  [OK]          operator scenarios         15   action identity and unknown o...
  [OK]          operator scenarios         16   metric fields and receipts re...

┌──────────────────────────────────────────────────────────────────────────────┐
│ [FAIL]        operator scenarios         13   switch drafts and reject m...  │
└──────────────────────────────────────────────────────────────────────────────┘
ASSERT switching documents retains both drafts
ASSERT unsubmitted second draft retained
ASSERT another source path cannot replace requested file
ASSERT only one TOML filename
ASSERT only one TOML filename
ASSERT only one TOML filename
ASSERT only one TOML filename
File "list.ml", line 114, character 12:
FAIL only one TOML filename

   Expected: `true'
   Received: `false'

Raised at Alcotest_engine__Test.check in file "src/alcotest-engine/test.ml", lines 216-226, characters 4-19
Called from Stdlib__List.iter in file "list.ml", line 114, characters 12-15
Called from Stdlib__Fun.protect in file "fun.ml", line 34, characters 8-15
Re-raised at Stdlib__Fun.protect in file "fun.ml", line 39, characters 6-52
Called from Alcotest_engine__Core.Make.protect_test.(fun) in file "src/alcotest-engine/core.ml", line 186, characters 17-23
Called from Alcotest_engine__Monad.Identity.catch in file "src/alcotest-engine/monad.ml", line 24, characters 31-35

Logs saved to `~/me/workspace/yousleepwhen/masc/.worktrees/fix-pr41130-parent-sync-20261004/_build/_tests/TUI Lane package operations/operator scenarios.013.output'.
 ──────────────────────────────────────────────────────────────────────────────

Full test results in `~/me/workspace/yousleepwhen/masc/.worktrees/fix-pr41130-parent-sync-20261004/_build/_tests/TUI Lane package operations'.
1 failure! in 0.015s. 17 tests run.
