Testing `TUI Lane package operations'.
This run has ID `7L4840GE'.

  [OK]          operator scenarios          0   empty completed results show ...
  [OK]          operator scenarios          1   declared layers use exact con...
  [OK]          operator scenarios          2   current installations and gro...
  [OK]          operator scenarios          3   declared results show body be...
  [OK]          operator scenarios          4   detail keeps installation own...
  [OK]          operator scenarios          5   refresh retains exact operato...
  [OK]          operator scenarios          6   evidence export chooses a Kee...
  [OK]          operator scenarios          7   edit object array items throu...
  [OK]          operator scenarios          8   inspect package and draft sch...
  [OK]          operator scenarios          9   context flow follows declared...
  [OK]          operator scenarios         10   choose advertised action with...
  [OK]          operator scenarios         11   create TOML, conflict, compar...
  [OK]          operator scenarios         12   read invalid existing TOML an...
  [OK]          operator scenarios         13   switch drafts and reject mism...
  [OK]          operator scenarios         14   configuration issues, named o...
  [OK]          operator scenarios         15   action identity and unknown o...
  [OK]          operator scenarios         16   metric fields and receipts re...

Full test results in `~/me/workspace/yousleepwhen/masc/.worktrees/fix-pr41130-parent-sync-20261004/_build/_tests/TUI Lane package operations'.
Test Successful in 0.016s. 17 tests run.
