Testing `Machine activity draft and save'.
This run has ID `YRRBKCD2'.

  [OK]          operator flow          0   explicit save preserves other mach...
  [OK]          operator flow          1   conflict reapplies activity only.
  [OK]          operator flow          2   fresh read retains and discard res...
  [OK]          operator flow          3   clean draft follows external activ...
  [OK]          operator flow          4   clean draft preserves latest unrel...
  [OK]          operator flow          5   durable draft follows next file wh...
  [OK]          operator flow          6   uncertain drafts need explicit rea...
  [OK]          operator flow          7   clean draft keeps changed-path bou...
  [OK]          operator flow          8   independent machine flags and defa...
  [OK]          operator flow          9   server reading is separate from fi...
  [OK]          operator flow         10   unavailable and malformed input.
  [OK]          operator flow         11   workspace roundtrip ignores old ca...
  [OK]          operator flow         12   unconfirmed write and preview refu...
  [OK]          operator flow         13   changed file path needs discard.
  [OK]          operator flow         14   quoted and multiline table shapes.
  [OK]          operator flow         15   stored setting does not hide appli...

Full test results in `~/me/workspace/yousleepwhen/masc/.worktrees/fix-pr41201-machine-help-integration-20261005/_build/_tests/Machine activity draft and save'.
Test Successful in 0.004s. 16 tests run.
