Testing `Lane Add-on worker'.
This run has ID `I7PCJFSY'.

> [FAIL]        lifecycle          0   bounded sampling root loop returns error.
  [SKIP]        lifecycle          1   cold read preserves optional marked co...
  [SKIP]        lifecycle          2   pending discovery resumes after namesp...
  [SKIP]        lifecycle          3   pending recovery sees two Stores and c...
  [SKIP]        lifecycle          4   pending recovery handles crash and fai...
  [SKIP]        lifecycle          5   pending recovery preserves other names...
  [SKIP]        lifecycle          6   pending discovery separates record and...
  [SKIP]        lifecycle          7   sampling publication rejects canonical...
  [SKIP]        lifecycle          8   sampling publication rejects recovery ...
  [SKIP]        lifecycle          9   sampling publication rejects root syml...
  [SKIP]        lifecycle         10   sampling publication requires readable...
  [SKIP]        lifecycle         11   sampling fallback rejects external sym...
  [SKIP]        lifecycle         12   sampling fallback rejects external har...
  [SKIP]        lifecycle         13   sampling reads preserve canonical fail...
  [SKIP]        lifecycle         14   sampling retention error uses encoded ...
  [SKIP]        lifecycle         15   sampling blob failure keeps request ev...
  [SKIP]        lifecycle         16   sampling recovery reports unreadable t...
  [SKIP]        lifecycle         17   sampling receipt requires durable jour...
  [SKIP]        lifecycle         18   receipt projection reads shared outcom...
  [SKIP]        lifecycle         19   sampling terminal recovery and host re...
  [SKIP]        lifecycle         20   sampling reply bound and ancestor dura...
  [SKIP]        lifecycle         21   sampling bounds actual wire frames.
  [SKIP]        lifecycle         22   sampling refuses nonfinite retained ev...
  [SKIP]        lifecycle         23   sampling recovery reports unreadable p...
  [SKIP]        lifecycle         24   pending sampling recovery syncs reopen...
  [SKIP]        lifecycle         25   sampling recovery rejects replaced roo...
  [SKIP]        lifecycle         26   sampling recovery streams bounded reco...
  [SKIP]        lifecycle         27   known sampling outcomes survive cancel...
  [SKIP]        lifecycle         28   declared sampling requires the exact h...
  [SKIP]        lifecycle         29   image preview is read only and preserv...
  [SKIP]        lifecycle         30   world action and binary artifact ingress.
  [SKIP]        lifecycle         31   structured observation and exact removal.
  [SKIP]        lifecycle         32   blocked observation preserves other ow...
  [SKIP]        lifecycle         33   blocked initialization can detach.
  [SKIP]        lifecycle         34   resource refusal and bounded response.
  [SKIP]        lifecycle         35   cleanup failure remains retryable.
  [SKIP]        lifecycle         36   restart cleanup verifies exact owner.
  [SKIP]        lifecycle         37   restart recovers without a create rece...
  [SKIP]        lifecycle         38   deterministic name cannot authorize fo...
  [SKIP]        lifecycle         39   absence requires a successful Docker q...
  [SKIP]        lifecycle         40   recovery bounds an unresponsive Docker...
  [SKIP]        lifecycle         41   lost create response preserves unrelat...
  [SKIP]        lifecycle         42   created identity precedes blocked insp...

┌──────────────────────────────────────────────────────────────────────────────┐
│ [FAIL]        lifecycle          0   bounded sampling root loop returns ...  │
└──────────────────────────────────────────────────────────────────────────────┘
[exception] Unix.Unix_error(Unix.ELOOP, "lstat", "/var/folders/bv/cjrbl01x52s6j80krdfb63400000gp/T/lane-worker-94811a.fixture/bounded-root-loop/retained")
            Raised by primitive operation at Fs_compat.exact_path_kind.(fun) in file "lib/fs_compat/fs_compat.ml", line 668, characters 55-70
            Called from Masc__Lane_addon_store.load_sampling_request_bounded_with in file "lib/lane_addon/lane_addon_store.ml", line 738, characters 8-54
            Called from Dune__exe__Test_lane_addon_worker.test_sampling_bounded_root_loop_is_error.(fun) in file "test/test_lane_addon_worker.ml", lines 2023-2024, characters 10-69
            Called from Stdlib__Fun.protect in file "fun.ml", line 34, characters 8-15
            Re-raised at Stdlib__Fun.protect in file "fun.ml", line 39, characters 6-52
            Called from Eio__core__Switch.run_internal in file "lib_eio/core/switch.ml", line 133, characters 8-12
            Re-raised at Eio__core__Switch.maybe_raise_exs in file "lib_eio/core/switch.ml", line 119, characters 21-56
            Called from Eio__core__Switch.run_internal in file "lib_eio/core/switch.ml", line 149, characters 4-21
            Called from Eio__core__Cancel.with_cc in file "lib_eio/core/cancel.ml", line 118, characters 8-12
            Re-raised at Eio__core__Cancel.with_cc in file "lib_eio/core/cancel.ml", line 120, characters 50-58
            Called from Eio__core__Fiber.any_gen.(fun).wrap in file "lib_eio/core/fiber.ml", line 113, characters 16-20
            Re-raised at Eio__core__Fiber.any_gen in file "lib_eio/core/fiber.ml", line 155, characters 25-60
            Called from Eio_posix__Sched.with_op in file "lib_eio_posix/sched.ml", line 318, characters 8-12
            Re-raised at Eio_posix__Sched.with_op in file "lib_eio_posix/sched.ml", line 324, characters 4-12
            Called from Eio_posix__Sched.run.(fun) in file "lib_eio_posix/sched.ml", line 386, characters 29-47
            Called from Eio_unix__Thread_pool.run in file "lib_eio/unix/thread_pool.ml", line 108, characters 8-13
            Re-raised at Eio_unix__Thread_pool.run in file "lib_eio/unix/thread_pool.ml", line 113, characters 4-39
            Re-raised at Eio_posix__Sched.run.fork.(fun) in file "lib_eio_posix/sched.ml", line 342, characters 12-76
            Called from Stdlib__Fun.protect in file "fun.ml", line 34, characters 8-15
            Re-raised at Stdlib__Fun.protect in file "fun.ml", line 39, characters 6-52
            Called from Eio_posix__Sched.run in file "lib_eio_posix/sched.ml", lines 381-388, characters 4-9
            Called from Eio_posix__Sched.with_sched in file "lib_eio_posix/sched.ml", line 258, characters 8-12
            Re-raised at Eio_posix__Sched.with_sched in file "lib_eio_posix/sched.ml", line 263, characters 4-39
            Called from Stdlib__Fun.protect in file "fun.ml", line 34, characters 8-15
            Re-raised at Stdlib__Fun.protect in file "fun.ml", line 39, characters 6-52
            Called from Alcotest_engine__Core.Make.protect_test.(fun) in file "src/alcotest-engine/core.ml", line 186, characters 17-23
            Called from Alcotest_engine__Monad.Identity.catch in file "src/alcotest-engine/monad.ml", line 24, characters 31-35
            
Logs saved to `~/me/workspace/yousleepwhen/masc/.worktrees/fix-pr41033-pending-recovery-index-20261005/_build/_tests/Lane Add-on worker/lifecycle.000.output'.
 ──────────────────────────────────────────────────────────────────────────────

Full test results in `~/me/workspace/yousleepwhen/masc/.worktrees/fix-pr41033-pending-recovery-index-20261005/_build/_tests/Lane Add-on worker'.
1 failure! in 0.002s. 1 test run.
